-- Install configuration: ""
-- Up-to-date: /home/orangepi/wheel_robot/install/wheel_legged_urdf_pkg/share/wheel_legged_urdf_pkg/config
-- Up-to-date: /home/orangepi/wheel_robot/install/wheel_legged_urdf_pkg/share/wheel_legged_urdf_pkg/config/display.rviz
-- Up-to-date: /home/orangepi/wheel_robot/install/wheel_legged_urdf_pkg/share/wheel_legged_urdf_pkg/config/joint_names_wheel_legged_urdf_pkg.yaml
-- Up-to-date: /home/orangepi/wheel_robot/install/wheel_legged_urdf_pkg/share/wheel_legged_urdf_pkg/launch
-- Up-to-date: /home/orangepi/wheel_robot/install/wheel_legged_urdf_pkg/share/wheel_legged_urdf_pkg/launch/gazebo.launch
-- Up-to-date: /home/orangepi/wheel_robot/install/wheel_legged_urdf_pkg/share/wheel_legged_urdf_pkg/launch/display.launch.py
-- Up-to-date: /home/orangepi/wheel_robot/install/wheel_legged_urdf_pkg/share/wheel_legged_urdf_pkg/launch/display.launch
-- Up-to-date: /home/orangepi/wheel_robot/install/wheel_legged_urdf_pkg/share/wheel_legged_urdf_pkg/meshes
-- Up-to-date: /home/orangepi/wheel_robot/install/wheel_legged_urdf_pkg/share/wheel_legged_urdf_pkg/meshes/left_back_motor_link.STL
-- Up-to-date: /home/orangepi/wheel_robot/install/wheel_legged_urdf_pkg/share/wheel_legged_urdf_pkg/meshes/right_back_motor_link.STL
-- Up-to-date: /home/orangepi/wheel_robot/install/wheel_legged_urdf_pkg/share/wheel_legged_urdf_pkg/meshes/right_l1_link.STL
-- Up-to-date: /home/orangepi/wheel_robot/install/wheel_legged_urdf_pkg/share/wheel_legged_urdf_pkg/meshes/imu_link.STL
-- Up-to-date: /home/orangepi/wheel_robot/install/wheel_legged_urdf_pkg/share/wheel_legged_urdf_pkg/meshes/base_link.STL
-- Up-to-date: /home/orangepi/wheel_robot/install/wheel_legged_urdf_pkg/share/wheel_legged_urdf_pkg/meshes/right_l3_link.STL
-- Up-to-date: /home/orangepi/wheel_robot/install/wheel_legged_urdf_pkg/share/wheel_legged_urdf_pkg/meshes/left_wheel_motor_link.STL
-- Up-to-date: /home/orangepi/wheel_robot/install/wheel_legged_urdf_pkg/share/wheel_legged_urdf_pkg/meshes/right_front_motor_link.STL
-- Up-to-date: /home/orangepi/wheel_robot/install/wheel_legged_urdf_pkg/share/wheel_legged_urdf_pkg/meshes/lidar_link.STL
-- Up-to-date: /home/orangepi/wheel_robot/install/wheel_legged_urdf_pkg/share/wheel_legged_urdf_pkg/meshes/right_l4_link.STL
-- Up-to-date: /home/orangepi/wheel_robot/install/wheel_legged_urdf_pkg/share/wheel_legged_urdf_pkg/meshes/left_l4_link.STL
-- Up-to-date: /home/orangepi/wheel_robot/install/wheel_legged_urdf_pkg/share/wheel_legged_urdf_pkg/meshes/left_front_motor_link.STL
-- Up-to-date: /home/orangepi/wheel_robot/install/wheel_legged_urdf_pkg/share/wheel_legged_urdf_pkg/meshes/right_wheel_motor_link.STL
-- Up-to-date: /home/orangepi/wheel_robot/install/wheel_legged_urdf_pkg/share/wheel_legged_urdf_pkg/meshes/left_l3_link.STL
-- Up-to-date: /home/orangepi/wheel_robot/install/wheel_legged_urdf_pkg/share/wheel_legged_urdf_pkg/meshes/left_l1_link.STL
-- Up-to-date: /home/orangepi/wheel_robot/install/wheel_legged_urdf_pkg/share/wheel_legged_urdf_pkg/urdf
-- Up-to-date: /home/orangepi/wheel_robot/install/wheel_legged_urdf_pkg/share/wheel_legged_urdf_pkg/urdf/wheel_legged_urdf_pkg.urdf
-- Up-to-date: /home/orangepi/wheel_robot/install/wheel_legged_urdf_pkg/share/wheel_legged_urdf_pkg/urdf/wheel_legged_urdf_pkg.csv
-- Up-to-date: /home/orangepi/wheel_robot/install/wheel_legged_urdf_pkg/share/ament_index/resource_index/package_run_dependencies/wheel_legged_urdf_pkg
-- Up-to-date: /home/orangepi/wheel_robot/install/wheel_legged_urdf_pkg/share/ament_index/resource_index/parent_prefix_path/wheel_legged_urdf_pkg
-- Up-to-date: /home/orangepi/wheel_robot/install/wheel_legged_urdf_pkg/share/wheel_legged_urdf_pkg/environment/ament_prefix_path.sh
-- Up-to-date: /home/orangepi/wheel_robot/install/wheel_legged_urdf_pkg/share/wheel_legged_urdf_pkg/environment/ament_prefix_path.dsv
-- Up-to-date: /home/orangepi/wheel_robot/install/wheel_legged_urdf_pkg/share/wheel_legged_urdf_pkg/environment/path.sh
-- Up-to-date: /home/orangepi/wheel_robot/install/wheel_legged_urdf_pkg/share/wheel_legged_urdf_pkg/environment/path.dsv
-- Up-to-date: /home/orangepi/wheel_robot/install/wheel_legged_urdf_pkg/share/wheel_legged_urdf_pkg/local_setup.bash
-- Up-to-date: /home/orangepi/wheel_robot/install/wheel_legged_urdf_pkg/share/wheel_legged_urdf_pkg/local_setup.sh
-- Up-to-date: /home/orangepi/wheel_robot/install/wheel_legged_urdf_pkg/share/wheel_legged_urdf_pkg/local_setup.zsh
-- Up-to-date: /home/orangepi/wheel_robot/install/wheel_legged_urdf_pkg/share/wheel_legged_urdf_pkg/local_setup.dsv
-- Installing: /home/orangepi/wheel_robot/install/wheel_legged_urdf_pkg/share/wheel_legged_urdf_pkg/package.dsv
-- Up-to-date: /home/orangepi/wheel_robot/install/wheel_legged_urdf_pkg/share/ament_index/resource_index/packages/wheel_legged_urdf_pkg
-- Up-to-date: /home/orangepi/wheel_robot/install/wheel_legged_urdf_pkg/share/wheel_legged_urdf_pkg/cmake/wheel_legged_urdf_pkgConfig.cmake
-- Up-to-date: /home/orangepi/wheel_robot/install/wheel_legged_urdf_pkg/share/wheel_legged_urdf_pkg/cmake/wheel_legged_urdf_pkgConfig-version.cmake
-- Up-to-date: /home/orangepi/wheel_robot/install/wheel_legged_urdf_pkg/share/wheel_legged_urdf_pkg/package.xml
