[35m[1mConsolidate compiler generated dependencies of target motor_temperature_pkg__rosidl_generator_c[0m
[  3%] Built target motor_temperature_pkg__cpp
[  6%] Built target motor_temperature_pkg__rs
[  6%] Built target ament_cmake_python_copy_motor_temperature_pkg
[ 15%] Built target motor_temperature_pkg__rosidl_generator_c
[35m[1mConsolidate compiler generated dependencies of target motor_temperature_pkg__rosidl_typesupport_cpp[0m
[35m[1mConsolidate compiler generated dependencies of target motor_temperature_pkg__rosidl_typesupport_introspection_cpp[0m
[35m[1mConsolidate compiler generated dependencies of target motor_temperature_pkg__rosidl_typesupport_fastrtps_cpp[0m
[35m[1mConsolidate compiler generated dependencies of target motor_temperature_pkg__rosidl_typesupport_introspection_c[0m
[35m[1mConsolidate compiler generated dependencies of target motor_temperature_pkg__rosidl_typesupport_c[0m
[35m[1mConsolidate compiler generated dependencies of target motor_temperature_pkg__rosidl_typesupport_fastrtps_c[0m
[ 25%] Built target motor_temperature_pkg__rosidl_typesupport_cpp
[ 34%] Built target motor_temperature_pkg__rosidl_typesupport_introspection_cpp
[ 43%] Built target motor_temperature_pkg__rosidl_typesupport_c
[ 53%] Built target motor_temperature_pkg__rosidl_typesupport_introspection_c
[ 62%] Built target motor_temperature_pkg__rosidl_typesupport_fastrtps_cpp
[ 71%] Built target motor_temperature_pkg__rosidl_typesupport_fastrtps_c
[ 71%] Built target motor_temperature_pkg
[ 75%] Built target motor_temperature_pkg__py
[35m[1mConsolidate compiler generated dependencies of target motor_temperature_pkg__rosidl_generator_py[0m
[ 81%] Built target motor_temperature_pkg__rosidl_generator_py
[35m[1mConsolidate compiler generated dependencies of target motor_temperature_pkg__rosidl_typesupport_c__pyext[0m
[35m[1mConsolidate compiler generated dependencies of target motor_temperature_pkg__rosidl_typesupport_fastrtps_c__pyext[0m
[35m[1mConsolidate compiler generated dependencies of target motor_temperature_pkg__rosidl_typesupport_introspection_c__pyext[0m
[ 87%] Built target motor_temperature_pkg__rosidl_typesupport_c__pyext
[ 93%] Built target motor_temperature_pkg__rosidl_typesupport_fastrtps_c__pyext
[100%] Built target motor_temperature_pkg__rosidl_typesupport_introspection_c__pyext
running egg_info
writing motor_temperature_pkg.egg-info/PKG-INFO
writing dependency_links to motor_temperature_pkg.egg-info/dependency_links.txt
writing top-level names to motor_temperature_pkg.egg-info/top_level.txt
reading manifest file 'motor_temperature_pkg.egg-info/SOURCES.txt'
writing manifest file 'motor_temperature_pkg.egg-info/SOURCES.txt'
[100%] Built target ament_cmake_python_build_motor_temperature_pkg_egg
-- Install configuration: ""
-- Up-to-date: /home/orangepi/wheel_robot/install/motor_temperature_pkg/share/ament_index/resource_index/rosidl_interfaces/motor_temperature_pkg
-- Up-to-date: /home/orangepi/wheel_robot/install/motor_temperature_pkg/include/motor_temperature_pkg/motor_temperature_pkg
-- Up-to-date: /home/orangepi/wheel_robot/install/motor_temperature_pkg/include/motor_temperature_pkg/motor_temperature_pkg/msg
-- Up-to-date: /home/orangepi/wheel_robot/install/motor_temperature_pkg/include/motor_temperature_pkg/motor_temperature_pkg/msg/rosidl_generator_c__visibility_control.h
-- Up-to-date: /home/orangepi/wheel_robot/install/motor_temperature_pkg/include/motor_temperature_pkg/motor_temperature_pkg/msg/detail
-- Up-to-date: /home/orangepi/wheel_robot/install/motor_temperature_pkg/include/motor_temperature_pkg/motor_temperature_pkg/msg/detail/motor_temperatures__functions.h
-- Up-to-date: /home/orangepi/wheel_robot/install/motor_temperature_pkg/include/motor_temperature_pkg/motor_temperature_pkg/msg/detail/motor_temperatures__functions.c
-- Up-to-date: /home/orangepi/wheel_robot/install/motor_temperature_pkg/include/motor_temperature_pkg/motor_temperature_pkg/msg/detail/motor_temperatures__type_support.h
-- Up-to-date: /home/orangepi/wheel_robot/install/motor_temperature_pkg/include/motor_temperature_pkg/motor_temperature_pkg/msg/detail/motor_temperatures__struct.h
-- Up-to-date: /home/orangepi/wheel_robot/install/motor_temperature_pkg/include/motor_temperature_pkg/motor_temperature_pkg/msg/motor_temperatures.h
-- Up-to-date: /home/orangepi/wheel_robot/install/motor_temperature_pkg/share/motor_temperature_pkg/environment/library_path.sh
-- Up-to-date: /home/orangepi/wheel_robot/install/motor_temperature_pkg/share/motor_temperature_pkg/environment/library_path.dsv
-- Up-to-date: /home/orangepi/wheel_robot/install/motor_temperature_pkg/lib/libmotor_temperature_pkg__rosidl_generator_c.so
-- Up-to-date: /home/orangepi/wheel_robot/install/motor_temperature_pkg/include/motor_temperature_pkg/motor_temperature_pkg
-- Up-to-date: /home/orangepi/wheel_robot/install/motor_temperature_pkg/include/motor_temperature_pkg/motor_temperature_pkg/msg
-- Up-to-date: /home/orangepi/wheel_robot/install/motor_temperature_pkg/include/motor_temperature_pkg/motor_temperature_pkg/msg/rosidl_typesupport_fastrtps_c__visibility_control.h
-- Up-to-date: /home/orangepi/wheel_robot/install/motor_temperature_pkg/include/motor_temperature_pkg/motor_temperature_pkg/msg/detail
-- Up-to-date: /home/orangepi/wheel_robot/install/motor_temperature_pkg/include/motor_temperature_pkg/motor_temperature_pkg/msg/detail/motor_temperatures__rosidl_typesupport_fastrtps_c.h
-- Up-to-date: /home/orangepi/wheel_robot/install/motor_temperature_pkg/lib/libmotor_temperature_pkg__rosidl_typesupport_fastrtps_c.so
-- Up-to-date: /home/orangepi/wheel_robot/install/motor_temperature_pkg/include/motor_temperature_pkg/motor_temperature_pkg
-- Up-to-date: /home/orangepi/wheel_robot/install/motor_temperature_pkg/include/motor_temperature_pkg/motor_temperature_pkg/msg
-- Up-to-date: /home/orangepi/wheel_robot/install/motor_temperature_pkg/include/motor_temperature_pkg/motor_temperature_pkg/msg/rosidl_typesupport_introspection_c__visibility_control.h
-- Up-to-date: /home/orangepi/wheel_robot/install/motor_temperature_pkg/include/motor_temperature_pkg/motor_temperature_pkg/msg/detail
-- Up-to-date: /home/orangepi/wheel_robot/install/motor_temperature_pkg/include/motor_temperature_pkg/motor_temperature_pkg/msg/detail/motor_temperatures__type_support.c
-- Up-to-date: /home/orangepi/wheel_robot/install/motor_temperature_pkg/include/motor_temperature_pkg/motor_temperature_pkg/msg/detail/motor_temperatures__rosidl_typesupport_introspection_c.h
-- Up-to-date: /home/orangepi/wheel_robot/install/motor_temperature_pkg/lib/libmotor_temperature_pkg__rosidl_typesupport_introspection_c.so
-- Up-to-date: /home/orangepi/wheel_robot/install/motor_temperature_pkg/lib/libmotor_temperature_pkg__rosidl_typesupport_c.so
-- Up-to-date: /home/orangepi/wheel_robot/install/motor_temperature_pkg/include/motor_temperature_pkg/motor_temperature_pkg
-- Up-to-date: /home/orangepi/wheel_robot/install/motor_temperature_pkg/include/motor_temperature_pkg/motor_temperature_pkg/msg
-- Up-to-date: /home/orangepi/wheel_robot/install/motor_temperature_pkg/include/motor_temperature_pkg/motor_temperature_pkg/msg/rosidl_generator_cpp__visibility_control.hpp
-- Up-to-date: /home/orangepi/wheel_robot/install/motor_temperature_pkg/include/motor_temperature_pkg/motor_temperature_pkg/msg/motor_temperatures.hpp
-- Up-to-date: /home/orangepi/wheel_robot/install/motor_temperature_pkg/include/motor_temperature_pkg/motor_temperature_pkg/msg/detail
-- Up-to-date: /home/orangepi/wheel_robot/install/motor_temperature_pkg/include/motor_temperature_pkg/motor_temperature_pkg/msg/detail/motor_temperatures__struct.hpp
-- Up-to-date: /home/orangepi/wheel_robot/install/motor_temperature_pkg/include/motor_temperature_pkg/motor_temperature_pkg/msg/detail/motor_temperatures__builder.hpp
-- Up-to-date: /home/orangepi/wheel_robot/install/motor_temperature_pkg/include/motor_temperature_pkg/motor_temperature_pkg/msg/detail/motor_temperatures__traits.hpp
-- Up-to-date: /home/orangepi/wheel_robot/install/motor_temperature_pkg/include/motor_temperature_pkg/motor_temperature_pkg/msg/detail/motor_temperatures__type_support.hpp
-- Up-to-date: /home/orangepi/wheel_robot/install/motor_temperature_pkg/include/motor_temperature_pkg/motor_temperature_pkg
-- Up-to-date: /home/orangepi/wheel_robot/install/motor_temperature_pkg/include/motor_temperature_pkg/motor_temperature_pkg/msg
-- Up-to-date: /home/orangepi/wheel_robot/install/motor_temperature_pkg/include/motor_temperature_pkg/motor_temperature_pkg/msg/rosidl_typesupport_fastrtps_cpp__visibility_control.h
-- Up-to-date: /home/orangepi/wheel_robot/install/motor_temperature_pkg/include/motor_temperature_pkg/motor_temperature_pkg/msg/detail
-- Up-to-date: /home/orangepi/wheel_robot/install/motor_temperature_pkg/include/motor_temperature_pkg/motor_temperature_pkg/msg/detail/dds_fastrtps
-- Up-to-date: /home/orangepi/wheel_robot/install/motor_temperature_pkg/include/motor_temperature_pkg/motor_temperature_pkg/msg/detail/motor_temperatures__rosidl_typesupport_fastrtps_cpp.hpp
-- Up-to-date: /home/orangepi/wheel_robot/install/motor_temperature_pkg/lib/libmotor_temperature_pkg__rosidl_typesupport_fastrtps_cpp.so
-- Up-to-date: /home/orangepi/wheel_robot/install/motor_temperature_pkg/include/motor_temperature_pkg/motor_temperature_pkg
-- Up-to-date: /home/orangepi/wheel_robot/install/motor_temperature_pkg/include/motor_temperature_pkg/motor_temperature_pkg/msg
-- Up-to-date: /home/orangepi/wheel_robot/install/motor_temperature_pkg/include/motor_temperature_pkg/motor_temperature_pkg/msg/detail
-- Up-to-date: /home/orangepi/wheel_robot/install/motor_temperature_pkg/include/motor_temperature_pkg/motor_temperature_pkg/msg/detail/motor_temperatures__type_support.cpp
-- Up-to-date: /home/orangepi/wheel_robot/install/motor_temperature_pkg/include/motor_temperature_pkg/motor_temperature_pkg/msg/detail/motor_temperatures__rosidl_typesupport_introspection_cpp.hpp
-- Up-to-date: /home/orangepi/wheel_robot/install/motor_temperature_pkg/lib/libmotor_temperature_pkg__rosidl_typesupport_introspection_cpp.so
-- Up-to-date: /home/orangepi/wheel_robot/install/motor_temperature_pkg/lib/libmotor_temperature_pkg__rosidl_typesupport_cpp.so
-- Up-to-date: /home/orangepi/wheel_robot/install/motor_temperature_pkg/share/motor_temperature_pkg/environment/pythonpath.sh
-- Up-to-date: /home/orangepi/wheel_robot/install/motor_temperature_pkg/share/motor_temperature_pkg/environment/pythonpath.dsv
-- Up-to-date: /home/orangepi/wheel_robot/install/motor_temperature_pkg/local/lib/python3.10/dist-packages/motor_temperature_pkg-0.1.0-py3.10.egg-info
-- Installing: /home/orangepi/wheel_robot/install/motor_temperature_pkg/local/lib/python3.10/dist-packages/motor_temperature_pkg-0.1.0-py3.10.egg-info/top_level.txt
-- Installing: /home/orangepi/wheel_robot/install/motor_temperature_pkg/local/lib/python3.10/dist-packages/motor_temperature_pkg-0.1.0-py3.10.egg-info/SOURCES.txt
-- Installing: /home/orangepi/wheel_robot/install/motor_temperature_pkg/local/lib/python3.10/dist-packages/motor_temperature_pkg-0.1.0-py3.10.egg-info/dependency_links.txt
-- Installing: /home/orangepi/wheel_robot/install/motor_temperature_pkg/local/lib/python3.10/dist-packages/motor_temperature_pkg-0.1.0-py3.10.egg-info/PKG-INFO
-- Up-to-date: /home/orangepi/wheel_robot/install/motor_temperature_pkg/local/lib/python3.10/dist-packages/motor_temperature_pkg
-- Up-to-date: /home/orangepi/wheel_robot/install/motor_temperature_pkg/local/lib/python3.10/dist-packages/motor_temperature_pkg/libmotor_temperature_pkg__rosidl_generator_py.so
-- Up-to-date: /home/orangepi/wheel_robot/install/motor_temperature_pkg/local/lib/python3.10/dist-packages/motor_temperature_pkg/__init__.py
-- Up-to-date: /home/orangepi/wheel_robot/install/motor_temperature_pkg/local/lib/python3.10/dist-packages/motor_temperature_pkg/_motor_temperature_pkg_s.ep.rosidl_typesupport_c.c
-- Up-to-date: /home/orangepi/wheel_robot/install/motor_temperature_pkg/local/lib/python3.10/dist-packages/motor_temperature_pkg/msg
-- Up-to-date: /home/orangepi/wheel_robot/install/motor_temperature_pkg/local/lib/python3.10/dist-packages/motor_temperature_pkg/msg/_motor_temperatures_s.c
-- Up-to-date: /home/orangepi/wheel_robot/install/motor_temperature_pkg/local/lib/python3.10/dist-packages/motor_temperature_pkg/msg/__init__.py
-- Up-to-date: /home/orangepi/wheel_robot/install/motor_temperature_pkg/local/lib/python3.10/dist-packages/motor_temperature_pkg/msg/_motor_temperatures.py
-- Up-to-date: /home/orangepi/wheel_robot/install/motor_temperature_pkg/local/lib/python3.10/dist-packages/motor_temperature_pkg/motor_temperature_pkg_s__rosidl_typesupport_fastrtps_c.cpython-310-aarch64-linux-gnu.so
-- Up-to-date: /home/orangepi/wheel_robot/install/motor_temperature_pkg/local/lib/python3.10/dist-packages/motor_temperature_pkg/_motor_temperature_pkg_s.ep.rosidl_typesupport_introspection_c.c
-- Up-to-date: /home/orangepi/wheel_robot/install/motor_temperature_pkg/local/lib/python3.10/dist-packages/motor_temperature_pkg/motor_temperature_pkg_s__rosidl_typesupport_c.cpython-310-aarch64-linux-gnu.so
-- Up-to-date: /home/orangepi/wheel_robot/install/motor_temperature_pkg/local/lib/python3.10/dist-packages/motor_temperature_pkg/motor_temperature_pkg_s__rosidl_typesupport_introspection_c.cpython-310-aarch64-linux-gnu.so
-- Up-to-date: /home/orangepi/wheel_robot/install/motor_temperature_pkg/local/lib/python3.10/dist-packages/motor_temperature_pkg/_motor_temperature_pkg_s.ep.rosidl_typesupport_fastrtps_c.c
Listing '/home/orangepi/wheel_robot/install/motor_temperature_pkg/local/lib/python3.10/dist-packages/motor_temperature_pkg'...
Listing '/home/orangepi/wheel_robot/install/motor_temperature_pkg/local/lib/python3.10/dist-packages/motor_temperature_pkg/msg'...
-- Up-to-date: /home/orangepi/wheel_robot/install/motor_temperature_pkg/local/lib/python3.10/dist-packages/motor_temperature_pkg/motor_temperature_pkg_s__rosidl_typesupport_fastrtps_c.cpython-310-aarch64-linux-gnu.so
-- Up-to-date: /home/orangepi/wheel_robot/install/motor_temperature_pkg/local/lib/python3.10/dist-packages/motor_temperature_pkg/motor_temperature_pkg_s__rosidl_typesupport_introspection_c.cpython-310-aarch64-linux-gnu.so
-- Up-to-date: /home/orangepi/wheel_robot/install/motor_temperature_pkg/local/lib/python3.10/dist-packages/motor_temperature_pkg/motor_temperature_pkg_s__rosidl_typesupport_c.cpython-310-aarch64-linux-gnu.so
-- Up-to-date: /home/orangepi/wheel_robot/install/motor_temperature_pkg/lib/libmotor_temperature_pkg__rosidl_generator_py.so
-- Up-to-date: /home/orangepi/wheel_robot/install/motor_temperature_pkg/share/ament_index/resource_index/rust_packages/motor_temperature_pkg
-- Up-to-date: /home/orangepi/wheel_robot/install/motor_temperature_pkg/share/motor_temperature_pkg/rust
-- Up-to-date: /home/orangepi/wheel_robot/install/motor_temperature_pkg/share/motor_temperature_pkg/rust/Cargo.toml
-- Up-to-date: /home/orangepi/wheel_robot/install/motor_temperature_pkg/share/motor_temperature_pkg/rust/src
-- Up-to-date: /home/orangepi/wheel_robot/install/motor_temperature_pkg/share/motor_temperature_pkg/rust/src/msg.rs
-- Up-to-date: /home/orangepi/wheel_robot/install/motor_temperature_pkg/share/motor_temperature_pkg/rust/src/msg
-- Up-to-date: /home/orangepi/wheel_robot/install/motor_temperature_pkg/share/motor_temperature_pkg/rust/src/msg/rmw.rs
-- Up-to-date: /home/orangepi/wheel_robot/install/motor_temperature_pkg/share/motor_temperature_pkg/rust/src/lib.rs
-- Up-to-date: /home/orangepi/wheel_robot/install/motor_temperature_pkg/share/motor_temperature_pkg/rust/build.rs
-- Up-to-date: /home/orangepi/wheel_robot/install/motor_temperature_pkg/share/motor_temperature_pkg/msg/MotorTemperatures.idl
-- Up-to-date: /home/orangepi/wheel_robot/install/motor_temperature_pkg/share/motor_temperature_pkg/msg/MotorTemperatures.msg
-- Up-to-date: /home/orangepi/wheel_robot/install/motor_temperature_pkg/lib/motor_temperature_pkg/motor_temperature_monitor
-- Up-to-date: /home/orangepi/wheel_robot/install/motor_temperature_pkg/share/ament_index/resource_index/package_run_dependencies/motor_temperature_pkg
-- Up-to-date: /home/orangepi/wheel_robot/install/motor_temperature_pkg/share/ament_index/resource_index/parent_prefix_path/motor_temperature_pkg
-- Up-to-date: /home/orangepi/wheel_robot/install/motor_temperature_pkg/share/motor_temperature_pkg/environment/ament_prefix_path.sh
-- Up-to-date: /home/orangepi/wheel_robot/install/motor_temperature_pkg/share/motor_temperature_pkg/environment/ament_prefix_path.dsv
-- Up-to-date: /home/orangepi/wheel_robot/install/motor_temperature_pkg/share/motor_temperature_pkg/environment/path.sh
-- Up-to-date: /home/orangepi/wheel_robot/install/motor_temperature_pkg/share/motor_temperature_pkg/environment/path.dsv
-- Up-to-date: /home/orangepi/wheel_robot/install/motor_temperature_pkg/share/motor_temperature_pkg/local_setup.bash
-- Up-to-date: /home/orangepi/wheel_robot/install/motor_temperature_pkg/share/motor_temperature_pkg/local_setup.sh
-- Up-to-date: /home/orangepi/wheel_robot/install/motor_temperature_pkg/share/motor_temperature_pkg/local_setup.zsh
-- Up-to-date: /home/orangepi/wheel_robot/install/motor_temperature_pkg/share/motor_temperature_pkg/local_setup.dsv
-- Installing: /home/orangepi/wheel_robot/install/motor_temperature_pkg/share/motor_temperature_pkg/package.dsv
-- Up-to-date: /home/orangepi/wheel_robot/install/motor_temperature_pkg/share/ament_index/resource_index/packages/motor_temperature_pkg
-- Up-to-date: /home/orangepi/wheel_robot/install/motor_temperature_pkg/share/motor_temperature_pkg/cmake/export_motor_temperature_pkg__rosidl_generator_cExport.cmake
-- Up-to-date: /home/orangepi/wheel_robot/install/motor_temperature_pkg/share/motor_temperature_pkg/cmake/export_motor_temperature_pkg__rosidl_generator_cExport-noconfig.cmake
-- Up-to-date: /home/orangepi/wheel_robot/install/motor_temperature_pkg/share/motor_temperature_pkg/cmake/export_motor_temperature_pkg__rosidl_typesupport_fastrtps_cExport.cmake
-- Up-to-date: /home/orangepi/wheel_robot/install/motor_temperature_pkg/share/motor_temperature_pkg/cmake/export_motor_temperature_pkg__rosidl_typesupport_fastrtps_cExport-noconfig.cmake
-- Up-to-date: /home/orangepi/wheel_robot/install/motor_temperature_pkg/share/motor_temperature_pkg/cmake/motor_temperature_pkg__rosidl_typesupport_introspection_cExport.cmake
-- Up-to-date: /home/orangepi/wheel_robot/install/motor_temperature_pkg/share/motor_temperature_pkg/cmake/motor_temperature_pkg__rosidl_typesupport_introspection_cExport-noconfig.cmake
-- Up-to-date: /home/orangepi/wheel_robot/install/motor_temperature_pkg/share/motor_temperature_pkg/cmake/motor_temperature_pkg__rosidl_typesupport_cExport.cmake
-- Up-to-date: /home/orangepi/wheel_robot/install/motor_temperature_pkg/share/motor_temperature_pkg/cmake/motor_temperature_pkg__rosidl_typesupport_cExport-noconfig.cmake
-- Up-to-date: /home/orangepi/wheel_robot/install/motor_temperature_pkg/share/motor_temperature_pkg/cmake/export_motor_temperature_pkg__rosidl_generator_cppExport.cmake
-- Up-to-date: /home/orangepi/wheel_robot/install/motor_temperature_pkg/share/motor_temperature_pkg/cmake/export_motor_temperature_pkg__rosidl_typesupport_fastrtps_cppExport.cmake
-- Up-to-date: /home/orangepi/wheel_robot/install/motor_temperature_pkg/share/motor_temperature_pkg/cmake/export_motor_temperature_pkg__rosidl_typesupport_fastrtps_cppExport-noconfig.cmake
-- Up-to-date: /home/orangepi/wheel_robot/install/motor_temperature_pkg/share/motor_temperature_pkg/cmake/motor_temperature_pkg__rosidl_typesupport_introspection_cppExport.cmake
-- Up-to-date: /home/orangepi/wheel_robot/install/motor_temperature_pkg/share/motor_temperature_pkg/cmake/motor_temperature_pkg__rosidl_typesupport_introspection_cppExport-noconfig.cmake
-- Up-to-date: /home/orangepi/wheel_robot/install/motor_temperature_pkg/share/motor_temperature_pkg/cmake/motor_temperature_pkg__rosidl_typesupport_cppExport.cmake
-- Up-to-date: /home/orangepi/wheel_robot/install/motor_temperature_pkg/share/motor_temperature_pkg/cmake/motor_temperature_pkg__rosidl_typesupport_cppExport-noconfig.cmake
-- Up-to-date: /home/orangepi/wheel_robot/install/motor_temperature_pkg/share/motor_temperature_pkg/cmake/export_motor_temperature_pkg__rosidl_generator_pyExport.cmake
-- Up-to-date: /home/orangepi/wheel_robot/install/motor_temperature_pkg/share/motor_temperature_pkg/cmake/export_motor_temperature_pkg__rosidl_generator_pyExport-noconfig.cmake
-- Up-to-date: /home/orangepi/wheel_robot/install/motor_temperature_pkg/share/motor_temperature_pkg/cmake/rosidl_cmake-extras.cmake
-- Up-to-date: /home/orangepi/wheel_robot/install/motor_temperature_pkg/share/motor_temperature_pkg/cmake/ament_cmake_export_dependencies-extras.cmake
-- Up-to-date: /home/orangepi/wheel_robot/install/motor_temperature_pkg/share/motor_temperature_pkg/cmake/ament_cmake_export_include_directories-extras.cmake
-- Up-to-date: /home/orangepi/wheel_robot/install/motor_temperature_pkg/share/motor_temperature_pkg/cmake/ament_cmake_export_libraries-extras.cmake
-- Up-to-date: /home/orangepi/wheel_robot/install/motor_temperature_pkg/share/motor_temperature_pkg/cmake/ament_cmake_export_targets-extras.cmake
-- Up-to-date: /home/orangepi/wheel_robot/install/motor_temperature_pkg/share/motor_temperature_pkg/cmake/rosidl_cmake_export_typesupport_targets-extras.cmake
-- Up-to-date: /home/orangepi/wheel_robot/install/motor_temperature_pkg/share/motor_temperature_pkg/cmake/rosidl_cmake_export_typesupport_libraries-extras.cmake
-- Up-to-date: /home/orangepi/wheel_robot/install/motor_temperature_pkg/share/motor_temperature_pkg/cmake/rosidl_cmake_aggregate_target-extras.cmake
-- Up-to-date: /home/orangepi/wheel_robot/install/motor_temperature_pkg/share/motor_temperature_pkg/cmake/motor_temperature_pkgConfig.cmake
-- Up-to-date: /home/orangepi/wheel_robot/install/motor_temperature_pkg/share/motor_temperature_pkg/cmake/motor_temperature_pkgConfig-version.cmake
-- Up-to-date: /home/orangepi/wheel_robot/install/motor_temperature_pkg/share/motor_temperature_pkg/package.xml
