[0.091s] Invoking command in '/home/orangepi/wheel_robot/build/motor_temperature_pkg': CMAKE_PREFIX_PATH=${CMAKE_PREFIX_PATH}:/home/orangepi/wheel_robot/install/simple_follower_ros2:/opt/ros/humble /usr/bin/cmake --build /home/orangepi/wheel_robot/build/motor_temperature_pkg -- -j8 -l8
[0.247s] [35m[1mConsolidate compiler generated dependencies of target motor_temperature_pkg__rosidl_generator_c[0m
[0.272s] [  3%] Built target motor_temperature_pkg__cpp
[0.272s] [  6%] Built target motor_temperature_pkg__rs
[0.294s] [  6%] Built target ament_cmake_python_copy_motor_temperature_pkg
[0.295s] [ 15%] Built target motor_temperature_pkg__rosidl_generator_c
[0.302s] [35m[1mConsolidate compiler generated dependencies of target motor_temperature_pkg__rosidl_typesupport_cpp[0m
[0.348s] [35m[1mConsolidate compiler generated dependencies of target motor_temperature_pkg__rosidl_typesupport_introspection_cpp[0m
[0.348s] [35m[1mConsolidate compiler generated dependencies of target motor_temperature_pkg__rosidl_typesupport_fastrtps_cpp[0m
[0.350s] [35m[1mConsolidate compiler generated dependencies of target motor_temperature_pkg__rosidl_typesupport_introspection_c[0m
[0.355s] [35m[1mConsolidate compiler generated dependencies of target motor_temperature_pkg__rosidl_typesupport_c[0m
[0.356s] [35m[1mConsolidate compiler generated dependencies of target motor_temperature_pkg__rosidl_typesupport_fastrtps_c[0m
[0.365s] [ 25%] Built target motor_temperature_pkg__rosidl_typesupport_cpp
[0.389s] [ 34%] Built target motor_temperature_pkg__rosidl_typesupport_introspection_cpp
[0.395s] [ 43%] Built target motor_temperature_pkg__rosidl_typesupport_c
[0.397s] [ 53%] Built target motor_temperature_pkg__rosidl_typesupport_introspection_c
[0.405s] [ 62%] Built target motor_temperature_pkg__rosidl_typesupport_fastrtps_cpp
[0.408s] [ 71%] Built target motor_temperature_pkg__rosidl_typesupport_fastrtps_c
[0.498s] [ 71%] Built target motor_temperature_pkg
[0.572s] [ 75%] Built target motor_temperature_pkg__py
[0.611s] [35m[1mConsolidate compiler generated dependencies of target motor_temperature_pkg__rosidl_generator_py[0m
[0.651s] [ 81%] Built target motor_temperature_pkg__rosidl_generator_py
[0.675s] [35m[1mConsolidate compiler generated dependencies of target motor_temperature_pkg__rosidl_typesupport_c__pyext[0m
[0.691s] [35m[1mConsolidate compiler generated dependencies of target motor_temperature_pkg__rosidl_typesupport_fastrtps_c__pyext[0m
[0.693s] [35m[1mConsolidate compiler generated dependencies of target motor_temperature_pkg__rosidl_typesupport_introspection_c__pyext[0m
[0.719s] [ 87%] Built target motor_temperature_pkg__rosidl_typesupport_c__pyext
[0.738s] [ 93%] Built target motor_temperature_pkg__rosidl_typesupport_fastrtps_c__pyext
[0.742s] [100%] Built target motor_temperature_pkg__rosidl_typesupport_introspection_c__pyext
[0.837s] running egg_info
[0.839s] writing motor_temperature_pkg.egg-info/PKG-INFO
[0.839s] writing dependency_links to motor_temperature_pkg.egg-info/dependency_links.txt
[0.848s] writing top-level names to motor_temperature_pkg.egg-info/top_level.txt
[0.854s] reading manifest file 'motor_temperature_pkg.egg-info/SOURCES.txt'
[0.855s] writing manifest file 'motor_temperature_pkg.egg-info/SOURCES.txt'
[0.965s] [100%] Built target ament_cmake_python_build_motor_temperature_pkg_egg
[0.997s] Invoked command in '/home/orangepi/wheel_robot/build/motor_temperature_pkg' returned '0': CMAKE_PREFIX_PATH=${CMAKE_PREFIX_PATH}:/home/orangepi/wheel_robot/install/simple_follower_ros2:/opt/ros/humble /usr/bin/cmake --build /home/orangepi/wheel_robot/build/motor_temperature_pkg -- -j8 -l8
[1.001s] Invoking command in '/home/orangepi/wheel_robot/build/motor_temperature_pkg': CMAKE_PREFIX_PATH=${CMAKE_PREFIX_PATH}:/home/orangepi/wheel_robot/install/simple_follower_ros2:/opt/ros/humble /usr/bin/cmake --install /home/orangepi/wheel_robot/build/motor_temperature_pkg
[1.032s] -- Install configuration: ""
[1.033s] -- Up-to-date: /home/orangepi/wheel_robot/install/motor_temperature_pkg/share/ament_index/resource_index/rosidl_interfaces/motor_temperature_pkg
[1.034s] -- Up-to-date: /home/orangepi/wheel_robot/install/motor_temperature_pkg/include/motor_temperature_pkg/motor_temperature_pkg
[1.034s] -- Up-to-date: /home/orangepi/wheel_robot/install/motor_temperature_pkg/include/motor_temperature_pkg/motor_temperature_pkg/msg
[1.035s] -- Up-to-date: /home/orangepi/wheel_robot/install/motor_temperature_pkg/include/motor_temperature_pkg/motor_temperature_pkg/msg/rosidl_generator_c__visibility_control.h
[1.036s] -- Up-to-date: /home/orangepi/wheel_robot/install/motor_temperature_pkg/include/motor_temperature_pkg/motor_temperature_pkg/msg/detail
[1.036s] -- Up-to-date: /home/orangepi/wheel_robot/install/motor_temperature_pkg/include/motor_temperature_pkg/motor_temperature_pkg/msg/detail/motor_temperatures__functions.h
[1.037s] -- Up-to-date: /home/orangepi/wheel_robot/install/motor_temperature_pkg/include/motor_temperature_pkg/motor_temperature_pkg/msg/detail/motor_temperatures__functions.c
[1.037s] -- Up-to-date: /home/orangepi/wheel_robot/install/motor_temperature_pkg/include/motor_temperature_pkg/motor_temperature_pkg/msg/detail/motor_temperatures__type_support.h
[1.038s] -- Up-to-date: /home/orangepi/wheel_robot/install/motor_temperature_pkg/include/motor_temperature_pkg/motor_temperature_pkg/msg/detail/motor_temperatures__struct.h
[1.038s] -- Up-to-date: /home/orangepi/wheel_robot/install/motor_temperature_pkg/include/motor_temperature_pkg/motor_temperature_pkg/msg/motor_temperatures.h
[1.038s] -- Up-to-date: /home/orangepi/wheel_robot/install/motor_temperature_pkg/share/motor_temperature_pkg/environment/library_path.sh
[1.039s] -- Up-to-date: /home/orangepi/wheel_robot/install/motor_temperature_pkg/share/motor_temperature_pkg/environment/library_path.dsv
[1.039s] -- Up-to-date: /home/orangepi/wheel_robot/install/motor_temperature_pkg/lib/libmotor_temperature_pkg__rosidl_generator_c.so
[1.040s] -- Up-to-date: /home/orangepi/wheel_robot/install/motor_temperature_pkg/include/motor_temperature_pkg/motor_temperature_pkg
[1.040s] -- Up-to-date: /home/orangepi/wheel_robot/install/motor_temperature_pkg/include/motor_temperature_pkg/motor_temperature_pkg/msg
[1.040s] -- Up-to-date: /home/orangepi/wheel_robot/install/motor_temperature_pkg/include/motor_temperature_pkg/motor_temperature_pkg/msg/rosidl_typesupport_fastrtps_c__visibility_control.h
[1.041s] -- Up-to-date: /home/orangepi/wheel_robot/install/motor_temperature_pkg/include/motor_temperature_pkg/motor_temperature_pkg/msg/detail
[1.041s] -- Up-to-date: /home/orangepi/wheel_robot/install/motor_temperature_pkg/include/motor_temperature_pkg/motor_temperature_pkg/msg/detail/motor_temperatures__rosidl_typesupport_fastrtps_c.h
[1.041s] -- Up-to-date: /home/orangepi/wheel_robot/install/motor_temperature_pkg/lib/libmotor_temperature_pkg__rosidl_typesupport_fastrtps_c.so
[1.042s] -- Up-to-date: /home/orangepi/wheel_robot/install/motor_temperature_pkg/include/motor_temperature_pkg/motor_temperature_pkg
[1.042s] -- Up-to-date: /home/orangepi/wheel_robot/install/motor_temperature_pkg/include/motor_temperature_pkg/motor_temperature_pkg/msg
[1.042s] -- Up-to-date: /home/orangepi/wheel_robot/install/motor_temperature_pkg/include/motor_temperature_pkg/motor_temperature_pkg/msg/rosidl_typesupport_introspection_c__visibility_control.h
[1.043s] -- Up-to-date: /home/orangepi/wheel_robot/install/motor_temperature_pkg/include/motor_temperature_pkg/motor_temperature_pkg/msg/detail
[1.043s] -- Up-to-date: /home/orangepi/wheel_robot/install/motor_temperature_pkg/include/motor_temperature_pkg/motor_temperature_pkg/msg/detail/motor_temperatures__type_support.c
[1.044s] -- Up-to-date: /home/orangepi/wheel_robot/install/motor_temperature_pkg/include/motor_temperature_pkg/motor_temperature_pkg/msg/detail/motor_temperatures__rosidl_typesupport_introspection_c.h
[1.044s] -- Up-to-date: /home/orangepi/wheel_robot/install/motor_temperature_pkg/lib/libmotor_temperature_pkg__rosidl_typesupport_introspection_c.so
[1.044s] -- Up-to-date: /home/orangepi/wheel_robot/install/motor_temperature_pkg/lib/libmotor_temperature_pkg__rosidl_typesupport_c.so
[1.045s] -- Up-to-date: /home/orangepi/wheel_robot/install/motor_temperature_pkg/include/motor_temperature_pkg/motor_temperature_pkg
[1.045s] -- Up-to-date: /home/orangepi/wheel_robot/install/motor_temperature_pkg/include/motor_temperature_pkg/motor_temperature_pkg/msg
[1.045s] -- Up-to-date: /home/orangepi/wheel_robot/install/motor_temperature_pkg/include/motor_temperature_pkg/motor_temperature_pkg/msg/rosidl_generator_cpp__visibility_control.hpp
[1.046s] -- Up-to-date: /home/orangepi/wheel_robot/install/motor_temperature_pkg/include/motor_temperature_pkg/motor_temperature_pkg/msg/motor_temperatures.hpp
[1.046s] -- Up-to-date: /home/orangepi/wheel_robot/install/motor_temperature_pkg/include/motor_temperature_pkg/motor_temperature_pkg/msg/detail
[1.046s] -- Up-to-date: /home/orangepi/wheel_robot/install/motor_temperature_pkg/include/motor_temperature_pkg/motor_temperature_pkg/msg/detail/motor_temperatures__struct.hpp
[1.047s] -- Up-to-date: /home/orangepi/wheel_robot/install/motor_temperature_pkg/include/motor_temperature_pkg/motor_temperature_pkg/msg/detail/motor_temperatures__builder.hpp
[1.047s] -- Up-to-date: /home/orangepi/wheel_robot/install/motor_temperature_pkg/include/motor_temperature_pkg/motor_temperature_pkg/msg/detail/motor_temperatures__traits.hpp
[1.048s] -- Up-to-date: /home/orangepi/wheel_robot/install/motor_temperature_pkg/include/motor_temperature_pkg/motor_temperature_pkg/msg/detail/motor_temperatures__type_support.hpp
[1.048s] -- Up-to-date: /home/orangepi/wheel_robot/install/motor_temperature_pkg/include/motor_temperature_pkg/motor_temperature_pkg
[1.048s] -- Up-to-date: /home/orangepi/wheel_robot/install/motor_temperature_pkg/include/motor_temperature_pkg/motor_temperature_pkg/msg
[1.049s] -- Up-to-date: /home/orangepi/wheel_robot/install/motor_temperature_pkg/include/motor_temperature_pkg/motor_temperature_pkg/msg/rosidl_typesupport_fastrtps_cpp__visibility_control.h
[1.049s] -- Up-to-date: /home/orangepi/wheel_robot/install/motor_temperature_pkg/include/motor_temperature_pkg/motor_temperature_pkg/msg/detail
[1.049s] -- Up-to-date: /home/orangepi/wheel_robot/install/motor_temperature_pkg/include/motor_temperature_pkg/motor_temperature_pkg/msg/detail/dds_fastrtps
[1.050s] -- Up-to-date: /home/orangepi/wheel_robot/install/motor_temperature_pkg/include/motor_temperature_pkg/motor_temperature_pkg/msg/detail/motor_temperatures__rosidl_typesupport_fastrtps_cpp.hpp
[1.050s] -- Up-to-date: /home/orangepi/wheel_robot/install/motor_temperature_pkg/lib/libmotor_temperature_pkg__rosidl_typesupport_fastrtps_cpp.so
[1.050s] -- Up-to-date: /home/orangepi/wheel_robot/install/motor_temperature_pkg/include/motor_temperature_pkg/motor_temperature_pkg
[1.051s] -- Up-to-date: /home/orangepi/wheel_robot/install/motor_temperature_pkg/include/motor_temperature_pkg/motor_temperature_pkg/msg
[1.051s] -- Up-to-date: /home/orangepi/wheel_robot/install/motor_temperature_pkg/include/motor_temperature_pkg/motor_temperature_pkg/msg/detail
[1.052s] -- Up-to-date: /home/orangepi/wheel_robot/install/motor_temperature_pkg/include/motor_temperature_pkg/motor_temperature_pkg/msg/detail/motor_temperatures__type_support.cpp
[1.052s] -- Up-to-date: /home/orangepi/wheel_robot/install/motor_temperature_pkg/include/motor_temperature_pkg/motor_temperature_pkg/msg/detail/motor_temperatures__rosidl_typesupport_introspection_cpp.hpp
[1.052s] -- Up-to-date: /home/orangepi/wheel_robot/install/motor_temperature_pkg/lib/libmotor_temperature_pkg__rosidl_typesupport_introspection_cpp.so
[1.053s] -- Up-to-date: /home/orangepi/wheel_robot/install/motor_temperature_pkg/lib/libmotor_temperature_pkg__rosidl_typesupport_cpp.so
[1.053s] -- Up-to-date: /home/orangepi/wheel_robot/install/motor_temperature_pkg/share/motor_temperature_pkg/environment/pythonpath.sh
[1.053s] -- Up-to-date: /home/orangepi/wheel_robot/install/motor_temperature_pkg/share/motor_temperature_pkg/environment/pythonpath.dsv
[1.054s] -- Up-to-date: /home/orangepi/wheel_robot/install/motor_temperature_pkg/local/lib/python3.10/dist-packages/motor_temperature_pkg-0.1.0-py3.10.egg-info
[1.054s] -- Installing: /home/orangepi/wheel_robot/install/motor_temperature_pkg/local/lib/python3.10/dist-packages/motor_temperature_pkg-0.1.0-py3.10.egg-info/top_level.txt
[1.055s] -- Installing: /home/orangepi/wheel_robot/install/motor_temperature_pkg/local/lib/python3.10/dist-packages/motor_temperature_pkg-0.1.0-py3.10.egg-info/SOURCES.txt
[1.055s] -- Installing: /home/orangepi/wheel_robot/install/motor_temperature_pkg/local/lib/python3.10/dist-packages/motor_temperature_pkg-0.1.0-py3.10.egg-info/dependency_links.txt
[1.055s] -- Installing: /home/orangepi/wheel_robot/install/motor_temperature_pkg/local/lib/python3.10/dist-packages/motor_temperature_pkg-0.1.0-py3.10.egg-info/PKG-INFO
[1.056s] -- Up-to-date: /home/orangepi/wheel_robot/install/motor_temperature_pkg/local/lib/python3.10/dist-packages/motor_temperature_pkg
[1.056s] -- Up-to-date: /home/orangepi/wheel_robot/install/motor_temperature_pkg/local/lib/python3.10/dist-packages/motor_temperature_pkg/libmotor_temperature_pkg__rosidl_generator_py.so
[1.056s] -- Up-to-date: /home/orangepi/wheel_robot/install/motor_temperature_pkg/local/lib/python3.10/dist-packages/motor_temperature_pkg/__init__.py
[1.057s] -- Up-to-date: /home/orangepi/wheel_robot/install/motor_temperature_pkg/local/lib/python3.10/dist-packages/motor_temperature_pkg/_motor_temperature_pkg_s.ep.rosidl_typesupport_c.c
[1.057s] -- Up-to-date: /home/orangepi/wheel_robot/install/motor_temperature_pkg/local/lib/python3.10/dist-packages/motor_temperature_pkg/msg
[1.057s] -- Up-to-date: /home/orangepi/wheel_robot/install/motor_temperature_pkg/local/lib/python3.10/dist-packages/motor_temperature_pkg/msg/_motor_temperatures_s.c
[1.058s] -- Up-to-date: /home/orangepi/wheel_robot/install/motor_temperature_pkg/local/lib/python3.10/dist-packages/motor_temperature_pkg/msg/__init__.py
[1.058s] -- Up-to-date: /home/orangepi/wheel_robot/install/motor_temperature_pkg/local/lib/python3.10/dist-packages/motor_temperature_pkg/msg/_motor_temperatures.py
[1.059s] -- Up-to-date: /home/orangepi/wheel_robot/install/motor_temperature_pkg/local/lib/python3.10/dist-packages/motor_temperature_pkg/motor_temperature_pkg_s__rosidl_typesupport_fastrtps_c.cpython-310-aarch64-linux-gnu.so
[1.059s] -- Up-to-date: /home/orangepi/wheel_robot/install/motor_temperature_pkg/local/lib/python3.10/dist-packages/motor_temperature_pkg/_motor_temperature_pkg_s.ep.rosidl_typesupport_introspection_c.c
[1.059s] -- Up-to-date: /home/orangepi/wheel_robot/install/motor_temperature_pkg/local/lib/python3.10/dist-packages/motor_temperature_pkg/motor_temperature_pkg_s__rosidl_typesupport_c.cpython-310-aarch64-linux-gnu.so
[1.060s] -- Up-to-date: /home/orangepi/wheel_robot/install/motor_temperature_pkg/local/lib/python3.10/dist-packages/motor_temperature_pkg/motor_temperature_pkg_s__rosidl_typesupport_introspection_c.cpython-310-aarch64-linux-gnu.so
[1.060s] -- Up-to-date: /home/orangepi/wheel_robot/install/motor_temperature_pkg/local/lib/python3.10/dist-packages/motor_temperature_pkg/_motor_temperature_pkg_s.ep.rosidl_typesupport_fastrtps_c.c
[1.116s] Listing '/home/orangepi/wheel_robot/install/motor_temperature_pkg/local/lib/python3.10/dist-packages/motor_temperature_pkg'...
[1.117s] Listing '/home/orangepi/wheel_robot/install/motor_temperature_pkg/local/lib/python3.10/dist-packages/motor_temperature_pkg/msg'...
[1.135s] -- Up-to-date: /home/orangepi/wheel_robot/install/motor_temperature_pkg/local/lib/python3.10/dist-packages/motor_temperature_pkg/motor_temperature_pkg_s__rosidl_typesupport_fastrtps_c.cpython-310-aarch64-linux-gnu.so
[1.136s] -- Up-to-date: /home/orangepi/wheel_robot/install/motor_temperature_pkg/local/lib/python3.10/dist-packages/motor_temperature_pkg/motor_temperature_pkg_s__rosidl_typesupport_introspection_c.cpython-310-aarch64-linux-gnu.so
[1.136s] -- Up-to-date: /home/orangepi/wheel_robot/install/motor_temperature_pkg/local/lib/python3.10/dist-packages/motor_temperature_pkg/motor_temperature_pkg_s__rosidl_typesupport_c.cpython-310-aarch64-linux-gnu.so
[1.137s] -- Up-to-date: /home/orangepi/wheel_robot/install/motor_temperature_pkg/lib/libmotor_temperature_pkg__rosidl_generator_py.so
[1.137s] -- Up-to-date: /home/orangepi/wheel_robot/install/motor_temperature_pkg/share/ament_index/resource_index/rust_packages/motor_temperature_pkg
[1.138s] -- Up-to-date: /home/orangepi/wheel_robot/install/motor_temperature_pkg/share/motor_temperature_pkg/rust
[1.138s] -- Up-to-date: /home/orangepi/wheel_robot/install/motor_temperature_pkg/share/motor_temperature_pkg/rust/Cargo.toml
[1.139s] -- Up-to-date: /home/orangepi/wheel_robot/install/motor_temperature_pkg/share/motor_temperature_pkg/rust/src
[1.139s] -- Up-to-date: /home/orangepi/wheel_robot/install/motor_temperature_pkg/share/motor_temperature_pkg/rust/src/msg.rs
[1.139s] -- Up-to-date: /home/orangepi/wheel_robot/install/motor_temperature_pkg/share/motor_temperature_pkg/rust/src/msg
[1.140s] -- Up-to-date: /home/orangepi/wheel_robot/install/motor_temperature_pkg/share/motor_temperature_pkg/rust/src/msg/rmw.rs
[1.140s] -- Up-to-date: /home/orangepi/wheel_robot/install/motor_temperature_pkg/share/motor_temperature_pkg/rust/src/lib.rs
[1.141s] -- Up-to-date: /home/orangepi/wheel_robot/install/motor_temperature_pkg/share/motor_temperature_pkg/rust/build.rs
[1.141s] -- Up-to-date: /home/orangepi/wheel_robot/install/motor_temperature_pkg/share/motor_temperature_pkg/msg/MotorTemperatures.idl
[1.141s] -- Up-to-date: /home/orangepi/wheel_robot/install/motor_temperature_pkg/share/motor_temperature_pkg/msg/MotorTemperatures.msg
[1.142s] -- Up-to-date: /home/orangepi/wheel_robot/install/motor_temperature_pkg/lib/motor_temperature_pkg/motor_temperature_monitor
[1.142s] -- Up-to-date: /home/orangepi/wheel_robot/install/motor_temperature_pkg/share/ament_index/resource_index/package_run_dependencies/motor_temperature_pkg
[1.143s] -- Up-to-date: /home/orangepi/wheel_robot/install/motor_temperature_pkg/share/ament_index/resource_index/parent_prefix_path/motor_temperature_pkg
[1.144s] -- Up-to-date: /home/orangepi/wheel_robot/install/motor_temperature_pkg/share/motor_temperature_pkg/environment/ament_prefix_path.sh
[1.146s] -- Up-to-date: /home/orangepi/wheel_robot/install/motor_temperature_pkg/share/motor_temperature_pkg/environment/ament_prefix_path.dsv
[1.146s] -- Up-to-date: /home/orangepi/wheel_robot/install/motor_temperature_pkg/share/motor_temperature_pkg/environment/path.sh
[1.147s] -- Up-to-date: /home/orangepi/wheel_robot/install/motor_temperature_pkg/share/motor_temperature_pkg/environment/path.dsv
[1.147s] -- Up-to-date: /home/orangepi/wheel_robot/install/motor_temperature_pkg/share/motor_temperature_pkg/local_setup.bash
[1.148s] -- Up-to-date: /home/orangepi/wheel_robot/install/motor_temperature_pkg/share/motor_temperature_pkg/local_setup.sh
[1.149s] -- Up-to-date: /home/orangepi/wheel_robot/install/motor_temperature_pkg/share/motor_temperature_pkg/local_setup.zsh
[1.149s] -- Up-to-date: /home/orangepi/wheel_robot/install/motor_temperature_pkg/share/motor_temperature_pkg/local_setup.dsv
[1.150s] -- Installing: /home/orangepi/wheel_robot/install/motor_temperature_pkg/share/motor_temperature_pkg/package.dsv
[1.150s] -- Up-to-date: /home/orangepi/wheel_robot/install/motor_temperature_pkg/share/ament_index/resource_index/packages/motor_temperature_pkg
[1.150s] -- Up-to-date: /home/orangepi/wheel_robot/install/motor_temperature_pkg/share/motor_temperature_pkg/cmake/export_motor_temperature_pkg__rosidl_generator_cExport.cmake
[1.151s] -- Up-to-date: /home/orangepi/wheel_robot/install/motor_temperature_pkg/share/motor_temperature_pkg/cmake/export_motor_temperature_pkg__rosidl_generator_cExport-noconfig.cmake
[1.151s] -- Up-to-date: /home/orangepi/wheel_robot/install/motor_temperature_pkg/share/motor_temperature_pkg/cmake/export_motor_temperature_pkg__rosidl_typesupport_fastrtps_cExport.cmake
[1.152s] -- Up-to-date: /home/orangepi/wheel_robot/install/motor_temperature_pkg/share/motor_temperature_pkg/cmake/export_motor_temperature_pkg__rosidl_typesupport_fastrtps_cExport-noconfig.cmake
[1.152s] -- Up-to-date: /home/orangepi/wheel_robot/install/motor_temperature_pkg/share/motor_temperature_pkg/cmake/motor_temperature_pkg__rosidl_typesupport_introspection_cExport.cmake
[1.154s] -- Up-to-date: /home/orangepi/wheel_robot/install/motor_temperature_pkg/share/motor_temperature_pkg/cmake/motor_temperature_pkg__rosidl_typesupport_introspection_cExport-noconfig.cmake
[1.156s] -- Up-to-date: /home/orangepi/wheel_robot/install/motor_temperature_pkg/share/motor_temperature_pkg/cmake/motor_temperature_pkg__rosidl_typesupport_cExport.cmake
[1.158s] -- Up-to-date: /home/orangepi/wheel_robot/install/motor_temperature_pkg/share/motor_temperature_pkg/cmake/motor_temperature_pkg__rosidl_typesupport_cExport-noconfig.cmake
[1.159s] -- Up-to-date: /home/orangepi/wheel_robot/install/motor_temperature_pkg/share/motor_temperature_pkg/cmake/export_motor_temperature_pkg__rosidl_generator_cppExport.cmake
[1.161s] -- Up-to-date: /home/orangepi/wheel_robot/install/motor_temperature_pkg/share/motor_temperature_pkg/cmake/export_motor_temperature_pkg__rosidl_typesupport_fastrtps_cppExport.cmake
[1.163s] -- Up-to-date: /home/orangepi/wheel_robot/install/motor_temperature_pkg/share/motor_temperature_pkg/cmake/export_motor_temperature_pkg__rosidl_typesupport_fastrtps_cppExport-noconfig.cmake
[1.165s] -- Up-to-date: /home/orangepi/wheel_robot/install/motor_temperature_pkg/share/motor_temperature_pkg/cmake/motor_temperature_pkg__rosidl_typesupport_introspection_cppExport.cmake
[1.166s] -- Up-to-date: /home/orangepi/wheel_robot/install/motor_temperature_pkg/share/motor_temperature_pkg/cmake/motor_temperature_pkg__rosidl_typesupport_introspection_cppExport-noconfig.cmake
[1.167s] -- Up-to-date: /home/orangepi/wheel_robot/install/motor_temperature_pkg/share/motor_temperature_pkg/cmake/motor_temperature_pkg__rosidl_typesupport_cppExport.cmake
[1.172s] -- Up-to-date: /home/orangepi/wheel_robot/install/motor_temperature_pkg/share/motor_temperature_pkg/cmake/motor_temperature_pkg__rosidl_typesupport_cppExport-noconfig.cmake
[1.173s] -- Up-to-date: /home/orangepi/wheel_robot/install/motor_temperature_pkg/share/motor_temperature_pkg/cmake/export_motor_temperature_pkg__rosidl_generator_pyExport.cmake
[1.175s] -- Up-to-date: /home/orangepi/wheel_robot/install/motor_temperature_pkg/share/motor_temperature_pkg/cmake/export_motor_temperature_pkg__rosidl_generator_pyExport-noconfig.cmake
[1.175s] -- Up-to-date: /home/orangepi/wheel_robot/install/motor_temperature_pkg/share/motor_temperature_pkg/cmake/rosidl_cmake-extras.cmake
[1.177s] -- Up-to-date: /home/orangepi/wheel_robot/install/motor_temperature_pkg/share/motor_temperature_pkg/cmake/ament_cmake_export_dependencies-extras.cmake
[1.178s] -- Up-to-date: /home/orangepi/wheel_robot/install/motor_temperature_pkg/share/motor_temperature_pkg/cmake/ament_cmake_export_include_directories-extras.cmake
[1.180s] -- Up-to-date: /home/orangepi/wheel_robot/install/motor_temperature_pkg/share/motor_temperature_pkg/cmake/ament_cmake_export_libraries-extras.cmake
[1.181s] -- Up-to-date: /home/orangepi/wheel_robot/install/motor_temperature_pkg/share/motor_temperature_pkg/cmake/ament_cmake_export_targets-extras.cmake
[1.183s] -- Up-to-date: /home/orangepi/wheel_robot/install/motor_temperature_pkg/share/motor_temperature_pkg/cmake/rosidl_cmake_export_typesupport_targets-extras.cmake
[1.184s] -- Up-to-date: /home/orangepi/wheel_robot/install/motor_temperature_pkg/share/motor_temperature_pkg/cmake/rosidl_cmake_export_typesupport_libraries-extras.cmake
[1.185s] -- Up-to-date: /home/orangepi/wheel_robot/install/motor_temperature_pkg/share/motor_temperature_pkg/cmake/rosidl_cmake_aggregate_target-extras.cmake
[1.186s] -- Up-to-date: /home/orangepi/wheel_robot/install/motor_temperature_pkg/share/motor_temperature_pkg/cmake/motor_temperature_pkgConfig.cmake
[1.188s] -- Up-to-date: /home/orangepi/wheel_robot/install/motor_temperature_pkg/share/motor_temperature_pkg/cmake/motor_temperature_pkgConfig-version.cmake
[1.190s] -- Up-to-date: /home/orangepi/wheel_robot/install/motor_temperature_pkg/share/motor_temperature_pkg/package.xml
[1.191s] Invoked command in '/home/orangepi/wheel_robot/build/motor_temperature_pkg' returned '0': CMAKE_PREFIX_PATH=${CMAKE_PREFIX_PATH}:/home/orangepi/wheel_robot/install/simple_follower_ros2:/opt/ros/humble /usr/bin/cmake --install /home/orangepi/wheel_robot/build/motor_temperature_pkg
