[0.213s] DEBUG:colcon:Command line arguments: ['/usr/bin/colcon', 'build']
[0.213s] DEBUG:colcon:Parsed command line arguments: Namespace(log_base=None, log_level=None, verb_name='build', build_base='build', install_base='install', merge_install=False, symlink_install=False, test_result_base=None, continue_on_error=False, executor='parallel', parallel_workers=8, event_handlers=None, ignore_user_meta=False, metas=['./colcon.meta'], base_paths=['.'], packages_ignore=None, packages_ignore_regex=None, paths=None, packages_up_to=None, packages_up_to_regex=None, packages_above=None, packages_above_and_dependencies=None, packages_above_depth=None, packages_select_by_dep=None, packages_skip_by_dep=None, packages_skip_up_to=None, packages_select_build_failed=False, packages_skip_build_finished=False, packages_select_test_failures=False, packages_skip_test_passed=False, packages_select=None, packages_skip=None, packages_select_regex=None, packages_skip_regex=None, packages_start=None, packages_end=None, cmake_args=None, cmake_target=None, cmake_target_skip_unavailable=False, cmake_clean_cache=False, cmake_clean_first=False, cmake_force_configure=False, ament_cmake_args=None, catkin_cmake_args=None, catkin_skip_building_tests=False, verb_parser=<colcon_defaults.argument_parser.defaults.DefaultArgumentsDecorator object at 0x7f805634f0>, verb_extension=<colcon_core.verb.build.BuildVerb object at 0x7f807142e0>, main=<bound method BuildVerb.main of <colcon_core.verb.build.BuildVerb object at 0x7f807142e0>>)
[0.500s] Level 1:colcon.colcon_core.package_discovery:discover_packages(colcon_meta) check parameters
[0.501s] Level 1:colcon.colcon_core.package_discovery:discover_packages(recursive) check parameters
[0.501s] Level 1:colcon.colcon_core.package_discovery:discover_packages(ignore) check parameters
[0.501s] Level 1:colcon.colcon_core.package_discovery:discover_packages(path) check parameters
[0.501s] Level 1:colcon.colcon_core.package_discovery:discover_packages(colcon_meta) discover
[0.501s] Level 1:colcon.colcon_core.package_discovery:discover_packages(recursive) discover
[0.501s] INFO:colcon.colcon_core.package_discovery:Crawling recursively for packages in '/home/orangepi/wheel_robot'
[0.501s] Level 1:colcon.colcon_core.package_identification:_identify(.) by extensions ['ignore', 'ignore_ament_install']
[0.502s] Level 1:colcon.colcon_core.package_identification:_identify(.) by extension 'ignore'
[0.502s] Level 1:colcon.colcon_core.package_identification:_identify(.) by extension 'ignore_ament_install'
[0.502s] Level 1:colcon.colcon_core.package_identification:_identify(.) by extensions ['colcon_pkg']
[0.502s] Level 1:colcon.colcon_core.package_identification:_identify(.) by extension 'colcon_pkg'
[0.502s] Level 1:colcon.colcon_core.package_identification:_identify(.) by extensions ['colcon_meta']
[0.502s] Level 1:colcon.colcon_core.package_identification:_identify(.) by extension 'colcon_meta'
[0.502s] Level 1:colcon.colcon_core.package_identification:_identify(.) by extensions ['ros']
[0.502s] Level 1:colcon.colcon_core.package_identification:_identify(.) by extension 'ros'
[0.528s] Level 1:colcon.colcon_core.package_identification:_identify(.) by extensions ['cmake', 'python']
[0.528s] Level 1:colcon.colcon_core.package_identification:_identify(.) by extension 'cmake'
[0.529s] Level 1:colcon.colcon_core.package_identification:_identify(.) by extension 'python'
[0.529s] Level 1:colcon.colcon_core.package_identification:_identify(.) by extensions ['python_setup_py']
[0.529s] Level 1:colcon.colcon_core.package_identification:_identify(.) by extension 'python_setup_py'
[0.529s] Level 1:colcon.colcon_core.package_identification:_identify(__pycache__) by extensions ['ignore', 'ignore_ament_install']
[0.529s] Level 1:colcon.colcon_core.package_identification:_identify(__pycache__) by extension 'ignore'
[0.529s] Level 1:colcon.colcon_core.package_identification:_identify(__pycache__) by extension 'ignore_ament_install'
[0.529s] Level 1:colcon.colcon_core.package_identification:_identify(__pycache__) by extensions ['colcon_pkg']
[0.530s] Level 1:colcon.colcon_core.package_identification:_identify(__pycache__) by extension 'colcon_pkg'
[0.530s] Level 1:colcon.colcon_core.package_identification:_identify(__pycache__) by extensions ['colcon_meta']
[0.530s] Level 1:colcon.colcon_core.package_identification:_identify(__pycache__) by extension 'colcon_meta'
[0.530s] Level 1:colcon.colcon_core.package_identification:_identify(__pycache__) by extensions ['ros']
[0.530s] Level 1:colcon.colcon_core.package_identification:_identify(__pycache__) by extension 'ros'
[0.530s] Level 1:colcon.colcon_core.package_identification:_identify(__pycache__) by extensions ['cmake', 'python']
[0.530s] Level 1:colcon.colcon_core.package_identification:_identify(__pycache__) by extension 'cmake'
[0.530s] Level 1:colcon.colcon_core.package_identification:_identify(__pycache__) by extension 'python'
[0.530s] Level 1:colcon.colcon_core.package_identification:_identify(__pycache__) by extensions ['python_setup_py']
[0.530s] Level 1:colcon.colcon_core.package_identification:_identify(__pycache__) by extension 'python_setup_py'
[0.530s] Level 1:colcon.colcon_core.package_identification:_identify(build) by extensions ['ignore', 'ignore_ament_install']
[0.531s] Level 1:colcon.colcon_core.package_identification:_identify(build) by extension 'ignore'
[0.531s] Level 1:colcon.colcon_core.package_identification:_identify(build) ignored
[0.531s] Level 1:colcon.colcon_core.package_identification:_identify(install) by extensions ['ignore', 'ignore_ament_install']
[0.531s] Level 1:colcon.colcon_core.package_identification:_identify(install) by extension 'ignore'
[0.531s] Level 1:colcon.colcon_core.package_identification:_identify(install) ignored
[0.531s] Level 1:colcon.colcon_core.package_identification:_identify(log) by extensions ['ignore', 'ignore_ament_install']
[0.531s] Level 1:colcon.colcon_core.package_identification:_identify(log) by extension 'ignore'
[0.532s] Level 1:colcon.colcon_core.package_identification:_identify(log) ignored
[0.532s] Level 1:colcon.colcon_core.package_identification:_identify(src) by extensions ['ignore', 'ignore_ament_install']
[0.532s] Level 1:colcon.colcon_core.package_identification:_identify(src) by extension 'ignore'
[0.532s] Level 1:colcon.colcon_core.package_identification:_identify(src) by extension 'ignore_ament_install'
[0.532s] Level 1:colcon.colcon_core.package_identification:_identify(src) by extensions ['colcon_pkg']
[0.532s] Level 1:colcon.colcon_core.package_identification:_identify(src) by extension 'colcon_pkg'
[0.532s] Level 1:colcon.colcon_core.package_identification:_identify(src) by extensions ['colcon_meta']
[0.532s] Level 1:colcon.colcon_core.package_identification:_identify(src) by extension 'colcon_meta'
[0.532s] Level 1:colcon.colcon_core.package_identification:_identify(src) by extensions ['ros']
[0.532s] Level 1:colcon.colcon_core.package_identification:_identify(src) by extension 'ros'
[0.532s] Level 1:colcon.colcon_core.package_identification:_identify(src) by extensions ['cmake', 'python']
[0.532s] Level 1:colcon.colcon_core.package_identification:_identify(src) by extension 'cmake'
[0.533s] Level 1:colcon.colcon_core.package_identification:_identify(src) by extension 'python'
[0.533s] Level 1:colcon.colcon_core.package_identification:_identify(src) by extensions ['python_setup_py']
[0.533s] Level 1:colcon.colcon_core.package_identification:_identify(src) by extension 'python_setup_py'
[0.533s] Level 1:colcon.colcon_core.package_identification:_identify(src/lesson12_ros_conversion) by extensions ['ignore', 'ignore_ament_install']
[0.533s] Level 1:colcon.colcon_core.package_identification:_identify(src/lesson12_ros_conversion) by extension 'ignore'
[0.533s] Level 1:colcon.colcon_core.package_identification:_identify(src/lesson12_ros_conversion) by extension 'ignore_ament_install'
[0.533s] Level 1:colcon.colcon_core.package_identification:_identify(src/lesson12_ros_conversion) by extensions ['colcon_pkg']
[0.533s] Level 1:colcon.colcon_core.package_identification:_identify(src/lesson12_ros_conversion) by extension 'colcon_pkg'
[0.533s] Level 1:colcon.colcon_core.package_identification:_identify(src/lesson12_ros_conversion) by extensions ['colcon_meta']
[0.533s] Level 1:colcon.colcon_core.package_identification:_identify(src/lesson12_ros_conversion) by extension 'colcon_meta'
[0.533s] Level 1:colcon.colcon_core.package_identification:_identify(src/lesson12_ros_conversion) by extensions ['ros']
[0.533s] Level 1:colcon.colcon_core.package_identification:_identify(src/lesson12_ros_conversion) by extension 'ros'
[0.541s] DEBUG:colcon.colcon_core.package_identification:Package 'src/lesson12_ros_conversion' with type 'ros.ament_cmake' and name 'lesson12_ros_conversion'
[0.541s] Level 1:colcon.colcon_core.package_identification:_identify(src/motor_temperature_pkg) by extensions ['ignore', 'ignore_ament_install']
[0.541s] Level 1:colcon.colcon_core.package_identification:_identify(src/motor_temperature_pkg) by extension 'ignore'
[0.541s] Level 1:colcon.colcon_core.package_identification:_identify(src/motor_temperature_pkg) by extension 'ignore_ament_install'
[0.542s] Level 1:colcon.colcon_core.package_identification:_identify(src/motor_temperature_pkg) by extensions ['colcon_pkg']
[0.542s] Level 1:colcon.colcon_core.package_identification:_identify(src/motor_temperature_pkg) by extension 'colcon_pkg'
[0.542s] Level 1:colcon.colcon_core.package_identification:_identify(src/motor_temperature_pkg) by extensions ['colcon_meta']
[0.542s] Level 1:colcon.colcon_core.package_identification:_identify(src/motor_temperature_pkg) by extension 'colcon_meta'
[0.542s] Level 1:colcon.colcon_core.package_identification:_identify(src/motor_temperature_pkg) by extensions ['ros']
[0.542s] Level 1:colcon.colcon_core.package_identification:_identify(src/motor_temperature_pkg) by extension 'ros'
[0.543s] DEBUG:colcon.colcon_core.package_identification:Package 'src/motor_temperature_pkg' with type 'ros.ament_cmake' and name 'motor_temperature_pkg'
[0.544s] Level 1:colcon.colcon_core.package_identification:_identify(src/wheel_legged_urdf_pkg) by extensions ['ignore', 'ignore_ament_install']
[0.544s] Level 1:colcon.colcon_core.package_identification:_identify(src/wheel_legged_urdf_pkg) by extension 'ignore'
[0.544s] Level 1:colcon.colcon_core.package_identification:_identify(src/wheel_legged_urdf_pkg) by extension 'ignore_ament_install'
[0.544s] Level 1:colcon.colcon_core.package_identification:_identify(src/wheel_legged_urdf_pkg) by extensions ['colcon_pkg']
[0.544s] Level 1:colcon.colcon_core.package_identification:_identify(src/wheel_legged_urdf_pkg) by extension 'colcon_pkg'
[0.544s] Level 1:colcon.colcon_core.package_identification:_identify(src/wheel_legged_urdf_pkg) by extensions ['colcon_meta']
[0.544s] Level 1:colcon.colcon_core.package_identification:_identify(src/wheel_legged_urdf_pkg) by extension 'colcon_meta'
[0.544s] Level 1:colcon.colcon_core.package_identification:_identify(src/wheel_legged_urdf_pkg) by extensions ['ros']
[0.544s] Level 1:colcon.colcon_core.package_identification:_identify(src/wheel_legged_urdf_pkg) by extension 'ros'
[0.545s] DEBUG:colcon.colcon_core.package_identification:Package 'src/wheel_legged_urdf_pkg' with type 'ros.ament_cmake' and name 'wheel_legged_urdf_pkg'
[0.546s] Level 1:colcon.colcon_core.package_identification:_identify(src/wheel_robot) by extensions ['ignore', 'ignore_ament_install']
[0.546s] Level 1:colcon.colcon_core.package_identification:_identify(src/wheel_robot) by extension 'ignore'
[0.546s] Level 1:colcon.colcon_core.package_identification:_identify(src/wheel_robot) by extension 'ignore_ament_install'
[0.546s] Level 1:colcon.colcon_core.package_identification:_identify(src/wheel_robot) by extensions ['colcon_pkg']
[0.546s] Level 1:colcon.colcon_core.package_identification:_identify(src/wheel_robot) by extension 'colcon_pkg'
[0.546s] Level 1:colcon.colcon_core.package_identification:_identify(src/wheel_robot) by extensions ['colcon_meta']
[0.546s] Level 1:colcon.colcon_core.package_identification:_identify(src/wheel_robot) by extension 'colcon_meta'
[0.546s] Level 1:colcon.colcon_core.package_identification:_identify(src/wheel_robot) by extensions ['ros']
[0.546s] Level 1:colcon.colcon_core.package_identification:_identify(src/wheel_robot) by extension 'ros'
[0.549s] DEBUG:colcon.colcon_core.package_identification:Package 'src/wheel_robot' with type 'ros.ament_cmake' and name 'wheel_robot'
[0.549s] Level 1:colcon.colcon_core.package_identification:_identify(src/wheel_robot_demos) by extensions ['ignore', 'ignore_ament_install']
[0.549s] Level 1:colcon.colcon_core.package_identification:_identify(src/wheel_robot_demos) by extension 'ignore'
[0.549s] Level 1:colcon.colcon_core.package_identification:_identify(src/wheel_robot_demos) by extension 'ignore_ament_install'
[0.549s] Level 1:colcon.colcon_core.package_identification:_identify(src/wheel_robot_demos) by extensions ['colcon_pkg']
[0.549s] Level 1:colcon.colcon_core.package_identification:_identify(src/wheel_robot_demos) by extension 'colcon_pkg'
[0.549s] Level 1:colcon.colcon_core.package_identification:_identify(src/wheel_robot_demos) by extensions ['colcon_meta']
[0.549s] Level 1:colcon.colcon_core.package_identification:_identify(src/wheel_robot_demos) by extension 'colcon_meta'
[0.550s] Level 1:colcon.colcon_core.package_identification:_identify(src/wheel_robot_demos) by extensions ['ros']
[0.550s] Level 1:colcon.colcon_core.package_identification:_identify(src/wheel_robot_demos) by extension 'ros'
[0.551s] DEBUG:colcon.colcon_core.package_identification:Package 'src/wheel_robot_demos' with type 'ros.ament_cmake' and name 'wheel_robot_demos'
[0.551s] Level 1:colcon.colcon_core.package_identification:_identify(src/wheeled_legged_pkg) by extensions ['ignore', 'ignore_ament_install']
[0.551s] Level 1:colcon.colcon_core.package_identification:_identify(src/wheeled_legged_pkg) by extension 'ignore'
[0.551s] Level 1:colcon.colcon_core.package_identification:_identify(src/wheeled_legged_pkg) by extension 'ignore_ament_install'
[0.551s] Level 1:colcon.colcon_core.package_identification:_identify(src/wheeled_legged_pkg) by extensions ['colcon_pkg']
[0.551s] Level 1:colcon.colcon_core.package_identification:_identify(src/wheeled_legged_pkg) by extension 'colcon_pkg'
[0.551s] Level 1:colcon.colcon_core.package_identification:_identify(src/wheeled_legged_pkg) by extensions ['colcon_meta']
[0.552s] Level 1:colcon.colcon_core.package_identification:_identify(src/wheeled_legged_pkg) by extension 'colcon_meta'
[0.552s] Level 1:colcon.colcon_core.package_identification:_identify(src/wheeled_legged_pkg) by extensions ['ros']
[0.552s] Level 1:colcon.colcon_core.package_identification:_identify(src/wheeled_legged_pkg) by extension 'ros'
[0.554s] DEBUG:colcon.colcon_core.package_identification:Package 'src/wheeled_legged_pkg' with type 'ros.ament_cmake' and name 'wheeled_legged_pkg'
[0.554s] Level 1:colcon.colcon_core.package_identification:_identify(vision_course) by extensions ['ignore', 'ignore_ament_install']
[0.554s] Level 1:colcon.colcon_core.package_identification:_identify(vision_course) by extension 'ignore'
[0.554s] Level 1:colcon.colcon_core.package_identification:_identify(vision_course) by extension 'ignore_ament_install'
[0.554s] Level 1:colcon.colcon_core.package_identification:_identify(vision_course) by extensions ['colcon_pkg']
[0.555s] Level 1:colcon.colcon_core.package_identification:_identify(vision_course) by extension 'colcon_pkg'
[0.555s] Level 1:colcon.colcon_core.package_identification:_identify(vision_course) by extensions ['colcon_meta']
[0.555s] Level 1:colcon.colcon_core.package_identification:_identify(vision_course) by extension 'colcon_meta'
[0.555s] Level 1:colcon.colcon_core.package_identification:_identify(vision_course) by extensions ['ros']
[0.555s] Level 1:colcon.colcon_core.package_identification:_identify(vision_course) by extension 'ros'
[0.555s] Level 1:colcon.colcon_core.package_identification:_identify(vision_course) by extensions ['cmake', 'python']
[0.555s] Level 1:colcon.colcon_core.package_identification:_identify(vision_course) by extension 'cmake'
[0.555s] Level 1:colcon.colcon_core.package_identification:_identify(vision_course) by extension 'python'
[0.555s] Level 1:colcon.colcon_core.package_identification:_identify(vision_course) by extensions ['python_setup_py']
[0.555s] Level 1:colcon.colcon_core.package_identification:_identify(vision_course) by extension 'python_setup_py'
[0.555s] Level 1:colcon.colcon_core.package_identification:_identify(vision_course/datasets) by extensions ['ignore', 'ignore_ament_install']
[0.555s] Level 1:colcon.colcon_core.package_identification:_identify(vision_course/datasets) by extension 'ignore'
[0.556s] Level 1:colcon.colcon_core.package_identification:_identify(vision_course/datasets) by extension 'ignore_ament_install'
[0.556s] Level 1:colcon.colcon_core.package_identification:_identify(vision_course/datasets) by extensions ['colcon_pkg']
[0.556s] Level 1:colcon.colcon_core.package_identification:_identify(vision_course/datasets) by extension 'colcon_pkg'
[0.556s] Level 1:colcon.colcon_core.package_identification:_identify(vision_course/datasets) by extensions ['colcon_meta']
[0.556s] Level 1:colcon.colcon_core.package_identification:_identify(vision_course/datasets) by extension 'colcon_meta'
[0.556s] Level 1:colcon.colcon_core.package_identification:_identify(vision_course/datasets) by extensions ['ros']
[0.556s] Level 1:colcon.colcon_core.package_identification:_identify(vision_course/datasets) by extension 'ros'
[0.556s] Level 1:colcon.colcon_core.package_identification:_identify(vision_course/datasets) by extensions ['cmake', 'python']
[0.556s] Level 1:colcon.colcon_core.package_identification:_identify(vision_course/datasets) by extension 'cmake'
[0.556s] Level 1:colcon.colcon_core.package_identification:_identify(vision_course/datasets) by extension 'python'
[0.556s] Level 1:colcon.colcon_core.package_identification:_identify(vision_course/datasets) by extensions ['python_setup_py']
[0.556s] Level 1:colcon.colcon_core.package_identification:_identify(vision_course/datasets) by extension 'python_setup_py'
[0.556s] Level 1:colcon.colcon_core.package_identification:_identify(vision_course/images) by extensions ['ignore', 'ignore_ament_install']
[0.557s] Level 1:colcon.colcon_core.package_identification:_identify(vision_course/images) by extension 'ignore'
[0.557s] Level 1:colcon.colcon_core.package_identification:_identify(vision_course/images) by extension 'ignore_ament_install'
[0.557s] Level 1:colcon.colcon_core.package_identification:_identify(vision_course/images) by extensions ['colcon_pkg']
[0.557s] Level 1:colcon.colcon_core.package_identification:_identify(vision_course/images) by extension 'colcon_pkg'
[0.557s] Level 1:colcon.colcon_core.package_identification:_identify(vision_course/images) by extensions ['colcon_meta']
[0.557s] Level 1:colcon.colcon_core.package_identification:_identify(vision_course/images) by extension 'colcon_meta'
[0.557s] Level 1:colcon.colcon_core.package_identification:_identify(vision_course/images) by extensions ['ros']
[0.557s] Level 1:colcon.colcon_core.package_identification:_identify(vision_course/images) by extension 'ros'
[0.557s] Level 1:colcon.colcon_core.package_identification:_identify(vision_course/images) by extensions ['cmake', 'python']
[0.557s] Level 1:colcon.colcon_core.package_identification:_identify(vision_course/images) by extension 'cmake'
[0.557s] Level 1:colcon.colcon_core.package_identification:_identify(vision_course/images) by extension 'python'
[0.557s] Level 1:colcon.colcon_core.package_identification:_identify(vision_course/images) by extensions ['python_setup_py']
[0.557s] Level 1:colcon.colcon_core.package_identification:_identify(vision_course/images) by extension 'python_setup_py'
[0.558s] Level 1:colcon.colcon_core.package_identification:_identify(vision_course/images/calibration) by extensions ['ignore', 'ignore_ament_install']
[0.558s] Level 1:colcon.colcon_core.package_identification:_identify(vision_course/images/calibration) by extension 'ignore'
[0.558s] Level 1:colcon.colcon_core.package_identification:_identify(vision_course/images/calibration) by extension 'ignore_ament_install'
[0.558s] Level 1:colcon.colcon_core.package_identification:_identify(vision_course/images/calibration) by extensions ['colcon_pkg']
[0.558s] Level 1:colcon.colcon_core.package_identification:_identify(vision_course/images/calibration) by extension 'colcon_pkg'
[0.558s] Level 1:colcon.colcon_core.package_identification:_identify(vision_course/images/calibration) by extensions ['colcon_meta']
[0.558s] Level 1:colcon.colcon_core.package_identification:_identify(vision_course/images/calibration) by extension 'colcon_meta'
[0.558s] Level 1:colcon.colcon_core.package_identification:_identify(vision_course/images/calibration) by extensions ['ros']
[0.558s] Level 1:colcon.colcon_core.package_identification:_identify(vision_course/images/calibration) by extension 'ros'
[0.558s] Level 1:colcon.colcon_core.package_identification:_identify(vision_course/images/calibration) by extensions ['cmake', 'python']
[0.558s] Level 1:colcon.colcon_core.package_identification:_identify(vision_course/images/calibration) by extension 'cmake'
[0.558s] Level 1:colcon.colcon_core.package_identification:_identify(vision_course/images/calibration) by extension 'python'
[0.559s] Level 1:colcon.colcon_core.package_identification:_identify(vision_course/images/calibration) by extensions ['python_setup_py']
[0.559s] Level 1:colcon.colcon_core.package_identification:_identify(vision_course/images/calibration) by extension 'python_setup_py'
[0.559s] Level 1:colcon.colcon_core.package_identification:_identify(vision_course/logs) by extensions ['ignore', 'ignore_ament_install']
[0.559s] Level 1:colcon.colcon_core.package_identification:_identify(vision_course/logs) by extension 'ignore'
[0.559s] Level 1:colcon.colcon_core.package_identification:_identify(vision_course/logs) by extension 'ignore_ament_install'
[0.559s] Level 1:colcon.colcon_core.package_identification:_identify(vision_course/logs) by extensions ['colcon_pkg']
[0.559s] Level 1:colcon.colcon_core.package_identification:_identify(vision_course/logs) by extension 'colcon_pkg'
[0.559s] Level 1:colcon.colcon_core.package_identification:_identify(vision_course/logs) by extensions ['colcon_meta']
[0.559s] Level 1:colcon.colcon_core.package_identification:_identify(vision_course/logs) by extension 'colcon_meta'
[0.559s] Level 1:colcon.colcon_core.package_identification:_identify(vision_course/logs) by extensions ['ros']
[0.559s] Level 1:colcon.colcon_core.package_identification:_identify(vision_course/logs) by extension 'ros'
[0.559s] Level 1:colcon.colcon_core.package_identification:_identify(vision_course/logs) by extensions ['cmake', 'python']
[0.559s] Level 1:colcon.colcon_core.package_identification:_identify(vision_course/logs) by extension 'cmake'
[0.560s] Level 1:colcon.colcon_core.package_identification:_identify(vision_course/logs) by extension 'python'
[0.560s] Level 1:colcon.colcon_core.package_identification:_identify(vision_course/logs) by extensions ['python_setup_py']
[0.560s] Level 1:colcon.colcon_core.package_identification:_identify(vision_course/logs) by extension 'python_setup_py'
[0.560s] Level 1:colcon.colcon_core.package_identification:_identify(vision_course/models) by extensions ['ignore', 'ignore_ament_install']
[0.560s] Level 1:colcon.colcon_core.package_identification:_identify(vision_course/models) by extension 'ignore'
[0.560s] Level 1:colcon.colcon_core.package_identification:_identify(vision_course/models) by extension 'ignore_ament_install'
[0.560s] Level 1:colcon.colcon_core.package_identification:_identify(vision_course/models) by extensions ['colcon_pkg']
[0.560s] Level 1:colcon.colcon_core.package_identification:_identify(vision_course/models) by extension 'colcon_pkg'
[0.560s] Level 1:colcon.colcon_core.package_identification:_identify(vision_course/models) by extensions ['colcon_meta']
[0.560s] Level 1:colcon.colcon_core.package_identification:_identify(vision_course/models) by extension 'colcon_meta'
[0.560s] Level 1:colcon.colcon_core.package_identification:_identify(vision_course/models) by extensions ['ros']
[0.560s] Level 1:colcon.colcon_core.package_identification:_identify(vision_course/models) by extension 'ros'
[0.560s] Level 1:colcon.colcon_core.package_identification:_identify(vision_course/models) by extensions ['cmake', 'python']
[0.561s] Level 1:colcon.colcon_core.package_identification:_identify(vision_course/models) by extension 'cmake'
[0.561s] Level 1:colcon.colcon_core.package_identification:_identify(vision_course/models) by extension 'python'
[0.561s] Level 1:colcon.colcon_core.package_identification:_identify(vision_course/models) by extensions ['python_setup_py']
[0.561s] Level 1:colcon.colcon_core.package_identification:_identify(vision_course/models) by extension 'python_setup_py'
[0.561s] Level 1:colcon.colcon_core.package_identification:_identify(vision_course/src) by extensions ['ignore', 'ignore_ament_install']
[0.561s] Level 1:colcon.colcon_core.package_identification:_identify(vision_course/src) by extension 'ignore'
[0.561s] Level 1:colcon.colcon_core.package_identification:_identify(vision_course/src) by extension 'ignore_ament_install'
[0.561s] Level 1:colcon.colcon_core.package_identification:_identify(vision_course/src) by extensions ['colcon_pkg']
[0.561s] Level 1:colcon.colcon_core.package_identification:_identify(vision_course/src) by extension 'colcon_pkg'
[0.561s] Level 1:colcon.colcon_core.package_identification:_identify(vision_course/src) by extensions ['colcon_meta']
[0.561s] Level 1:colcon.colcon_core.package_identification:_identify(vision_course/src) by extension 'colcon_meta'
[0.561s] Level 1:colcon.colcon_core.package_identification:_identify(vision_course/src) by extensions ['ros']
[0.561s] Level 1:colcon.colcon_core.package_identification:_identify(vision_course/src) by extension 'ros'
[0.562s] Level 1:colcon.colcon_core.package_identification:_identify(vision_course/src) by extensions ['cmake', 'python']
[0.562s] Level 1:colcon.colcon_core.package_identification:_identify(vision_course/src) by extension 'cmake'
[0.562s] Level 1:colcon.colcon_core.package_identification:_identify(vision_course/src) by extension 'python'
[0.562s] Level 1:colcon.colcon_core.package_identification:_identify(vision_course/src) by extensions ['python_setup_py']
[0.562s] Level 1:colcon.colcon_core.package_identification:_identify(vision_course/src) by extension 'python_setup_py'
[0.562s] Level 1:colcon.colcon_core.package_identification:_identify(vision_course/src/__pycache__) by extensions ['ignore', 'ignore_ament_install']
[0.562s] Level 1:colcon.colcon_core.package_identification:_identify(vision_course/src/__pycache__) by extension 'ignore'
[0.562s] Level 1:colcon.colcon_core.package_identification:_identify(vision_course/src/__pycache__) by extension 'ignore_ament_install'
[0.562s] Level 1:colcon.colcon_core.package_identification:_identify(vision_course/src/__pycache__) by extensions ['colcon_pkg']
[0.562s] Level 1:colcon.colcon_core.package_identification:_identify(vision_course/src/__pycache__) by extension 'colcon_pkg'
[0.562s] Level 1:colcon.colcon_core.package_identification:_identify(vision_course/src/__pycache__) by extensions ['colcon_meta']
[0.562s] Level 1:colcon.colcon_core.package_identification:_identify(vision_course/src/__pycache__) by extension 'colcon_meta'
[0.563s] Level 1:colcon.colcon_core.package_identification:_identify(vision_course/src/__pycache__) by extensions ['ros']
[0.563s] Level 1:colcon.colcon_core.package_identification:_identify(vision_course/src/__pycache__) by extension 'ros'
[0.563s] Level 1:colcon.colcon_core.package_identification:_identify(vision_course/src/__pycache__) by extensions ['cmake', 'python']
[0.563s] Level 1:colcon.colcon_core.package_identification:_identify(vision_course/src/__pycache__) by extension 'cmake'
[0.563s] Level 1:colcon.colcon_core.package_identification:_identify(vision_course/src/__pycache__) by extension 'python'
[0.563s] Level 1:colcon.colcon_core.package_identification:_identify(vision_course/src/__pycache__) by extensions ['python_setup_py']
[0.563s] Level 1:colcon.colcon_core.package_identification:_identify(vision_course/src/__pycache__) by extension 'python_setup_py'
[0.563s] Level 1:colcon.colcon_core.package_identification:_identify(vision_course/videos) by extensions ['ignore', 'ignore_ament_install']
[0.563s] Level 1:colcon.colcon_core.package_identification:_identify(vision_course/videos) by extension 'ignore'
[0.563s] Level 1:colcon.colcon_core.package_identification:_identify(vision_course/videos) by extension 'ignore_ament_install'
[0.563s] Level 1:colcon.colcon_core.package_identification:_identify(vision_course/videos) by extensions ['colcon_pkg']
[0.563s] Level 1:colcon.colcon_core.package_identification:_identify(vision_course/videos) by extension 'colcon_pkg'
[0.563s] Level 1:colcon.colcon_core.package_identification:_identify(vision_course/videos) by extensions ['colcon_meta']
[0.564s] Level 1:colcon.colcon_core.package_identification:_identify(vision_course/videos) by extension 'colcon_meta'
[0.564s] Level 1:colcon.colcon_core.package_identification:_identify(vision_course/videos) by extensions ['ros']
[0.564s] Level 1:colcon.colcon_core.package_identification:_identify(vision_course/videos) by extension 'ros'
[0.564s] Level 1:colcon.colcon_core.package_identification:_identify(vision_course/videos) by extensions ['cmake', 'python']
[0.564s] Level 1:colcon.colcon_core.package_identification:_identify(vision_course/videos) by extension 'cmake'
[0.564s] Level 1:colcon.colcon_core.package_identification:_identify(vision_course/videos) by extension 'python'
[0.564s] Level 1:colcon.colcon_core.package_identification:_identify(vision_course/videos) by extensions ['python_setup_py']
[0.564s] Level 1:colcon.colcon_core.package_identification:_identify(vision_course/videos) by extension 'python_setup_py'
[0.564s] Level 1:colcon.colcon_core.package_discovery:discover_packages(recursive) using defaults
[0.564s] Level 1:colcon.colcon_core.package_discovery:discover_packages(ignore) discover
[0.564s] Level 1:colcon.colcon_core.package_discovery:discover_packages(ignore) using defaults
[0.564s] Level 1:colcon.colcon_core.package_discovery:discover_packages(path) discover
[0.564s] Level 1:colcon.colcon_core.package_discovery:discover_packages(path) using defaults
[0.608s] Level 5:colcon.colcon_core.verb:set package 'lesson12_ros_conversion' build argument 'cmake_args' from command line to 'None'
[0.608s] Level 5:colcon.colcon_core.verb:set package 'lesson12_ros_conversion' build argument 'cmake_target' from command line to 'None'
[0.608s] Level 5:colcon.colcon_core.verb:set package 'lesson12_ros_conversion' build argument 'cmake_target_skip_unavailable' from command line to 'False'
[0.608s] Level 5:colcon.colcon_core.verb:set package 'lesson12_ros_conversion' build argument 'cmake_clean_cache' from command line to 'False'
[0.608s] Level 5:colcon.colcon_core.verb:set package 'lesson12_ros_conversion' build argument 'cmake_clean_first' from command line to 'False'
[0.608s] Level 5:colcon.colcon_core.verb:set package 'lesson12_ros_conversion' build argument 'cmake_force_configure' from command line to 'False'
[0.608s] Level 5:colcon.colcon_core.verb:set package 'lesson12_ros_conversion' build argument 'ament_cmake_args' from command line to 'None'
[0.608s] Level 5:colcon.colcon_core.verb:set package 'lesson12_ros_conversion' build argument 'catkin_cmake_args' from command line to 'None'
[0.609s] Level 5:colcon.colcon_core.verb:set package 'lesson12_ros_conversion' build argument 'catkin_skip_building_tests' from command line to 'False'
[0.609s] DEBUG:colcon.colcon_core.verb:Building package 'lesson12_ros_conversion' with the following arguments: {'ament_cmake_args': None, 'build_base': '/home/orangepi/wheel_robot/build/lesson12_ros_conversion', 'catkin_cmake_args': None, 'catkin_skip_building_tests': False, 'cmake_args': None, 'cmake_clean_cache': False, 'cmake_clean_first': False, 'cmake_force_configure': False, 'cmake_target': None, 'cmake_target_skip_unavailable': False, 'install_base': '/home/orangepi/wheel_robot/install/lesson12_ros_conversion', 'merge_install': False, 'path': '/home/orangepi/wheel_robot/src/lesson12_ros_conversion', 'symlink_install': False, 'test_result_base': None}
[0.609s] Level 5:colcon.colcon_core.verb:set package 'motor_temperature_pkg' build argument 'cmake_args' from command line to 'None'
[0.609s] Level 5:colcon.colcon_core.verb:set package 'motor_temperature_pkg' build argument 'cmake_target' from command line to 'None'
[0.609s] Level 5:colcon.colcon_core.verb:set package 'motor_temperature_pkg' build argument 'cmake_target_skip_unavailable' from command line to 'False'
[0.609s] Level 5:colcon.colcon_core.verb:set package 'motor_temperature_pkg' build argument 'cmake_clean_cache' from command line to 'False'
[0.609s] Level 5:colcon.colcon_core.verb:set package 'motor_temperature_pkg' build argument 'cmake_clean_first' from command line to 'False'
[0.610s] Level 5:colcon.colcon_core.verb:set package 'motor_temperature_pkg' build argument 'cmake_force_configure' from command line to 'False'
[0.610s] Level 5:colcon.colcon_core.verb:set package 'motor_temperature_pkg' build argument 'ament_cmake_args' from command line to 'None'
[0.610s] Level 5:colcon.colcon_core.verb:set package 'motor_temperature_pkg' build argument 'catkin_cmake_args' from command line to 'None'
[0.610s] Level 5:colcon.colcon_core.verb:set package 'motor_temperature_pkg' build argument 'catkin_skip_building_tests' from command line to 'False'
[0.610s] DEBUG:colcon.colcon_core.verb:Building package 'motor_temperature_pkg' with the following arguments: {'ament_cmake_args': None, 'build_base': '/home/orangepi/wheel_robot/build/motor_temperature_pkg', 'catkin_cmake_args': None, 'catkin_skip_building_tests': False, 'cmake_args': None, 'cmake_clean_cache': False, 'cmake_clean_first': False, 'cmake_force_configure': False, 'cmake_target': None, 'cmake_target_skip_unavailable': False, 'install_base': '/home/orangepi/wheel_robot/install/motor_temperature_pkg', 'merge_install': False, 'path': '/home/orangepi/wheel_robot/src/motor_temperature_pkg', 'symlink_install': False, 'test_result_base': None}
[0.610s] Level 5:colcon.colcon_core.verb:set package 'wheel_legged_urdf_pkg' build argument 'cmake_args' from command line to 'None'
[0.610s] Level 5:colcon.colcon_core.verb:set package 'wheel_legged_urdf_pkg' build argument 'cmake_target' from command line to 'None'
[0.610s] Level 5:colcon.colcon_core.verb:set package 'wheel_legged_urdf_pkg' build argument 'cmake_target_skip_unavailable' from command line to 'False'
[0.610s] Level 5:colcon.colcon_core.verb:set package 'wheel_legged_urdf_pkg' build argument 'cmake_clean_cache' from command line to 'False'
[0.611s] Level 5:colcon.colcon_core.verb:set package 'wheel_legged_urdf_pkg' build argument 'cmake_clean_first' from command line to 'False'
[0.611s] Level 5:colcon.colcon_core.verb:set package 'wheel_legged_urdf_pkg' build argument 'cmake_force_configure' from command line to 'False'
[0.611s] Level 5:colcon.colcon_core.verb:set package 'wheel_legged_urdf_pkg' build argument 'ament_cmake_args' from command line to 'None'
[0.611s] Level 5:colcon.colcon_core.verb:set package 'wheel_legged_urdf_pkg' build argument 'catkin_cmake_args' from command line to 'None'
[0.611s] Level 5:colcon.colcon_core.verb:set package 'wheel_legged_urdf_pkg' build argument 'catkin_skip_building_tests' from command line to 'False'
[0.611s] DEBUG:colcon.colcon_core.verb:Building package 'wheel_legged_urdf_pkg' with the following arguments: {'ament_cmake_args': None, 'build_base': '/home/orangepi/wheel_robot/build/wheel_legged_urdf_pkg', 'catkin_cmake_args': None, 'catkin_skip_building_tests': False, 'cmake_args': None, 'cmake_clean_cache': False, 'cmake_clean_first': False, 'cmake_force_configure': False, 'cmake_target': None, 'cmake_target_skip_unavailable': False, 'install_base': '/home/orangepi/wheel_robot/install/wheel_legged_urdf_pkg', 'merge_install': False, 'path': '/home/orangepi/wheel_robot/src/wheel_legged_urdf_pkg', 'symlink_install': False, 'test_result_base': None}
[0.611s] Level 5:colcon.colcon_core.verb:set package 'wheel_robot_demos' build argument 'cmake_args' from command line to 'None'
[0.611s] Level 5:colcon.colcon_core.verb:set package 'wheel_robot_demos' build argument 'cmake_target' from command line to 'None'
[0.611s] Level 5:colcon.colcon_core.verb:set package 'wheel_robot_demos' build argument 'cmake_target_skip_unavailable' from command line to 'False'
[0.611s] Level 5:colcon.colcon_core.verb:set package 'wheel_robot_demos' build argument 'cmake_clean_cache' from command line to 'False'
[0.611s] Level 5:colcon.colcon_core.verb:set package 'wheel_robot_demos' build argument 'cmake_clean_first' from command line to 'False'
[0.612s] Level 5:colcon.colcon_core.verb:set package 'wheel_robot_demos' build argument 'cmake_force_configure' from command line to 'False'
[0.612s] Level 5:colcon.colcon_core.verb:set package 'wheel_robot_demos' build argument 'ament_cmake_args' from command line to 'None'
[0.612s] Level 5:colcon.colcon_core.verb:set package 'wheel_robot_demos' build argument 'catkin_cmake_args' from command line to 'None'
[0.612s] Level 5:colcon.colcon_core.verb:set package 'wheel_robot_demos' build argument 'catkin_skip_building_tests' from command line to 'False'
[0.612s] DEBUG:colcon.colcon_core.verb:Building package 'wheel_robot_demos' with the following arguments: {'ament_cmake_args': None, 'build_base': '/home/orangepi/wheel_robot/build/wheel_robot_demos', 'catkin_cmake_args': None, 'catkin_skip_building_tests': False, 'cmake_args': None, 'cmake_clean_cache': False, 'cmake_clean_first': False, 'cmake_force_configure': False, 'cmake_target': None, 'cmake_target_skip_unavailable': False, 'install_base': '/home/orangepi/wheel_robot/install/wheel_robot_demos', 'merge_install': False, 'path': '/home/orangepi/wheel_robot/src/wheel_robot_demos', 'symlink_install': False, 'test_result_base': None}
[0.612s] Level 5:colcon.colcon_core.verb:set package 'wheeled_legged_pkg' build argument 'cmake_args' from command line to 'None'
[0.612s] Level 5:colcon.colcon_core.verb:set package 'wheeled_legged_pkg' build argument 'cmake_target' from command line to 'None'
[0.612s] Level 5:colcon.colcon_core.verb:set package 'wheeled_legged_pkg' build argument 'cmake_target_skip_unavailable' from command line to 'False'
[0.612s] Level 5:colcon.colcon_core.verb:set package 'wheeled_legged_pkg' build argument 'cmake_clean_cache' from command line to 'False'
[0.612s] Level 5:colcon.colcon_core.verb:set package 'wheeled_legged_pkg' build argument 'cmake_clean_first' from command line to 'False'
[0.612s] Level 5:colcon.colcon_core.verb:set package 'wheeled_legged_pkg' build argument 'cmake_force_configure' from command line to 'False'
[0.612s] Level 5:colcon.colcon_core.verb:set package 'wheeled_legged_pkg' build argument 'ament_cmake_args' from command line to 'None'
[0.612s] Level 5:colcon.colcon_core.verb:set package 'wheeled_legged_pkg' build argument 'catkin_cmake_args' from command line to 'None'
[0.613s] Level 5:colcon.colcon_core.verb:set package 'wheeled_legged_pkg' build argument 'catkin_skip_building_tests' from command line to 'False'
[0.613s] DEBUG:colcon.colcon_core.verb:Building package 'wheeled_legged_pkg' with the following arguments: {'ament_cmake_args': None, 'build_base': '/home/orangepi/wheel_robot/build/wheeled_legged_pkg', 'catkin_cmake_args': None, 'catkin_skip_building_tests': False, 'cmake_args': None, 'cmake_clean_cache': False, 'cmake_clean_first': False, 'cmake_force_configure': False, 'cmake_target': None, 'cmake_target_skip_unavailable': False, 'install_base': '/home/orangepi/wheel_robot/install/wheeled_legged_pkg', 'merge_install': False, 'path': '/home/orangepi/wheel_robot/src/wheeled_legged_pkg', 'symlink_install': False, 'test_result_base': None}
[0.613s] Level 5:colcon.colcon_core.verb:set package 'wheel_robot' build argument 'cmake_args' from command line to 'None'
[0.613s] Level 5:colcon.colcon_core.verb:set package 'wheel_robot' build argument 'cmake_target' from command line to 'None'
[0.613s] Level 5:colcon.colcon_core.verb:set package 'wheel_robot' build argument 'cmake_target_skip_unavailable' from command line to 'False'
[0.613s] Level 5:colcon.colcon_core.verb:set package 'wheel_robot' build argument 'cmake_clean_cache' from command line to 'False'
[0.613s] Level 5:colcon.colcon_core.verb:set package 'wheel_robot' build argument 'cmake_clean_first' from command line to 'False'
[0.613s] Level 5:colcon.colcon_core.verb:set package 'wheel_robot' build argument 'cmake_force_configure' from command line to 'False'
[0.613s] Level 5:colcon.colcon_core.verb:set package 'wheel_robot' build argument 'ament_cmake_args' from command line to 'None'
[0.613s] Level 5:colcon.colcon_core.verb:set package 'wheel_robot' build argument 'catkin_cmake_args' from command line to 'None'
[0.613s] Level 5:colcon.colcon_core.verb:set package 'wheel_robot' build argument 'catkin_skip_building_tests' from command line to 'False'
[0.613s] DEBUG:colcon.colcon_core.verb:Building package 'wheel_robot' with the following arguments: {'ament_cmake_args': None, 'build_base': '/home/orangepi/wheel_robot/build/wheel_robot', 'catkin_cmake_args': None, 'catkin_skip_building_tests': False, 'cmake_args': None, 'cmake_clean_cache': False, 'cmake_clean_first': False, 'cmake_force_configure': False, 'cmake_target': None, 'cmake_target_skip_unavailable': False, 'install_base': '/home/orangepi/wheel_robot/install/wheel_robot', 'merge_install': False, 'path': '/home/orangepi/wheel_robot/src/wheel_robot', 'symlink_install': False, 'test_result_base': None}
[0.614s] INFO:colcon.colcon_core.executor:Executing jobs using 'parallel' executor
[0.616s] DEBUG:colcon.colcon_parallel_executor.executor.parallel:run_until_complete
[0.617s] INFO:colcon.colcon_ros.task.ament_cmake.build:Building ROS package in '/home/orangepi/wheel_robot/src/motor_temperature_pkg' with build type 'ament_cmake'
[0.617s] INFO:colcon.colcon_cmake.task.cmake.build:Building CMake package in '/home/orangepi/wheel_robot/src/motor_temperature_pkg'
[0.627s] INFO:colcon.colcon_core.plugin_system:Skipping extension 'colcon_core.shell.bat': Not used on non-Windows systems
[0.628s] INFO:colcon.colcon_core.shell:Skip shell extension 'powershell' for command environment: Not usable outside of PowerShell
[0.628s] DEBUG:colcon.colcon_core.shell:Skip shell extension 'dsv' for command environment
[0.630s] WARNING:colcon.colcon_ros.prefix_path.ament:The path '/home/orangepi/wheel_robot/install/simple_follower_ros2' in the environment variable AMENT_PREFIX_PATH doesn't exist
[0.638s] INFO:colcon.colcon_ros.task.ament_cmake.build:Building ROS package in '/home/orangepi/wheel_robot/src/lesson12_ros_conversion' with build type 'ament_cmake'
[0.638s] INFO:colcon.colcon_cmake.task.cmake.build:Building CMake package in '/home/orangepi/wheel_robot/src/lesson12_ros_conversion'
[0.639s] INFO:colcon.colcon_core.shell:Skip shell extension 'powershell' for command environment: Not usable outside of PowerShell
[0.639s] DEBUG:colcon.colcon_core.shell:Skip shell extension 'dsv' for command environment
[0.646s] INFO:colcon.colcon_ros.task.ament_cmake.build:Building ROS package in '/home/orangepi/wheel_robot/src/wheel_legged_urdf_pkg' with build type 'ament_cmake'
[0.647s] INFO:colcon.colcon_cmake.task.cmake.build:Building CMake package in '/home/orangepi/wheel_robot/src/wheel_legged_urdf_pkg'
[0.647s] INFO:colcon.colcon_core.shell:Skip shell extension 'powershell' for command environment: Not usable outside of PowerShell
[0.647s] DEBUG:colcon.colcon_core.shell:Skip shell extension 'dsv' for command environment
[0.654s] INFO:colcon.colcon_ros.task.ament_cmake.build:Building ROS package in '/home/orangepi/wheel_robot/src/wheel_robot_demos' with build type 'ament_cmake'
[0.654s] INFO:colcon.colcon_cmake.task.cmake.build:Building CMake package in '/home/orangepi/wheel_robot/src/wheel_robot_demos'
[0.655s] INFO:colcon.colcon_core.shell:Skip shell extension 'powershell' for command environment: Not usable outside of PowerShell
[0.655s] DEBUG:colcon.colcon_core.shell:Skip shell extension 'dsv' for command environment
[0.711s] DEBUG:colcon.colcon_core.event_handler.log_command:Invoking command in '/home/orangepi/wheel_robot/build/motor_temperature_pkg': CMAKE_PREFIX_PATH=${CMAKE_PREFIX_PATH}:/home/orangepi/wheel_robot/install/simple_follower_ros2:/opt/ros/humble /usr/bin/cmake --build /home/orangepi/wheel_robot/build/motor_temperature_pkg -- -j8 -l8
[0.725s] DEBUG:colcon.colcon_core.event_handler.log_command:Invoking command in '/home/orangepi/wheel_robot/build/lesson12_ros_conversion': CMAKE_PREFIX_PATH=${CMAKE_PREFIX_PATH}:/home/orangepi/wheel_robot/install/simple_follower_ros2:/opt/ros/humble /usr/bin/cmake --build /home/orangepi/wheel_robot/build/lesson12_ros_conversion -- -j8 -l8
[0.733s] DEBUG:colcon.colcon_core.event_handler.log_command:Invoking command in '/home/orangepi/wheel_robot/build/wheel_legged_urdf_pkg': CMAKE_PREFIX_PATH=${CMAKE_PREFIX_PATH}:/home/orangepi/wheel_robot/install/simple_follower_ros2:/opt/ros/humble /usr/bin/cmake --build /home/orangepi/wheel_robot/build/wheel_legged_urdf_pkg -- -j8 -l8
[0.752s] DEBUG:colcon.colcon_core.event_handler.log_command:Invoking command in '/home/orangepi/wheel_robot/build/wheel_robot_demos': CMAKE_PREFIX_PATH=${CMAKE_PREFIX_PATH}:/home/orangepi/wheel_robot/install/simple_follower_ros2:/opt/ros/humble /usr/bin/cmake --build /home/orangepi/wheel_robot/build/wheel_robot_demos -- -j8 -l8
[0.856s] DEBUG:colcon.colcon_core.event_handler.log_command:Invoked command in '/home/orangepi/wheel_robot/build/wheel_legged_urdf_pkg' returned '0': CMAKE_PREFIX_PATH=${CMAKE_PREFIX_PATH}:/home/orangepi/wheel_robot/install/simple_follower_ros2:/opt/ros/humble /usr/bin/cmake --build /home/orangepi/wheel_robot/build/wheel_legged_urdf_pkg -- -j8 -l8
[0.913s] DEBUG:colcon.colcon_core.event_handler.log_command:Invoking command in '/home/orangepi/wheel_robot/build/wheel_legged_urdf_pkg': CMAKE_PREFIX_PATH=${CMAKE_PREFIX_PATH}:/home/orangepi/wheel_robot/install/simple_follower_ros2:/opt/ros/humble /usr/bin/cmake --install /home/orangepi/wheel_robot/build/wheel_legged_urdf_pkg
[0.939s] DEBUG:colcon.colcon_core.event_handler.log_command:Invoked command in '/home/orangepi/wheel_robot/build/wheel_robot_demos' returned '0': CMAKE_PREFIX_PATH=${CMAKE_PREFIX_PATH}:/home/orangepi/wheel_robot/install/simple_follower_ros2:/opt/ros/humble /usr/bin/cmake --build /home/orangepi/wheel_robot/build/wheel_robot_demos -- -j8 -l8
[0.947s] DEBUG:colcon.colcon_core.event_handler.log_command:Invoking command in '/home/orangepi/wheel_robot/build/wheel_robot_demos': CMAKE_PREFIX_PATH=${CMAKE_PREFIX_PATH}:/home/orangepi/wheel_robot/install/simple_follower_ros2:/opt/ros/humble /usr/bin/cmake --install /home/orangepi/wheel_robot/build/wheel_robot_demos
[0.953s] Level 1:colcon.colcon_core.environment:create_environment_scripts_only(wheel_legged_urdf_pkg)
[0.968s] DEBUG:colcon.colcon_core.event_handler.log_command:Invoked command in '/home/orangepi/wheel_robot/build/wheel_legged_urdf_pkg' returned '0': CMAKE_PREFIX_PATH=${CMAKE_PREFIX_PATH}:/home/orangepi/wheel_robot/install/simple_follower_ros2:/opt/ros/humble /usr/bin/cmake --install /home/orangepi/wheel_robot/build/wheel_legged_urdf_pkg
[0.973s] Level 1:colcon.colcon_core.environment:checking '/home/orangepi/wheel_robot/install/wheel_legged_urdf_pkg' for CMake module files
[0.976s] Level 1:colcon.colcon_core.environment:checking '/home/orangepi/wheel_robot/install/wheel_legged_urdf_pkg' for CMake config files
[0.977s] Level 1:colcon.colcon_core.shell:create_environment_hook('wheel_legged_urdf_pkg', 'cmake_prefix_path')
[0.978s] INFO:colcon.colcon_core.shell:Creating environment hook '/home/orangepi/wheel_robot/install/wheel_legged_urdf_pkg/share/wheel_legged_urdf_pkg/hook/cmake_prefix_path.ps1'
[0.983s] INFO:colcon.colcon_core.shell:Creating environment descriptor '/home/orangepi/wheel_robot/install/wheel_legged_urdf_pkg/share/wheel_legged_urdf_pkg/hook/cmake_prefix_path.dsv'
[0.990s] INFO:colcon.colcon_core.shell:Creating environment hook '/home/orangepi/wheel_robot/install/wheel_legged_urdf_pkg/share/wheel_legged_urdf_pkg/hook/cmake_prefix_path.sh'
[0.995s] Level 1:colcon.colcon_core.environment:checking '/home/orangepi/wheel_robot/install/wheel_legged_urdf_pkg/bin'
[0.996s] Level 1:colcon.colcon_core.environment:checking '/home/orangepi/wheel_robot/install/wheel_legged_urdf_pkg/lib/pkgconfig/wheel_legged_urdf_pkg.pc'
[1.002s] Level 1:colcon.colcon_core.environment:checking '/home/orangepi/wheel_robot/install/wheel_legged_urdf_pkg/lib/python3.10/site-packages'
[1.004s] Level 1:colcon.colcon_core.environment:checking '/home/orangepi/wheel_robot/install/wheel_legged_urdf_pkg/bin'
[1.005s] INFO:colcon.colcon_core.shell:Creating package script '/home/orangepi/wheel_robot/install/wheel_legged_urdf_pkg/share/wheel_legged_urdf_pkg/package.ps1'
[1.010s] INFO:colcon.colcon_core.shell:Creating package descriptor '/home/orangepi/wheel_robot/install/wheel_legged_urdf_pkg/share/wheel_legged_urdf_pkg/package.dsv'
[1.019s] INFO:colcon.colcon_core.shell:Creating package script '/home/orangepi/wheel_robot/install/wheel_legged_urdf_pkg/share/wheel_legged_urdf_pkg/package.sh'
[1.026s] INFO:colcon.colcon_core.shell:Creating package script '/home/orangepi/wheel_robot/install/wheel_legged_urdf_pkg/share/wheel_legged_urdf_pkg/package.bash'
[1.030s] INFO:colcon.colcon_core.shell:Creating package script '/home/orangepi/wheel_robot/install/wheel_legged_urdf_pkg/share/wheel_legged_urdf_pkg/package.zsh'
[1.033s] Level 1:colcon.colcon_core.environment:create_file_with_runtime_dependencies(/home/orangepi/wheel_robot/install/wheel_legged_urdf_pkg/share/colcon-core/packages/wheel_legged_urdf_pkg)
[1.036s] Level 1:colcon.colcon_core.environment:create_environment_scripts_only(wheel_legged_urdf_pkg)
[1.037s] Level 1:colcon.colcon_core.environment:checking '/home/orangepi/wheel_robot/install/wheel_legged_urdf_pkg' for CMake module files
[1.038s] Level 1:colcon.colcon_core.environment:checking '/home/orangepi/wheel_robot/install/wheel_legged_urdf_pkg' for CMake config files
[1.038s] Level 1:colcon.colcon_core.shell:create_environment_hook('wheel_legged_urdf_pkg', 'cmake_prefix_path')
[1.039s] INFO:colcon.colcon_core.shell:Creating environment hook '/home/orangepi/wheel_robot/install/wheel_legged_urdf_pkg/share/wheel_legged_urdf_pkg/hook/cmake_prefix_path.ps1'
[1.041s] INFO:colcon.colcon_core.shell:Creating environment descriptor '/home/orangepi/wheel_robot/install/wheel_legged_urdf_pkg/share/wheel_legged_urdf_pkg/hook/cmake_prefix_path.dsv'
[1.042s] INFO:colcon.colcon_core.shell:Creating environment hook '/home/orangepi/wheel_robot/install/wheel_legged_urdf_pkg/share/wheel_legged_urdf_pkg/hook/cmake_prefix_path.sh'
[1.044s] Level 1:colcon.colcon_core.environment:checking '/home/orangepi/wheel_robot/install/wheel_legged_urdf_pkg/bin'
[1.045s] Level 1:colcon.colcon_core.environment:checking '/home/orangepi/wheel_robot/install/wheel_legged_urdf_pkg/lib/pkgconfig/wheel_legged_urdf_pkg.pc'
[1.045s] Level 1:colcon.colcon_core.environment:checking '/home/orangepi/wheel_robot/install/wheel_legged_urdf_pkg/lib/python3.10/site-packages'
[1.046s] Level 1:colcon.colcon_core.environment:checking '/home/orangepi/wheel_robot/install/wheel_legged_urdf_pkg/bin'
[1.047s] INFO:colcon.colcon_core.shell:Creating package script '/home/orangepi/wheel_robot/install/wheel_legged_urdf_pkg/share/wheel_legged_urdf_pkg/package.ps1'
[1.049s] INFO:colcon.colcon_core.shell:Creating package descriptor '/home/orangepi/wheel_robot/install/wheel_legged_urdf_pkg/share/wheel_legged_urdf_pkg/package.dsv'
[1.050s] INFO:colcon.colcon_core.shell:Creating package script '/home/orangepi/wheel_robot/install/wheel_legged_urdf_pkg/share/wheel_legged_urdf_pkg/package.sh'
[1.052s] INFO:colcon.colcon_core.shell:Creating package script '/home/orangepi/wheel_robot/install/wheel_legged_urdf_pkg/share/wheel_legged_urdf_pkg/package.bash'
[1.053s] INFO:colcon.colcon_core.shell:Creating package script '/home/orangepi/wheel_robot/install/wheel_legged_urdf_pkg/share/wheel_legged_urdf_pkg/package.zsh'
[1.055s] Level 1:colcon.colcon_core.environment:create_file_with_runtime_dependencies(/home/orangepi/wheel_robot/install/wheel_legged_urdf_pkg/share/colcon-core/packages/wheel_legged_urdf_pkg)
[1.059s] Level 1:colcon.colcon_core.environment:create_environment_scripts_only(wheel_robot_demos)
[1.060s] Level 1:colcon.colcon_core.environment:checking '/home/orangepi/wheel_robot/install/wheel_robot_demos' for CMake module files
[1.063s] DEBUG:colcon.colcon_core.event_handler.log_command:Invoked command in '/home/orangepi/wheel_robot/build/wheel_robot_demos' returned '0': CMAKE_PREFIX_PATH=${CMAKE_PREFIX_PATH}:/home/orangepi/wheel_robot/install/simple_follower_ros2:/opt/ros/humble /usr/bin/cmake --install /home/orangepi/wheel_robot/build/wheel_robot_demos
[1.063s] Level 1:colcon.colcon_core.environment:checking '/home/orangepi/wheel_robot/install/wheel_robot_demos' for CMake config files
[1.064s] Level 1:colcon.colcon_core.shell:create_environment_hook('wheel_robot_demos', 'cmake_prefix_path')
[1.065s] INFO:colcon.colcon_core.shell:Creating environment hook '/home/orangepi/wheel_robot/install/wheel_robot_demos/share/wheel_robot_demos/hook/cmake_prefix_path.ps1'
[1.066s] INFO:colcon.colcon_core.shell:Creating environment descriptor '/home/orangepi/wheel_robot/install/wheel_robot_demos/share/wheel_robot_demos/hook/cmake_prefix_path.dsv'
[1.067s] INFO:colcon.colcon_core.shell:Creating environment hook '/home/orangepi/wheel_robot/install/wheel_robot_demos/share/wheel_robot_demos/hook/cmake_prefix_path.sh'
[1.072s] Level 1:colcon.colcon_core.environment:checking '/home/orangepi/wheel_robot/install/wheel_robot_demos/lib'
[1.073s] Level 1:colcon.colcon_core.environment:checking '/home/orangepi/wheel_robot/install/wheel_robot_demos/bin'
[1.074s] Level 1:colcon.colcon_core.environment:checking '/home/orangepi/wheel_robot/install/wheel_robot_demos/lib/pkgconfig/wheel_robot_demos.pc'
[1.074s] Level 1:colcon.colcon_core.environment:checking '/home/orangepi/wheel_robot/install/wheel_robot_demos/lib/python3.10/site-packages'
[1.075s] Level 1:colcon.colcon_core.environment:checking '/home/orangepi/wheel_robot/install/wheel_robot_demos/bin'
[1.076s] INFO:colcon.colcon_core.shell:Creating package script '/home/orangepi/wheel_robot/install/wheel_robot_demos/share/wheel_robot_demos/package.ps1'
[1.078s] INFO:colcon.colcon_core.shell:Creating package descriptor '/home/orangepi/wheel_robot/install/wheel_robot_demos/share/wheel_robot_demos/package.dsv'
[1.079s] INFO:colcon.colcon_core.shell:Creating package script '/home/orangepi/wheel_robot/install/wheel_robot_demos/share/wheel_robot_demos/package.sh'
[1.081s] INFO:colcon.colcon_core.shell:Creating package script '/home/orangepi/wheel_robot/install/wheel_robot_demos/share/wheel_robot_demos/package.bash'
[1.082s] INFO:colcon.colcon_core.shell:Creating package script '/home/orangepi/wheel_robot/install/wheel_robot_demos/share/wheel_robot_demos/package.zsh'
[1.083s] Level 1:colcon.colcon_core.environment:create_file_with_runtime_dependencies(/home/orangepi/wheel_robot/install/wheel_robot_demos/share/colcon-core/packages/wheel_robot_demos)
[1.085s] Level 1:colcon.colcon_core.environment:create_environment_scripts_only(wheel_robot_demos)
[1.086s] Level 1:colcon.colcon_core.environment:checking '/home/orangepi/wheel_robot/install/wheel_robot_demos' for CMake module files
[1.087s] Level 1:colcon.colcon_core.environment:checking '/home/orangepi/wheel_robot/install/wheel_robot_demos' for CMake config files
[1.087s] Level 1:colcon.colcon_core.shell:create_environment_hook('wheel_robot_demos', 'cmake_prefix_path')
[1.088s] INFO:colcon.colcon_core.shell:Creating environment hook '/home/orangepi/wheel_robot/install/wheel_robot_demos/share/wheel_robot_demos/hook/cmake_prefix_path.ps1'
[1.089s] INFO:colcon.colcon_core.shell:Creating environment descriptor '/home/orangepi/wheel_robot/install/wheel_robot_demos/share/wheel_robot_demos/hook/cmake_prefix_path.dsv'
[1.091s] INFO:colcon.colcon_core.shell:Creating environment hook '/home/orangepi/wheel_robot/install/wheel_robot_demos/share/wheel_robot_demos/hook/cmake_prefix_path.sh'
[1.093s] Level 1:colcon.colcon_core.environment:checking '/home/orangepi/wheel_robot/install/wheel_robot_demos/lib'
[1.093s] Level 1:colcon.colcon_core.environment:checking '/home/orangepi/wheel_robot/install/wheel_robot_demos/bin'
[1.093s] Level 1:colcon.colcon_core.environment:checking '/home/orangepi/wheel_robot/install/wheel_robot_demos/lib/pkgconfig/wheel_robot_demos.pc'
[1.094s] Level 1:colcon.colcon_core.environment:checking '/home/orangepi/wheel_robot/install/wheel_robot_demos/lib/python3.10/site-packages'
[1.095s] Level 1:colcon.colcon_core.environment:checking '/home/orangepi/wheel_robot/install/wheel_robot_demos/bin'
[1.096s] INFO:colcon.colcon_core.shell:Creating package script '/home/orangepi/wheel_robot/install/wheel_robot_demos/share/wheel_robot_demos/package.ps1'
[1.098s] INFO:colcon.colcon_core.shell:Creating package descriptor '/home/orangepi/wheel_robot/install/wheel_robot_demos/share/wheel_robot_demos/package.dsv'
[1.100s] INFO:colcon.colcon_core.shell:Creating package script '/home/orangepi/wheel_robot/install/wheel_robot_demos/share/wheel_robot_demos/package.sh'
[1.101s] INFO:colcon.colcon_core.shell:Creating package script '/home/orangepi/wheel_robot/install/wheel_robot_demos/share/wheel_robot_demos/package.bash'
[1.103s] INFO:colcon.colcon_core.shell:Creating package script '/home/orangepi/wheel_robot/install/wheel_robot_demos/share/wheel_robot_demos/package.zsh'
[1.105s] Level 1:colcon.colcon_core.environment:create_file_with_runtime_dependencies(/home/orangepi/wheel_robot/install/wheel_robot_demos/share/colcon-core/packages/wheel_robot_demos)
[1.114s] DEBUG:colcon.colcon_core.event_handler.log_command:Invoked command in '/home/orangepi/wheel_robot/build/lesson12_ros_conversion' returned '0': CMAKE_PREFIX_PATH=${CMAKE_PREFIX_PATH}:/home/orangepi/wheel_robot/install/simple_follower_ros2:/opt/ros/humble /usr/bin/cmake --build /home/orangepi/wheel_robot/build/lesson12_ros_conversion -- -j8 -l8
[1.120s] DEBUG:colcon.colcon_core.event_handler.log_command:Invoking command in '/home/orangepi/wheel_robot/build/lesson12_ros_conversion': CMAKE_PREFIX_PATH=${CMAKE_PREFIX_PATH}:/home/orangepi/wheel_robot/install/simple_follower_ros2:/opt/ros/humble /usr/bin/cmake --install /home/orangepi/wheel_robot/build/lesson12_ros_conversion
[1.153s] Level 1:colcon.colcon_core.environment:create_environment_scripts_only(lesson12_ros_conversion)
[1.154s] Level 1:colcon.colcon_core.environment:checking '/home/orangepi/wheel_robot/install/lesson12_ros_conversion' for CMake module files
[1.157s] Level 1:colcon.colcon_core.environment:checking '/home/orangepi/wheel_robot/install/lesson12_ros_conversion' for CMake config files
[1.163s] Level 1:colcon.colcon_core.shell:create_environment_hook('lesson12_ros_conversion', 'cmake_prefix_path')
[1.164s] INFO:colcon.colcon_core.shell:Creating environment hook '/home/orangepi/wheel_robot/install/lesson12_ros_conversion/share/lesson12_ros_conversion/hook/cmake_prefix_path.ps1'
[1.165s] DEBUG:colcon.colcon_core.event_handler.log_command:Invoked command in '/home/orangepi/wheel_robot/build/lesson12_ros_conversion' returned '0': CMAKE_PREFIX_PATH=${CMAKE_PREFIX_PATH}:/home/orangepi/wheel_robot/install/simple_follower_ros2:/opt/ros/humble /usr/bin/cmake --install /home/orangepi/wheel_robot/build/lesson12_ros_conversion
[1.167s] INFO:colcon.colcon_core.shell:Creating environment descriptor '/home/orangepi/wheel_robot/install/lesson12_ros_conversion/share/lesson12_ros_conversion/hook/cmake_prefix_path.dsv'
[1.173s] INFO:colcon.colcon_core.shell:Creating environment hook '/home/orangepi/wheel_robot/install/lesson12_ros_conversion/share/lesson12_ros_conversion/hook/cmake_prefix_path.sh'
[1.175s] Level 1:colcon.colcon_core.environment:checking '/home/orangepi/wheel_robot/install/lesson12_ros_conversion/lib'
[1.176s] Level 1:colcon.colcon_core.environment:checking '/home/orangepi/wheel_robot/install/lesson12_ros_conversion/bin'
[1.176s] Level 1:colcon.colcon_core.environment:checking '/home/orangepi/wheel_robot/install/lesson12_ros_conversion/lib/pkgconfig/lesson12_ros_conversion.pc'
[1.176s] Level 1:colcon.colcon_core.environment:checking '/home/orangepi/wheel_robot/install/lesson12_ros_conversion/lib/python3.10/site-packages'
[1.177s] Level 1:colcon.colcon_core.environment:checking '/home/orangepi/wheel_robot/install/lesson12_ros_conversion/bin'
[1.178s] INFO:colcon.colcon_core.shell:Creating package script '/home/orangepi/wheel_robot/install/lesson12_ros_conversion/share/lesson12_ros_conversion/package.ps1'
[1.180s] INFO:colcon.colcon_core.shell:Creating package descriptor '/home/orangepi/wheel_robot/install/lesson12_ros_conversion/share/lesson12_ros_conversion/package.dsv'
[1.181s] INFO:colcon.colcon_core.shell:Creating package script '/home/orangepi/wheel_robot/install/lesson12_ros_conversion/share/lesson12_ros_conversion/package.sh'
[1.182s] INFO:colcon.colcon_core.shell:Creating package script '/home/orangepi/wheel_robot/install/lesson12_ros_conversion/share/lesson12_ros_conversion/package.bash'
[1.183s] INFO:colcon.colcon_core.shell:Creating package script '/home/orangepi/wheel_robot/install/lesson12_ros_conversion/share/lesson12_ros_conversion/package.zsh'
[1.185s] Level 1:colcon.colcon_core.environment:create_file_with_runtime_dependencies(/home/orangepi/wheel_robot/install/lesson12_ros_conversion/share/colcon-core/packages/lesson12_ros_conversion)
[1.189s] Level 1:colcon.colcon_core.environment:create_environment_scripts_only(lesson12_ros_conversion)
[1.191s] Level 1:colcon.colcon_core.environment:checking '/home/orangepi/wheel_robot/install/lesson12_ros_conversion' for CMake module files
[1.193s] Level 1:colcon.colcon_core.environment:checking '/home/orangepi/wheel_robot/install/lesson12_ros_conversion' for CMake config files
[1.193s] Level 1:colcon.colcon_core.shell:create_environment_hook('lesson12_ros_conversion', 'cmake_prefix_path')
[1.194s] INFO:colcon.colcon_core.shell:Creating environment hook '/home/orangepi/wheel_robot/install/lesson12_ros_conversion/share/lesson12_ros_conversion/hook/cmake_prefix_path.ps1'
[1.195s] INFO:colcon.colcon_core.shell:Creating environment descriptor '/home/orangepi/wheel_robot/install/lesson12_ros_conversion/share/lesson12_ros_conversion/hook/cmake_prefix_path.dsv'
[1.197s] INFO:colcon.colcon_core.shell:Creating environment hook '/home/orangepi/wheel_robot/install/lesson12_ros_conversion/share/lesson12_ros_conversion/hook/cmake_prefix_path.sh'
[1.199s] Level 1:colcon.colcon_core.environment:checking '/home/orangepi/wheel_robot/install/lesson12_ros_conversion/lib'
[1.199s] Level 1:colcon.colcon_core.environment:checking '/home/orangepi/wheel_robot/install/lesson12_ros_conversion/bin'
[1.199s] Level 1:colcon.colcon_core.environment:checking '/home/orangepi/wheel_robot/install/lesson12_ros_conversion/lib/pkgconfig/lesson12_ros_conversion.pc'
[1.200s] Level 1:colcon.colcon_core.environment:checking '/home/orangepi/wheel_robot/install/lesson12_ros_conversion/lib/python3.10/site-packages'
[1.200s] Level 1:colcon.colcon_core.environment:checking '/home/orangepi/wheel_robot/install/lesson12_ros_conversion/bin'
[1.201s] INFO:colcon.colcon_core.shell:Creating package script '/home/orangepi/wheel_robot/install/lesson12_ros_conversion/share/lesson12_ros_conversion/package.ps1'
[1.203s] INFO:colcon.colcon_core.shell:Creating package descriptor '/home/orangepi/wheel_robot/install/lesson12_ros_conversion/share/lesson12_ros_conversion/package.dsv'
[1.205s] INFO:colcon.colcon_core.shell:Creating package script '/home/orangepi/wheel_robot/install/lesson12_ros_conversion/share/lesson12_ros_conversion/package.sh'
[1.208s] INFO:colcon.colcon_core.shell:Creating package script '/home/orangepi/wheel_robot/install/lesson12_ros_conversion/share/lesson12_ros_conversion/package.bash'
[1.209s] INFO:colcon.colcon_core.shell:Creating package script '/home/orangepi/wheel_robot/install/lesson12_ros_conversion/share/lesson12_ros_conversion/package.zsh'
[1.211s] Level 1:colcon.colcon_core.environment:create_file_with_runtime_dependencies(/home/orangepi/wheel_robot/install/lesson12_ros_conversion/share/colcon-core/packages/lesson12_ros_conversion)
[1.617s] DEBUG:colcon.colcon_core.event_handler.log_command:Invoked command in '/home/orangepi/wheel_robot/build/motor_temperature_pkg' returned '0': CMAKE_PREFIX_PATH=${CMAKE_PREFIX_PATH}:/home/orangepi/wheel_robot/install/simple_follower_ros2:/opt/ros/humble /usr/bin/cmake --build /home/orangepi/wheel_robot/build/motor_temperature_pkg -- -j8 -l8
[1.621s] DEBUG:colcon.colcon_core.event_handler.log_command:Invoking command in '/home/orangepi/wheel_robot/build/motor_temperature_pkg': CMAKE_PREFIX_PATH=${CMAKE_PREFIX_PATH}:/home/orangepi/wheel_robot/install/simple_follower_ros2:/opt/ros/humble /usr/bin/cmake --install /home/orangepi/wheel_robot/build/motor_temperature_pkg
[1.763s] Level 1:colcon.colcon_core.environment:create_environment_scripts_only(motor_temperature_pkg)
[1.764s] Level 1:colcon.colcon_core.environment:checking '/home/orangepi/wheel_robot/install/motor_temperature_pkg' for CMake module files
[1.767s] Level 1:colcon.colcon_core.environment:checking '/home/orangepi/wheel_robot/install/motor_temperature_pkg' for CMake config files
[1.772s] Level 1:colcon.colcon_core.shell:create_environment_hook('motor_temperature_pkg', 'cmake_prefix_path')
[1.773s] INFO:colcon.colcon_core.shell:Creating environment hook '/home/orangepi/wheel_robot/install/motor_temperature_pkg/share/motor_temperature_pkg/hook/cmake_prefix_path.ps1'
[1.775s] INFO:colcon.colcon_core.shell:Creating environment descriptor '/home/orangepi/wheel_robot/install/motor_temperature_pkg/share/motor_temperature_pkg/hook/cmake_prefix_path.dsv'
[1.776s] INFO:colcon.colcon_core.shell:Creating environment hook '/home/orangepi/wheel_robot/install/motor_temperature_pkg/share/motor_temperature_pkg/hook/cmake_prefix_path.sh'
[1.779s] Level 1:colcon.colcon_core.environment:checking '/home/orangepi/wheel_robot/install/motor_temperature_pkg/lib'
[1.780s] Level 1:colcon.colcon_core.shell:create_environment_hook('motor_temperature_pkg', 'ld_library_path_lib')
[1.781s] INFO:colcon.colcon_core.shell:Creating environment hook '/home/orangepi/wheel_robot/install/motor_temperature_pkg/share/motor_temperature_pkg/hook/ld_library_path_lib.ps1'
[1.783s] INFO:colcon.colcon_core.shell:Creating environment descriptor '/home/orangepi/wheel_robot/install/motor_temperature_pkg/share/motor_temperature_pkg/hook/ld_library_path_lib.dsv'
[1.785s] INFO:colcon.colcon_core.shell:Creating environment hook '/home/orangepi/wheel_robot/install/motor_temperature_pkg/share/motor_temperature_pkg/hook/ld_library_path_lib.sh'
[1.787s] Level 1:colcon.colcon_core.environment:checking '/home/orangepi/wheel_robot/install/motor_temperature_pkg/bin'
[1.787s] Level 1:colcon.colcon_core.environment:checking '/home/orangepi/wheel_robot/install/motor_temperature_pkg/lib/pkgconfig/motor_temperature_pkg.pc'
[1.788s] Level 1:colcon.colcon_core.environment:checking '/home/orangepi/wheel_robot/install/motor_temperature_pkg/lib/python3.10/site-packages'
[1.789s] Level 1:colcon.colcon_core.environment:checking '/home/orangepi/wheel_robot/install/motor_temperature_pkg/bin'
[1.789s] INFO:colcon.colcon_core.shell:Creating package script '/home/orangepi/wheel_robot/install/motor_temperature_pkg/share/motor_temperature_pkg/package.ps1'
[1.792s] INFO:colcon.colcon_core.shell:Creating package descriptor '/home/orangepi/wheel_robot/install/motor_temperature_pkg/share/motor_temperature_pkg/package.dsv'
[1.795s] INFO:colcon.colcon_core.shell:Creating package script '/home/orangepi/wheel_robot/install/motor_temperature_pkg/share/motor_temperature_pkg/package.sh'
[1.797s] INFO:colcon.colcon_core.shell:Creating package script '/home/orangepi/wheel_robot/install/motor_temperature_pkg/share/motor_temperature_pkg/package.bash'
[1.800s] INFO:colcon.colcon_core.shell:Creating package script '/home/orangepi/wheel_robot/install/motor_temperature_pkg/share/motor_temperature_pkg/package.zsh'
[1.802s] Level 1:colcon.colcon_core.environment:create_file_with_runtime_dependencies(/home/orangepi/wheel_robot/install/motor_temperature_pkg/share/colcon-core/packages/motor_temperature_pkg)
[1.807s] Level 1:colcon.colcon_core.environment:create_environment_scripts_only(motor_temperature_pkg)
[1.808s] Level 1:colcon.colcon_core.environment:checking '/home/orangepi/wheel_robot/install/motor_temperature_pkg' for CMake module files
[1.811s] DEBUG:colcon.colcon_core.event_handler.log_command:Invoked command in '/home/orangepi/wheel_robot/build/motor_temperature_pkg' returned '0': CMAKE_PREFIX_PATH=${CMAKE_PREFIX_PATH}:/home/orangepi/wheel_robot/install/simple_follower_ros2:/opt/ros/humble /usr/bin/cmake --install /home/orangepi/wheel_robot/build/motor_temperature_pkg
[1.813s] Level 1:colcon.colcon_core.environment:checking '/home/orangepi/wheel_robot/install/motor_temperature_pkg' for CMake config files
[1.814s] Level 1:colcon.colcon_core.shell:create_environment_hook('motor_temperature_pkg', 'cmake_prefix_path')
[1.814s] INFO:colcon.colcon_core.shell:Creating environment hook '/home/orangepi/wheel_robot/install/motor_temperature_pkg/share/motor_temperature_pkg/hook/cmake_prefix_path.ps1'
[1.815s] INFO:colcon.colcon_core.shell:Creating environment descriptor '/home/orangepi/wheel_robot/install/motor_temperature_pkg/share/motor_temperature_pkg/hook/cmake_prefix_path.dsv'
[1.816s] INFO:colcon.colcon_core.shell:Creating environment hook '/home/orangepi/wheel_robot/install/motor_temperature_pkg/share/motor_temperature_pkg/hook/cmake_prefix_path.sh'
[1.818s] Level 1:colcon.colcon_core.environment:checking '/home/orangepi/wheel_robot/install/motor_temperature_pkg/lib'
[1.819s] Level 1:colcon.colcon_core.shell:create_environment_hook('motor_temperature_pkg', 'ld_library_path_lib')
[1.819s] INFO:colcon.colcon_core.shell:Creating environment hook '/home/orangepi/wheel_robot/install/motor_temperature_pkg/share/motor_temperature_pkg/hook/ld_library_path_lib.ps1'
[1.820s] INFO:colcon.colcon_core.shell:Creating environment descriptor '/home/orangepi/wheel_robot/install/motor_temperature_pkg/share/motor_temperature_pkg/hook/ld_library_path_lib.dsv'
[1.821s] INFO:colcon.colcon_core.shell:Creating environment hook '/home/orangepi/wheel_robot/install/motor_temperature_pkg/share/motor_temperature_pkg/hook/ld_library_path_lib.sh'
[1.823s] Level 1:colcon.colcon_core.environment:checking '/home/orangepi/wheel_robot/install/motor_temperature_pkg/bin'
[1.824s] Level 1:colcon.colcon_core.environment:checking '/home/orangepi/wheel_robot/install/motor_temperature_pkg/lib/pkgconfig/motor_temperature_pkg.pc'
[1.824s] Level 1:colcon.colcon_core.environment:checking '/home/orangepi/wheel_robot/install/motor_temperature_pkg/lib/python3.10/site-packages'
[1.825s] Level 1:colcon.colcon_core.environment:checking '/home/orangepi/wheel_robot/install/motor_temperature_pkg/bin'
[1.826s] INFO:colcon.colcon_core.shell:Creating package script '/home/orangepi/wheel_robot/install/motor_temperature_pkg/share/motor_temperature_pkg/package.ps1'
[1.827s] INFO:colcon.colcon_core.shell:Creating package descriptor '/home/orangepi/wheel_robot/install/motor_temperature_pkg/share/motor_temperature_pkg/package.dsv'
[1.829s] INFO:colcon.colcon_core.shell:Creating package script '/home/orangepi/wheel_robot/install/motor_temperature_pkg/share/motor_temperature_pkg/package.sh'
[1.830s] INFO:colcon.colcon_core.shell:Creating package script '/home/orangepi/wheel_robot/install/motor_temperature_pkg/share/motor_temperature_pkg/package.bash'
[1.832s] INFO:colcon.colcon_core.shell:Creating package script '/home/orangepi/wheel_robot/install/motor_temperature_pkg/share/motor_temperature_pkg/package.zsh'
[1.833s] Level 1:colcon.colcon_core.environment:create_file_with_runtime_dependencies(/home/orangepi/wheel_robot/install/motor_temperature_pkg/share/colcon-core/packages/motor_temperature_pkg)
[1.834s] INFO:colcon.colcon_ros.task.ament_cmake.build:Building ROS package in '/home/orangepi/wheel_robot/src/wheeled_legged_pkg' with build type 'ament_cmake'
[1.835s] INFO:colcon.colcon_cmake.task.cmake.build:Building CMake package in '/home/orangepi/wheel_robot/src/wheeled_legged_pkg'
[1.835s] INFO:colcon.colcon_core.shell:Skip shell extension 'powershell' for command environment: Not usable outside of PowerShell
[1.836s] DEBUG:colcon.colcon_core.shell:Skip shell extension 'dsv' for command environment
[1.879s] DEBUG:colcon.colcon_core.event_handler.log_command:Invoking command in '/home/orangepi/wheel_robot/build/wheeled_legged_pkg': CMAKE_PREFIX_PATH=/home/orangepi/wheel_robot/install/motor_temperature_pkg:/home/orangepi/wheel_robot/install/wheel_robot:/home/orangepi/wheel_robot/install/wheeled_legged_pkg:/home/orangepi/wheel_robot/install/wheel_robot_demos:/home/orangepi/wheel_robot/install/wheel_legged_urdf_pkg:/home/orangepi/wheel_robot/install/lesson12_ros_conversion:/home/orangepi/wheel_robot/install/simple_follower_ros2:/opt/ros/humble LD_LIBRARY_PATH=/home/orangepi/wheel_robot/install/motor_temperature_pkg/lib:/home/orangepi/wheel_robot/install/wheel_robot/lib:/opt/ros/humble/opt/rviz_ogre_vendor/lib:/opt/ros/humble/lib/aarch64-linux-gnu:/opt/ros/humble/lib /usr/bin/cmake --build /home/orangepi/wheel_robot/build/wheeled_legged_pkg -- -j8 -l8
[2.149s] DEBUG:colcon.colcon_core.event_handler.log_command:Invoked command in '/home/orangepi/wheel_robot/build/wheeled_legged_pkg' returned '0': CMAKE_PREFIX_PATH=/home/orangepi/wheel_robot/install/motor_temperature_pkg:/home/orangepi/wheel_robot/install/wheel_robot:/home/orangepi/wheel_robot/install/wheeled_legged_pkg:/home/orangepi/wheel_robot/install/wheel_robot_demos:/home/orangepi/wheel_robot/install/wheel_legged_urdf_pkg:/home/orangepi/wheel_robot/install/lesson12_ros_conversion:/home/orangepi/wheel_robot/install/simple_follower_ros2:/opt/ros/humble LD_LIBRARY_PATH=/home/orangepi/wheel_robot/install/motor_temperature_pkg/lib:/home/orangepi/wheel_robot/install/wheel_robot/lib:/opt/ros/humble/opt/rviz_ogre_vendor/lib:/opt/ros/humble/lib/aarch64-linux-gnu:/opt/ros/humble/lib /usr/bin/cmake --build /home/orangepi/wheel_robot/build/wheeled_legged_pkg -- -j8 -l8
[2.153s] DEBUG:colcon.colcon_core.event_handler.log_command:Invoking command in '/home/orangepi/wheel_robot/build/wheeled_legged_pkg': CMAKE_PREFIX_PATH=/home/orangepi/wheel_robot/install/motor_temperature_pkg:/home/orangepi/wheel_robot/install/wheel_robot:/home/orangepi/wheel_robot/install/wheeled_legged_pkg:/home/orangepi/wheel_robot/install/wheel_robot_demos:/home/orangepi/wheel_robot/install/wheel_legged_urdf_pkg:/home/orangepi/wheel_robot/install/lesson12_ros_conversion:/home/orangepi/wheel_robot/install/simple_follower_ros2:/opt/ros/humble LD_LIBRARY_PATH=/home/orangepi/wheel_robot/install/motor_temperature_pkg/lib:/home/orangepi/wheel_robot/install/wheel_robot/lib:/opt/ros/humble/opt/rviz_ogre_vendor/lib:/opt/ros/humble/lib/aarch64-linux-gnu:/opt/ros/humble/lib /usr/bin/cmake --install /home/orangepi/wheel_robot/build/wheeled_legged_pkg
[2.183s] Level 1:colcon.colcon_core.environment:create_environment_scripts_only(wheeled_legged_pkg)
[2.184s] Level 1:colcon.colcon_core.environment:checking '/home/orangepi/wheel_robot/install/wheeled_legged_pkg' for CMake module files
[2.187s] Level 1:colcon.colcon_core.environment:checking '/home/orangepi/wheel_robot/install/wheeled_legged_pkg' for CMake config files
[2.189s] DEBUG:colcon.colcon_core.event_handler.log_command:Invoked command in '/home/orangepi/wheel_robot/build/wheeled_legged_pkg' returned '0': CMAKE_PREFIX_PATH=/home/orangepi/wheel_robot/install/motor_temperature_pkg:/home/orangepi/wheel_robot/install/wheel_robot:/home/orangepi/wheel_robot/install/wheeled_legged_pkg:/home/orangepi/wheel_robot/install/wheel_robot_demos:/home/orangepi/wheel_robot/install/wheel_legged_urdf_pkg:/home/orangepi/wheel_robot/install/lesson12_ros_conversion:/home/orangepi/wheel_robot/install/simple_follower_ros2:/opt/ros/humble LD_LIBRARY_PATH=/home/orangepi/wheel_robot/install/motor_temperature_pkg/lib:/home/orangepi/wheel_robot/install/wheel_robot/lib:/opt/ros/humble/opt/rviz_ogre_vendor/lib:/opt/ros/humble/lib/aarch64-linux-gnu:/opt/ros/humble/lib /usr/bin/cmake --install /home/orangepi/wheel_robot/build/wheeled_legged_pkg
[2.190s] Level 1:colcon.colcon_core.shell:create_environment_hook('wheeled_legged_pkg', 'cmake_prefix_path')
[2.190s] INFO:colcon.colcon_core.shell:Creating environment hook '/home/orangepi/wheel_robot/install/wheeled_legged_pkg/share/wheeled_legged_pkg/hook/cmake_prefix_path.ps1'
[2.191s] INFO:colcon.colcon_core.shell:Creating environment descriptor '/home/orangepi/wheel_robot/install/wheeled_legged_pkg/share/wheeled_legged_pkg/hook/cmake_prefix_path.dsv'
[2.192s] INFO:colcon.colcon_core.shell:Creating environment hook '/home/orangepi/wheel_robot/install/wheeled_legged_pkg/share/wheeled_legged_pkg/hook/cmake_prefix_path.sh'
[2.194s] Level 1:colcon.colcon_core.environment:checking '/home/orangepi/wheel_robot/install/wheeled_legged_pkg/lib'
[2.194s] Level 1:colcon.colcon_core.environment:checking '/home/orangepi/wheel_robot/install/wheeled_legged_pkg/bin'
[2.194s] Level 1:colcon.colcon_core.environment:checking '/home/orangepi/wheel_robot/install/wheeled_legged_pkg/lib/pkgconfig/wheeled_legged_pkg.pc'
[2.195s] Level 1:colcon.colcon_core.environment:checking '/home/orangepi/wheel_robot/install/wheeled_legged_pkg/lib/python3.10/site-packages'
[2.195s] Level 1:colcon.colcon_core.environment:checking '/home/orangepi/wheel_robot/install/wheeled_legged_pkg/bin'
[2.196s] INFO:colcon.colcon_core.shell:Creating package script '/home/orangepi/wheel_robot/install/wheeled_legged_pkg/share/wheeled_legged_pkg/package.ps1'
[2.197s] INFO:colcon.colcon_core.shell:Creating package descriptor '/home/orangepi/wheel_robot/install/wheeled_legged_pkg/share/wheeled_legged_pkg/package.dsv'
[2.198s] INFO:colcon.colcon_core.shell:Creating package script '/home/orangepi/wheel_robot/install/wheeled_legged_pkg/share/wheeled_legged_pkg/package.sh'
[2.199s] INFO:colcon.colcon_core.shell:Creating package script '/home/orangepi/wheel_robot/install/wheeled_legged_pkg/share/wheeled_legged_pkg/package.bash'
[2.201s] INFO:colcon.colcon_core.shell:Creating package script '/home/orangepi/wheel_robot/install/wheeled_legged_pkg/share/wheeled_legged_pkg/package.zsh'
[2.202s] Level 1:colcon.colcon_core.environment:create_file_with_runtime_dependencies(/home/orangepi/wheel_robot/install/wheeled_legged_pkg/share/colcon-core/packages/wheeled_legged_pkg)
[2.206s] Level 1:colcon.colcon_core.environment:create_environment_scripts_only(wheeled_legged_pkg)
[2.206s] Level 1:colcon.colcon_core.environment:checking '/home/orangepi/wheel_robot/install/wheeled_legged_pkg' for CMake module files
[2.207s] Level 1:colcon.colcon_core.environment:checking '/home/orangepi/wheel_robot/install/wheeled_legged_pkg' for CMake config files
[2.207s] Level 1:colcon.colcon_core.shell:create_environment_hook('wheeled_legged_pkg', 'cmake_prefix_path')
[2.208s] INFO:colcon.colcon_core.shell:Creating environment hook '/home/orangepi/wheel_robot/install/wheeled_legged_pkg/share/wheeled_legged_pkg/hook/cmake_prefix_path.ps1'
[2.209s] INFO:colcon.colcon_core.shell:Creating environment descriptor '/home/orangepi/wheel_robot/install/wheeled_legged_pkg/share/wheeled_legged_pkg/hook/cmake_prefix_path.dsv'
[2.210s] INFO:colcon.colcon_core.shell:Creating environment hook '/home/orangepi/wheel_robot/install/wheeled_legged_pkg/share/wheeled_legged_pkg/hook/cmake_prefix_path.sh'
[2.211s] Level 1:colcon.colcon_core.environment:checking '/home/orangepi/wheel_robot/install/wheeled_legged_pkg/lib'
[2.212s] Level 1:colcon.colcon_core.environment:checking '/home/orangepi/wheel_robot/install/wheeled_legged_pkg/bin'
[2.212s] Level 1:colcon.colcon_core.environment:checking '/home/orangepi/wheel_robot/install/wheeled_legged_pkg/lib/pkgconfig/wheeled_legged_pkg.pc'
[2.212s] Level 1:colcon.colcon_core.environment:checking '/home/orangepi/wheel_robot/install/wheeled_legged_pkg/lib/python3.10/site-packages'
[2.213s] Level 1:colcon.colcon_core.environment:checking '/home/orangepi/wheel_robot/install/wheeled_legged_pkg/bin'
[2.213s] INFO:colcon.colcon_core.shell:Creating package script '/home/orangepi/wheel_robot/install/wheeled_legged_pkg/share/wheeled_legged_pkg/package.ps1'
[2.215s] INFO:colcon.colcon_core.shell:Creating package descriptor '/home/orangepi/wheel_robot/install/wheeled_legged_pkg/share/wheeled_legged_pkg/package.dsv'
[2.216s] INFO:colcon.colcon_core.shell:Creating package script '/home/orangepi/wheel_robot/install/wheeled_legged_pkg/share/wheeled_legged_pkg/package.sh'
[2.217s] INFO:colcon.colcon_core.shell:Creating package script '/home/orangepi/wheel_robot/install/wheeled_legged_pkg/share/wheeled_legged_pkg/package.bash'
[2.218s] INFO:colcon.colcon_core.shell:Creating package script '/home/orangepi/wheel_robot/install/wheeled_legged_pkg/share/wheeled_legged_pkg/package.zsh'
[2.220s] Level 1:colcon.colcon_core.environment:create_file_with_runtime_dependencies(/home/orangepi/wheel_robot/install/wheeled_legged_pkg/share/colcon-core/packages/wheeled_legged_pkg)
[2.221s] INFO:colcon.colcon_ros.task.ament_cmake.build:Building ROS package in '/home/orangepi/wheel_robot/src/wheel_robot' with build type 'ament_cmake'
[2.222s] INFO:colcon.colcon_cmake.task.cmake.build:Building CMake package in '/home/orangepi/wheel_robot/src/wheel_robot'
[2.222s] INFO:colcon.colcon_core.shell:Skip shell extension 'powershell' for command environment: Not usable outside of PowerShell
[2.222s] DEBUG:colcon.colcon_core.shell:Skip shell extension 'dsv' for command environment
[2.256s] DEBUG:colcon.colcon_core.event_handler.log_command:Invoking command in '/home/orangepi/wheel_robot/build/wheel_robot': CMAKE_PREFIX_PATH=/home/orangepi/wheel_robot/install/wheeled_legged_pkg:/home/orangepi/wheel_robot/install/motor_temperature_pkg:/home/orangepi/wheel_robot/install/wheel_robot:/home/orangepi/wheel_robot/install/wheel_robot_demos:/home/orangepi/wheel_robot/install/wheel_legged_urdf_pkg:/home/orangepi/wheel_robot/install/lesson12_ros_conversion:/home/orangepi/wheel_robot/install/simple_follower_ros2:/opt/ros/humble LD_LIBRARY_PATH=/home/orangepi/wheel_robot/install/motor_temperature_pkg/lib:/home/orangepi/wheel_robot/install/wheel_robot/lib:/opt/ros/humble/opt/rviz_ogre_vendor/lib:/opt/ros/humble/lib/aarch64-linux-gnu:/opt/ros/humble/lib /usr/bin/cmake --build /home/orangepi/wheel_robot/build/wheel_robot -- -j8 -l8
[3.175s] DEBUG:colcon.colcon_core.event_handler.log_command:Invoked command in '/home/orangepi/wheel_robot/build/wheel_robot' returned '0': CMAKE_PREFIX_PATH=/home/orangepi/wheel_robot/install/wheeled_legged_pkg:/home/orangepi/wheel_robot/install/motor_temperature_pkg:/home/orangepi/wheel_robot/install/wheel_robot:/home/orangepi/wheel_robot/install/wheel_robot_demos:/home/orangepi/wheel_robot/install/wheel_legged_urdf_pkg:/home/orangepi/wheel_robot/install/lesson12_ros_conversion:/home/orangepi/wheel_robot/install/simple_follower_ros2:/opt/ros/humble LD_LIBRARY_PATH=/home/orangepi/wheel_robot/install/motor_temperature_pkg/lib:/home/orangepi/wheel_robot/install/wheel_robot/lib:/opt/ros/humble/opt/rviz_ogre_vendor/lib:/opt/ros/humble/lib/aarch64-linux-gnu:/opt/ros/humble/lib /usr/bin/cmake --build /home/orangepi/wheel_robot/build/wheel_robot -- -j8 -l8
[3.179s] DEBUG:colcon.colcon_core.event_handler.log_command:Invoking command in '/home/orangepi/wheel_robot/build/wheel_robot': CMAKE_PREFIX_PATH=/home/orangepi/wheel_robot/install/wheeled_legged_pkg:/home/orangepi/wheel_robot/install/motor_temperature_pkg:/home/orangepi/wheel_robot/install/wheel_robot:/home/orangepi/wheel_robot/install/wheel_robot_demos:/home/orangepi/wheel_robot/install/wheel_legged_urdf_pkg:/home/orangepi/wheel_robot/install/lesson12_ros_conversion:/home/orangepi/wheel_robot/install/simple_follower_ros2:/opt/ros/humble LD_LIBRARY_PATH=/home/orangepi/wheel_robot/install/motor_temperature_pkg/lib:/home/orangepi/wheel_robot/install/wheel_robot/lib:/opt/ros/humble/opt/rviz_ogre_vendor/lib:/opt/ros/humble/lib/aarch64-linux-gnu:/opt/ros/humble/lib /usr/bin/cmake --install /home/orangepi/wheel_robot/build/wheel_robot
[3.329s] Level 1:colcon.colcon_core.environment:create_environment_scripts_only(wheel_robot)
[3.330s] Level 1:colcon.colcon_core.environment:checking '/home/orangepi/wheel_robot/install/wheel_robot' for CMake module files
[3.333s] Level 1:colcon.colcon_core.environment:checking '/home/orangepi/wheel_robot/install/wheel_robot' for CMake config files
[3.339s] Level 1:colcon.colcon_core.shell:create_environment_hook('wheel_robot', 'cmake_prefix_path')
[3.339s] INFO:colcon.colcon_core.shell:Creating environment hook '/home/orangepi/wheel_robot/install/wheel_robot/share/wheel_robot/hook/cmake_prefix_path.ps1'
[3.342s] INFO:colcon.colcon_core.shell:Creating environment descriptor '/home/orangepi/wheel_robot/install/wheel_robot/share/wheel_robot/hook/cmake_prefix_path.dsv'
[3.343s] INFO:colcon.colcon_core.shell:Creating environment hook '/home/orangepi/wheel_robot/install/wheel_robot/share/wheel_robot/hook/cmake_prefix_path.sh'
[3.346s] Level 1:colcon.colcon_core.environment:checking '/home/orangepi/wheel_robot/install/wheel_robot/lib'
[3.346s] Level 1:colcon.colcon_core.shell:create_environment_hook('wheel_robot', 'ld_library_path_lib')
[3.347s] INFO:colcon.colcon_core.shell:Creating environment hook '/home/orangepi/wheel_robot/install/wheel_robot/share/wheel_robot/hook/ld_library_path_lib.ps1'
[3.349s] INFO:colcon.colcon_core.shell:Creating environment descriptor '/home/orangepi/wheel_robot/install/wheel_robot/share/wheel_robot/hook/ld_library_path_lib.dsv'
[3.351s] INFO:colcon.colcon_core.shell:Creating environment hook '/home/orangepi/wheel_robot/install/wheel_robot/share/wheel_robot/hook/ld_library_path_lib.sh'
[3.353s] Level 1:colcon.colcon_core.environment:checking '/home/orangepi/wheel_robot/install/wheel_robot/bin'
[3.353s] Level 1:colcon.colcon_core.environment:checking '/home/orangepi/wheel_robot/install/wheel_robot/lib/pkgconfig/wheel_robot.pc'
[3.354s] Level 1:colcon.colcon_core.environment:checking '/home/orangepi/wheel_robot/install/wheel_robot/lib/python3.10/site-packages'
[3.355s] Level 1:colcon.colcon_core.environment:checking '/home/orangepi/wheel_robot/install/wheel_robot/bin'
[3.356s] INFO:colcon.colcon_core.shell:Creating package script '/home/orangepi/wheel_robot/install/wheel_robot/share/wheel_robot/package.ps1'
[3.358s] INFO:colcon.colcon_core.shell:Creating package descriptor '/home/orangepi/wheel_robot/install/wheel_robot/share/wheel_robot/package.dsv'
[3.361s] INFO:colcon.colcon_core.shell:Creating package script '/home/orangepi/wheel_robot/install/wheel_robot/share/wheel_robot/package.sh'
[3.363s] INFO:colcon.colcon_core.shell:Creating package script '/home/orangepi/wheel_robot/install/wheel_robot/share/wheel_robot/package.bash'
[3.365s] INFO:colcon.colcon_core.shell:Creating package script '/home/orangepi/wheel_robot/install/wheel_robot/share/wheel_robot/package.zsh'
[3.367s] Level 1:colcon.colcon_core.environment:create_file_with_runtime_dependencies(/home/orangepi/wheel_robot/install/wheel_robot/share/colcon-core/packages/wheel_robot)
[3.370s] Level 1:colcon.colcon_core.environment:create_environment_scripts_only(wheel_robot)
[3.371s] Level 1:colcon.colcon_core.environment:checking '/home/orangepi/wheel_robot/install/wheel_robot' for CMake module files
[3.374s] Level 1:colcon.colcon_core.environment:checking '/home/orangepi/wheel_robot/install/wheel_robot' for CMake config files
[3.381s] Level 1:colcon.colcon_core.shell:create_environment_hook('wheel_robot', 'cmake_prefix_path')
[3.381s] INFO:colcon.colcon_core.shell:Creating environment hook '/home/orangepi/wheel_robot/install/wheel_robot/share/wheel_robot/hook/cmake_prefix_path.ps1'
[3.383s] INFO:colcon.colcon_core.shell:Creating environment descriptor '/home/orangepi/wheel_robot/install/wheel_robot/share/wheel_robot/hook/cmake_prefix_path.dsv'
[3.385s] INFO:colcon.colcon_core.shell:Creating environment hook '/home/orangepi/wheel_robot/install/wheel_robot/share/wheel_robot/hook/cmake_prefix_path.sh'
[3.389s] Level 1:colcon.colcon_core.environment:checking '/home/orangepi/wheel_robot/install/wheel_robot/lib'
[3.390s] Level 1:colcon.colcon_core.shell:create_environment_hook('wheel_robot', 'ld_library_path_lib')
[3.391s] INFO:colcon.colcon_core.shell:Creating environment hook '/home/orangepi/wheel_robot/install/wheel_robot/share/wheel_robot/hook/ld_library_path_lib.ps1'
[3.393s] INFO:colcon.colcon_core.shell:Creating environment descriptor '/home/orangepi/wheel_robot/install/wheel_robot/share/wheel_robot/hook/ld_library_path_lib.dsv'
[3.395s] INFO:colcon.colcon_core.shell:Creating environment hook '/home/orangepi/wheel_robot/install/wheel_robot/share/wheel_robot/hook/ld_library_path_lib.sh'
[3.397s] Level 1:colcon.colcon_core.environment:checking '/home/orangepi/wheel_robot/install/wheel_robot/bin'
[3.397s] Level 1:colcon.colcon_core.environment:checking '/home/orangepi/wheel_robot/install/wheel_robot/lib/pkgconfig/wheel_robot.pc'
[3.398s] Level 1:colcon.colcon_core.environment:checking '/home/orangepi/wheel_robot/install/wheel_robot/lib/python3.10/site-packages'
[3.399s] Level 1:colcon.colcon_core.environment:checking '/home/orangepi/wheel_robot/install/wheel_robot/bin'
[3.399s] INFO:colcon.colcon_core.shell:Creating package script '/home/orangepi/wheel_robot/install/wheel_robot/share/wheel_robot/package.ps1'
[3.402s] INFO:colcon.colcon_core.shell:Creating package descriptor '/home/orangepi/wheel_robot/install/wheel_robot/share/wheel_robot/package.dsv'
[3.404s] INFO:colcon.colcon_core.shell:Creating package script '/home/orangepi/wheel_robot/install/wheel_robot/share/wheel_robot/package.sh'
[3.406s] INFO:colcon.colcon_core.shell:Creating package script '/home/orangepi/wheel_robot/install/wheel_robot/share/wheel_robot/package.bash'
[3.409s] INFO:colcon.colcon_core.shell:Creating package script '/home/orangepi/wheel_robot/install/wheel_robot/share/wheel_robot/package.zsh'
[3.412s] Level 1:colcon.colcon_core.environment:create_file_with_runtime_dependencies(/home/orangepi/wheel_robot/install/wheel_robot/share/colcon-core/packages/wheel_robot)
[3.413s] DEBUG:colcon.colcon_parallel_executor.executor.parallel:closing loop
[3.414s] DEBUG:colcon.colcon_parallel_executor.executor.parallel:loop closed
[3.414s] DEBUG:colcon.colcon_parallel_executor.executor.parallel:run_until_complete finished with '0'
[3.414s] DEBUG:colcon.colcon_core.event_reactor:joining thread
[3.421s] DEBUG:colcon.colcon_core.event_handler.log_command:Invoked command in '/home/orangepi/wheel_robot/build/wheel_robot' returned '0': CMAKE_PREFIX_PATH=/home/orangepi/wheel_robot/install/wheeled_legged_pkg:/home/orangepi/wheel_robot/install/motor_temperature_pkg:/home/orangepi/wheel_robot/install/wheel_robot:/home/orangepi/wheel_robot/install/wheel_robot_demos:/home/orangepi/wheel_robot/install/wheel_legged_urdf_pkg:/home/orangepi/wheel_robot/install/lesson12_ros_conversion:/home/orangepi/wheel_robot/install/simple_follower_ros2:/opt/ros/humble LD_LIBRARY_PATH=/home/orangepi/wheel_robot/install/motor_temperature_pkg/lib:/home/orangepi/wheel_robot/install/wheel_robot/lib:/opt/ros/humble/opt/rviz_ogre_vendor/lib:/opt/ros/humble/lib/aarch64-linux-gnu:/opt/ros/humble/lib /usr/bin/cmake --install /home/orangepi/wheel_robot/build/wheel_robot
[3.424s] DEBUG:colcon.colcon_core.event_reactor:joined thread
[3.424s] INFO:colcon.colcon_core.shell:Creating prefix script '/home/orangepi/wheel_robot/install/local_setup.ps1'
[3.427s] INFO:colcon.colcon_core.shell:Creating prefix util module '/home/orangepi/wheel_robot/install/_local_setup_util_ps1.py'
[3.429s] INFO:colcon.colcon_core.shell:Creating prefix chain script '/home/orangepi/wheel_robot/install/setup.ps1'
[3.432s] INFO:colcon.colcon_core.shell:Creating prefix script '/home/orangepi/wheel_robot/install/local_setup.sh'
[3.433s] INFO:colcon.colcon_core.shell:Creating prefix util module '/home/orangepi/wheel_robot/install/_local_setup_util_sh.py'
[3.435s] INFO:colcon.colcon_core.shell:Creating prefix chain script '/home/orangepi/wheel_robot/install/setup.sh'
[3.437s] INFO:colcon.colcon_core.shell:Creating prefix script '/home/orangepi/wheel_robot/install/local_setup.bash'
[3.438s] INFO:colcon.colcon_core.shell:Creating prefix chain script '/home/orangepi/wheel_robot/install/setup.bash'
[3.442s] INFO:colcon.colcon_core.shell:Creating prefix script '/home/orangepi/wheel_robot/install/local_setup.zsh'
[3.443s] INFO:colcon.colcon_core.shell:Creating prefix chain script '/home/orangepi/wheel_robot/install/setup.zsh'
