-- The C compiler identification is GNU 11.4.0
-- The CXX compiler identification is GNU 11.4.0
-- Detecting C compiler ABI info
-- Detecting C compiler ABI info - done
-- Check for working C compiler: /usr/bin/cc - skipped
-- Detecting C compile features
-- Detecting C compile features - done
-- Detecting CXX compiler ABI info
-- Detecting CXX compiler ABI info - done
-- Check for working CXX compiler: /usr/bin/c++ - skipped
-- Detecting CXX compile features
-- Detecting CXX compile features - done
-- Found ament_cmake: 1.3.14 (/opt/ros/humble/share/ament_cmake/cmake)
-- Found Python3: /usr/bin/python3 (found version "3.10.12") found components: Interpreter 
-- Found rclcpp: 16.0.19 (/opt/ros/humble/share/rclcpp/cmake)
-- Found rosidl_generator_c: 3.1.9 (/opt/ros/humble/share/rosidl_generator_c/cmake)
-- Found rosidl_adapter: 3.1.9 (/opt/ros/humble/share/rosidl_adapter/cmake)
-- Found rosidl_generator_cpp: 3.1.9 (/opt/ros/humble/share/rosidl_generator_cpp/cmake)
-- Using all available rosidl_typesupport_c: rosidl_typesupport_fastrtps_c;rosidl_typesupport_introspection_c
-- Using all available rosidl_typesupport_cpp: rosidl_typesupport_fastrtps_cpp;rosidl_typesupport_introspection_cpp
-- Found rmw_implementation_cmake: 6.1.2 (/opt/ros/humble/share/rmw_implementation_cmake/cmake)
-- Found rmw_fastrtps_cpp: 6.2.10 (/opt/ros/humble/share/rmw_fastrtps_cpp/cmake)
-- Found OpenSSL: /usr/lib/aarch64-linux-gnu/libcrypto.so (found version "3.0.2")  
-- Found FastRTPS: /opt/ros/humble/include  
-- Using RMW implementation 'rmw_fastrtps_cpp' as default
-- Looking for pthread.h
-- Looking for pthread.h - found
-- Performing Test CMAKE_HAVE_LIBC_PTHREAD
-- Performing Test CMAKE_HAVE_LIBC_PTHREAD - Success
-- Found Threads: TRUE  
-- Found sensor_msgs: 4.9.1 (/opt/ros/humble/share/sensor_msgs/cmake)
-- Found nav_msgs: 4.9.1 (/opt/ros/humble/share/nav_msgs/cmake)
-- Found trajectory_msgs: 4.9.1 (/opt/ros/humble/share/trajectory_msgs/cmake)
-- Found tf2: 0.25.20 (/opt/ros/humble/share/tf2/cmake)
-- Found tf2_ros: 0.25.20 (/opt/ros/humble/share/tf2_ros/cmake)
-- Found tf2_geometry_msgs: 0.25.20 (/opt/ros/humble/share/tf2_geometry_msgs/cmake)
-- Found eigen3_cmake_module: 0.1.1 (/opt/ros/humble/share/eigen3_cmake_module/cmake)
-- Found Eigen3: TRUE (found version "3.4.0") 
-- Ensuring Eigen3 include directory is part of orocos-kdl CMake target
-- Found diagnostic_msgs: 4.9.1 (/opt/ros/humble/share/diagnostic_msgs/cmake)
-- Found motor_temperature_pkg: 0.1.0 (/home/orangepi/wheel_robot/install/motor_temperature_pkg/share/motor_temperature_pkg/cmake)
-- Configuring done
-- Generating done
-- Build files have been written to: /home/orangepi/wheel_robot/build/wheeled_legged_pkg
[ 33%] [32mBuilding CXX object CMakeFiles/wl_base_node.dir/src/robot_functions.cpp.o[0m
[ 66%] [32mBuilding CXX object CMakeFiles/wl_base_node.dir/src/wl_base_node.cpp.o[0m
[100%] [32m[1mLinking CXX executable wl_base_node[0m
[100%] Built target wl_base_node
-- Install configuration: ""
-- Installing: /home/orangepi/wheel_robot/install/wheeled_legged_pkg/lib/wheeled_legged_pkg/wl_base_node
-- Set runtime path of "/home/orangepi/wheel_robot/install/wheeled_legged_pkg/lib/wheeled_legged_pkg/wl_base_node" to ""
-- Installing: /home/orangepi/wheel_robot/install/wheeled_legged_pkg/share/ament_index/resource_index/package_run_dependencies/wheeled_legged_pkg
-- Installing: /home/orangepi/wheel_robot/install/wheeled_legged_pkg/share/ament_index/resource_index/parent_prefix_path/wheeled_legged_pkg
-- Installing: /home/orangepi/wheel_robot/install/wheeled_legged_pkg/share/wheeled_legged_pkg/environment/ament_prefix_path.sh
-- Installing: /home/orangepi/wheel_robot/install/wheeled_legged_pkg/share/wheeled_legged_pkg/environment/ament_prefix_path.dsv
-- Installing: /home/orangepi/wheel_robot/install/wheeled_legged_pkg/share/wheeled_legged_pkg/environment/path.sh
-- Installing: /home/orangepi/wheel_robot/install/wheeled_legged_pkg/share/wheeled_legged_pkg/environment/path.dsv
-- Installing: /home/orangepi/wheel_robot/install/wheeled_legged_pkg/share/wheeled_legged_pkg/local_setup.bash
-- Installing: /home/orangepi/wheel_robot/install/wheeled_legged_pkg/share/wheeled_legged_pkg/local_setup.sh
-- Installing: /home/orangepi/wheel_robot/install/wheeled_legged_pkg/share/wheeled_legged_pkg/local_setup.zsh
-- Installing: /home/orangepi/wheel_robot/install/wheeled_legged_pkg/share/wheeled_legged_pkg/local_setup.dsv
-- Installing: /home/orangepi/wheel_robot/install/wheeled_legged_pkg/share/wheeled_legged_pkg/package.dsv
-- Installing: /home/orangepi/wheel_robot/install/wheeled_legged_pkg/share/ament_index/resource_index/packages/wheeled_legged_pkg
-- Installing: /home/orangepi/wheel_robot/install/wheeled_legged_pkg/share/wheeled_legged_pkg/cmake/wheeled_legged_pkgConfig.cmake
-- Installing: /home/orangepi/wheel_robot/install/wheeled_legged_pkg/share/wheeled_legged_pkg/cmake/wheeled_legged_pkgConfig-version.cmake
-- Installing: /home/orangepi/wheel_robot/install/wheeled_legged_pkg/share/wheeled_legged_pkg/package.xml
