[0.038s] Invoking command in '/home/orangepi/wheel_robot/build/wheeled_legged_pkg': CMAKE_PREFIX_PATH=/home/orangepi/wheel_robot/install/motor_temperature_pkg:/home/orangepi/wheel_robot/install/wheel_robot:/home/orangepi/wheel_robot/install/wheeled_legged_pkg:/home/orangepi/wheel_robot/install/wheel_robot_demos:/home/orangepi/wheel_robot/install/wheel_legged_urdf_pkg:/home/orangepi/wheel_robot/install/lesson12_ros_conversion:/home/orangepi/wheel_robot/install/simple_follower_ros2:/opt/ros/humble LD_LIBRARY_PATH=/home/orangepi/wheel_robot/install/motor_temperature_pkg/lib:/home/orangepi/wheel_robot/install/wheel_robot/lib:/opt/ros/humble/opt/rviz_ogre_vendor/lib:/opt/ros/humble/lib/aarch64-linux-gnu:/opt/ros/humble/lib /usr/bin/cmake --build /home/orangepi/wheel_robot/build/wheeled_legged_pkg -- -j8 -l8
[0.216s] [35m[1mConsolidate compiler generated dependencies of target wl_base_node[0m
[0.273s] [100%] Built target wl_base_node
[0.309s] Invoked command in '/home/orangepi/wheel_robot/build/wheeled_legged_pkg' returned '0': CMAKE_PREFIX_PATH=/home/orangepi/wheel_robot/install/motor_temperature_pkg:/home/orangepi/wheel_robot/install/wheel_robot:/home/orangepi/wheel_robot/install/wheeled_legged_pkg:/home/orangepi/wheel_robot/install/wheel_robot_demos:/home/orangepi/wheel_robot/install/wheel_legged_urdf_pkg:/home/orangepi/wheel_robot/install/lesson12_ros_conversion:/home/orangepi/wheel_robot/install/simple_follower_ros2:/opt/ros/humble LD_LIBRARY_PATH=/home/orangepi/wheel_robot/install/motor_temperature_pkg/lib:/home/orangepi/wheel_robot/install/wheel_robot/lib:/opt/ros/humble/opt/rviz_ogre_vendor/lib:/opt/ros/humble/lib/aarch64-linux-gnu:/opt/ros/humble/lib /usr/bin/cmake --build /home/orangepi/wheel_robot/build/wheeled_legged_pkg -- -j8 -l8
[0.313s] Invoking command in '/home/orangepi/wheel_robot/build/wheeled_legged_pkg': CMAKE_PREFIX_PATH=/home/orangepi/wheel_robot/install/motor_temperature_pkg:/home/orangepi/wheel_robot/install/wheel_robot:/home/orangepi/wheel_robot/install/wheeled_legged_pkg:/home/orangepi/wheel_robot/install/wheel_robot_demos:/home/orangepi/wheel_robot/install/wheel_legged_urdf_pkg:/home/orangepi/wheel_robot/install/lesson12_ros_conversion:/home/orangepi/wheel_robot/install/simple_follower_ros2:/opt/ros/humble LD_LIBRARY_PATH=/home/orangepi/wheel_robot/install/motor_temperature_pkg/lib:/home/orangepi/wheel_robot/install/wheel_robot/lib:/opt/ros/humble/opt/rviz_ogre_vendor/lib:/opt/ros/humble/lib/aarch64-linux-gnu:/opt/ros/humble/lib /usr/bin/cmake --install /home/orangepi/wheel_robot/build/wheeled_legged_pkg
[0.338s] -- Install configuration: ""
[0.339s] -- Up-to-date: /home/orangepi/wheel_robot/install/wheeled_legged_pkg/lib/wheeled_legged_pkg/wl_base_node
[0.339s] -- Up-to-date: /home/orangepi/wheel_robot/install/wheeled_legged_pkg/share/ament_index/resource_index/package_run_dependencies/wheeled_legged_pkg
[0.340s] -- Up-to-date: /home/orangepi/wheel_robot/install/wheeled_legged_pkg/share/ament_index/resource_index/parent_prefix_path/wheeled_legged_pkg
[0.340s] -- Up-to-date: /home/orangepi/wheel_robot/install/wheeled_legged_pkg/share/wheeled_legged_pkg/environment/ament_prefix_path.sh
[0.341s] -- Up-to-date: /home/orangepi/wheel_robot/install/wheeled_legged_pkg/share/wheeled_legged_pkg/environment/ament_prefix_path.dsv
[0.341s] -- Up-to-date: /home/orangepi/wheel_robot/install/wheeled_legged_pkg/share/wheeled_legged_pkg/environment/path.sh
[0.341s] -- Up-to-date: /home/orangepi/wheel_robot/install/wheeled_legged_pkg/share/wheeled_legged_pkg/environment/path.dsv
[0.342s] -- Up-to-date: /home/orangepi/wheel_robot/install/wheeled_legged_pkg/share/wheeled_legged_pkg/local_setup.bash
[0.343s] -- Up-to-date: /home/orangepi/wheel_robot/install/wheeled_legged_pkg/share/wheeled_legged_pkg/local_setup.sh
[0.346s] -- Up-to-date: /home/orangepi/wheel_robot/install/wheeled_legged_pkg/share/wheeled_legged_pkg/local_setup.zsh
[0.346s] -- Up-to-date: /home/orangepi/wheel_robot/install/wheeled_legged_pkg/share/wheeled_legged_pkg/local_setup.dsv
[0.347s] -- Installing: /home/orangepi/wheel_robot/install/wheeled_legged_pkg/share/wheeled_legged_pkg/package.dsv
[0.347s] -- Up-to-date: /home/orangepi/wheel_robot/install/wheeled_legged_pkg/share/ament_index/resource_index/packages/wheeled_legged_pkg
[0.348s] -- Up-to-date: /home/orangepi/wheel_robot/install/wheeled_legged_pkg/share/wheeled_legged_pkg/cmake/wheeled_legged_pkgConfig.cmake
[0.348s] -- Up-to-date: /home/orangepi/wheel_robot/install/wheeled_legged_pkg/share/wheeled_legged_pkg/cmake/wheeled_legged_pkgConfig-version.cmake
[0.349s] -- Up-to-date: /home/orangepi/wheel_robot/install/wheeled_legged_pkg/share/wheeled_legged_pkg/package.xml
[0.350s] Invoked command in '/home/orangepi/wheel_robot/build/wheeled_legged_pkg' returned '0': CMAKE_PREFIX_PATH=/home/orangepi/wheel_robot/install/motor_temperature_pkg:/home/orangepi/wheel_robot/install/wheel_robot:/home/orangepi/wheel_robot/install/wheeled_legged_pkg:/home/orangepi/wheel_robot/install/wheel_robot_demos:/home/orangepi/wheel_robot/install/wheel_legged_urdf_pkg:/home/orangepi/wheel_robot/install/lesson12_ros_conversion:/home/orangepi/wheel_robot/install/simple_follower_ros2:/opt/ros/humble LD_LIBRARY_PATH=/home/orangepi/wheel_robot/install/motor_temperature_pkg/lib:/home/orangepi/wheel_robot/install/wheel_robot/lib:/opt/ros/humble/opt/rviz_ogre_vendor/lib:/opt/ros/humble/lib/aarch64-linux-gnu:/opt/ros/humble/lib /usr/bin/cmake --install /home/orangepi/wheel_robot/build/wheeled_legged_pkg
