-- The C compiler identification is GNU 11.4.0
-- The CXX compiler identification is GNU 11.4.0
-- Detecting C compiler ABI info
-- Detecting C compiler ABI info - done
-- Check for working C compiler: /usr/bin/cc - skipped
-- Detecting C compile features
-- Detecting C compile features - done
-- Detecting CXX compiler ABI info
-- Detecting CXX compiler ABI info - done
-- Check for working CXX compiler: /usr/bin/c++ - skipped
-- Detecting CXX compile features
-- Detecting CXX compile features - done
-- Found ament_cmake: 1.3.14 (/opt/ros/humble/share/ament_cmake/cmake)
-- Found Python3: /usr/bin/python3 (found version "3.10.12") found components: Interpreter 
-- Found rclcpp: 16.0.19 (/opt/ros/humble/share/rclcpp/cmake)
-- Found rosidl_generator_c: 3.1.9 (/opt/ros/humble/share/rosidl_generator_c/cmake)
-- Found rosidl_adapter: 3.1.9 (/opt/ros/humble/share/rosidl_adapter/cmake)
-- Found rosidl_generator_cpp: 3.1.9 (/opt/ros/humble/share/rosidl_generator_cpp/cmake)
-- Using all available rosidl_typesupport_c: rosidl_typesupport_fastrtps_c;rosidl_typesupport_introspection_c
-- Using all available rosidl_typesupport_cpp: rosidl_typesupport_fastrtps_cpp;rosidl_typesupport_introspection_cpp
-- Found rmw_implementation_cmake: 6.1.2 (/opt/ros/humble/share/rmw_implementation_cmake/cmake)
-- Found rmw_fastrtps_cpp: 6.2.10 (/opt/ros/humble/share/rmw_fastrtps_cpp/cmake)
-- Found OpenSSL: /usr/lib/aarch64-linux-gnu/libcrypto.so (found version "3.0.2")  
-- Found FastRTPS: /opt/ros/humble/include  
-- Using RMW implementation 'rmw_fastrtps_cpp' as default
-- Looking for pthread.h
-- Looking for pthread.h - found
-- Performing Test CMAKE_HAVE_LIBC_PTHREAD
-- Performing Test CMAKE_HAVE_LIBC_PTHREAD - Success
-- Found Threads: TRUE  
-- Found rclpy: 3.3.21 (/opt/ros/humble/share/rclpy/cmake)
-- Found ament_lint_auto: 0.12.15 (/opt/ros/humble/share/ament_lint_auto/cmake)
-- Added test 'cppcheck' to perform static code analysis on C / C++ code
-- Configured cppcheck include dirs: 
-- Configured cppcheck exclude dirs and/or files: 
-- Added test 'flake8' to check Python code syntax and style conventions
-- Added test 'lint_cmake' to check CMake code style
-- Added test 'pep257' to check Python code against some of the docstring style conventions in PEP 257
-- Added test 'uncrustify' to check C / C++ code style
-- Configured uncrustify additional arguments: 
-- Added test 'xmllint' to check XML markup files
-- Configuring done
-- Generating done
-- Build files have been written to: /home/orangepi/wheel_robot/build/lesson12_ros_conversion
[ 50%] [32mBuilding CXX object CMakeFiles/cpp_doubler.dir/src/1.cpp.o[0m
[100%] [32m[1mLinking CXX executable cpp_doubler[0m
[100%] Built target cpp_doubler
-- Install configuration: ""
-- Installing: /home/orangepi/wheel_robot/install/lesson12_ros_conversion/lib/lesson12_ros_conversion/python_number_publisher.py
-- Installing: /home/orangepi/wheel_robot/install/lesson12_ros_conversion/lib/lesson12_ros_conversion/cpp_doubler
-- Set runtime path of "/home/orangepi/wheel_robot/install/lesson12_ros_conversion/lib/lesson12_ros_conversion/cpp_doubler" to ""
-- Installing: /home/orangepi/wheel_robot/install/lesson12_ros_conversion/share/ament_index/resource_index/package_run_dependencies/lesson12_ros_conversion
-- Installing: /home/orangepi/wheel_robot/install/lesson12_ros_conversion/share/ament_index/resource_index/parent_prefix_path/lesson12_ros_conversion
-- Installing: /home/orangepi/wheel_robot/install/lesson12_ros_conversion/share/lesson12_ros_conversion/environment/ament_prefix_path.sh
-- Installing: /home/orangepi/wheel_robot/install/lesson12_ros_conversion/share/lesson12_ros_conversion/environment/ament_prefix_path.dsv
-- Installing: /home/orangepi/wheel_robot/install/lesson12_ros_conversion/share/lesson12_ros_conversion/environment/path.sh
-- Installing: /home/orangepi/wheel_robot/install/lesson12_ros_conversion/share/lesson12_ros_conversion/environment/path.dsv
-- Installing: /home/orangepi/wheel_robot/install/lesson12_ros_conversion/share/lesson12_ros_conversion/local_setup.bash
-- Installing: /home/orangepi/wheel_robot/install/lesson12_ros_conversion/share/lesson12_ros_conversion/local_setup.sh
-- Installing: /home/orangepi/wheel_robot/install/lesson12_ros_conversion/share/lesson12_ros_conversion/local_setup.zsh
-- Installing: /home/orangepi/wheel_robot/install/lesson12_ros_conversion/share/lesson12_ros_conversion/local_setup.dsv
-- Installing: /home/orangepi/wheel_robot/install/lesson12_ros_conversion/share/lesson12_ros_conversion/package.dsv
-- Installing: /home/orangepi/wheel_robot/install/lesson12_ros_conversion/share/ament_index/resource_index/packages/lesson12_ros_conversion
-- Installing: /home/orangepi/wheel_robot/install/lesson12_ros_conversion/share/lesson12_ros_conversion/cmake/lesson12_ros_conversionConfig.cmake
-- Installing: /home/orangepi/wheel_robot/install/lesson12_ros_conversion/share/lesson12_ros_conversion/cmake/lesson12_ros_conversionConfig-version.cmake
-- Installing: /home/orangepi/wheel_robot/install/lesson12_ros_conversion/share/lesson12_ros_conversion/package.xml
