[0.079s] Invoking command in '/home/orangepi/wheel_robot/build/lesson12_ros_conversion': CMAKE_PREFIX_PATH=${CMAKE_PREFIX_PATH}:/home/orangepi/wheel_robot/install/simple_follower_ros2:/opt/ros/humble /usr/bin/cmake /home/orangepi/wheel_robot/src/lesson12_ros_conversion -DCMAKE_INSTALL_PREFIX=/home/orangepi/wheel_robot/install/lesson12_ros_conversion
[0.365s] -- The C compiler identification is GNU 11.4.0
[0.577s] -- The CXX compiler identification is GNU 11.4.0
[0.618s] -- Detecting C compiler ABI info
[0.916s] -- Detecting C compiler ABI info - done
[0.955s] -- Check for working C compiler: /usr/bin/cc - skipped
[0.956s] -- Detecting C compile features
[0.958s] -- Detecting C compile features - done
[0.965s] -- Detecting CXX compiler ABI info
[1.266s] -- Detecting CXX compiler ABI info - done
[1.308s] -- Check for working CXX compiler: /usr/bin/c++ - skipped
[1.309s] -- Detecting CXX compile features
[1.311s] -- Detecting CXX compile features - done
[1.315s] -- Found ament_cmake: 1.3.14 (/opt/ros/humble/share/ament_cmake/cmake)
[1.923s] -- Found Python3: /usr/bin/python3 (found version "3.10.12") found components: Interpreter 
[2.248s] -- Found rclcpp: 16.0.19 (/opt/ros/humble/share/rclcpp/cmake)
[2.323s] -- Found rosidl_generator_c: 3.1.9 (/opt/ros/humble/share/rosidl_generator_c/cmake)
[2.330s] -- Found rosidl_adapter: 3.1.9 (/opt/ros/humble/share/rosidl_adapter/cmake)
[2.344s] -- Found rosidl_generator_cpp: 3.1.9 (/opt/ros/humble/share/rosidl_generator_cpp/cmake)
[2.365s] -- Using all available rosidl_typesupport_c: rosidl_typesupport_fastrtps_c;rosidl_typesupport_introspection_c
[2.393s] -- Using all available rosidl_typesupport_cpp: rosidl_typesupport_fastrtps_cpp;rosidl_typesupport_introspection_cpp
[2.577s] -- Found rmw_implementation_cmake: 6.1.2 (/opt/ros/humble/share/rmw_implementation_cmake/cmake)
[2.581s] -- Found rmw_fastrtps_cpp: 6.2.10 (/opt/ros/humble/share/rmw_fastrtps_cpp/cmake)
[2.888s] -- Found OpenSSL: /usr/lib/aarch64-linux-gnu/libcrypto.so (found version "3.0.2")  
[2.950s] -- Found FastRTPS: /opt/ros/humble/include  
[3.026s] -- Using RMW implementation 'rmw_fastrtps_cpp' as default
[3.401s] -- Looking for pthread.h
[3.654s] -- Looking for pthread.h - found
[3.657s] -- Performing Test CMAKE_HAVE_LIBC_PTHREAD
[3.928s] -- Performing Test CMAKE_HAVE_LIBC_PTHREAD - Success
[3.930s] -- Found Threads: TRUE  
[4.048s] -- Found rclpy: 3.3.21 (/opt/ros/humble/share/rclpy/cmake)
[4.052s] -- Found ament_lint_auto: 0.12.15 (/opt/ros/humble/share/ament_lint_auto/cmake)
[4.303s] -- Added test 'cppcheck' to perform static code analysis on C / C++ code
[4.304s] -- Configured cppcheck include dirs: 
[4.304s] -- Configured cppcheck exclude dirs and/or files: 
[4.305s] -- Added test 'flake8' to check Python code syntax and style conventions
[4.307s] -- Added test 'lint_cmake' to check CMake code style
[4.309s] -- Added test 'pep257' to check Python code against some of the docstring style conventions in PEP 257
[4.311s] -- Added test 'uncrustify' to check C / C++ code style
[4.312s] -- Configured uncrustify additional arguments: 
[4.312s] -- Added test 'xmllint' to check XML markup files
[4.315s] -- Configuring done
[4.333s] -- Generating done
[4.342s] -- Build files have been written to: /home/orangepi/wheel_robot/build/lesson12_ros_conversion
[4.373s] Invoked command in '/home/orangepi/wheel_robot/build/lesson12_ros_conversion' returned '0': CMAKE_PREFIX_PATH=${CMAKE_PREFIX_PATH}:/home/orangepi/wheel_robot/install/simple_follower_ros2:/opt/ros/humble /usr/bin/cmake /home/orangepi/wheel_robot/src/lesson12_ros_conversion -DCMAKE_INSTALL_PREFIX=/home/orangepi/wheel_robot/install/lesson12_ros_conversion
[4.377s] Invoking command in '/home/orangepi/wheel_robot/build/lesson12_ros_conversion': CMAKE_PREFIX_PATH=${CMAKE_PREFIX_PATH}:/home/orangepi/wheel_robot/install/simple_follower_ros2:/opt/ros/humble /usr/bin/cmake --build /home/orangepi/wheel_robot/build/lesson12_ros_conversion -- -j8 -l8
[4.565s] [ 50%] [32mBuilding CXX object CMakeFiles/cpp_doubler.dir/src/1.cpp.o[0m
[28.397s] [100%] [32m[1mLinking CXX executable cpp_doubler[0m
[29.723s] [100%] Built target cpp_doubler
[29.775s] Invoked command in '/home/orangepi/wheel_robot/build/lesson12_ros_conversion' returned '0': CMAKE_PREFIX_PATH=${CMAKE_PREFIX_PATH}:/home/orangepi/wheel_robot/install/simple_follower_ros2:/opt/ros/humble /usr/bin/cmake --build /home/orangepi/wheel_robot/build/lesson12_ros_conversion -- -j8 -l8
[29.777s] Invoking command in '/home/orangepi/wheel_robot/build/lesson12_ros_conversion': CMAKE_PREFIX_PATH=${CMAKE_PREFIX_PATH}:/home/orangepi/wheel_robot/install/simple_follower_ros2:/opt/ros/humble /usr/bin/cmake --install /home/orangepi/wheel_robot/build/lesson12_ros_conversion
[29.798s] -- Install configuration: ""
[29.799s] -- Installing: /home/orangepi/wheel_robot/install/lesson12_ros_conversion/lib/lesson12_ros_conversion/python_number_publisher.py
[29.806s] -- Installing: /home/orangepi/wheel_robot/install/lesson12_ros_conversion/lib/lesson12_ros_conversion/cpp_doubler
[29.811s] -- Set runtime path of "/home/orangepi/wheel_robot/install/lesson12_ros_conversion/lib/lesson12_ros_conversion/cpp_doubler" to ""
[29.813s] -- Installing: /home/orangepi/wheel_robot/install/lesson12_ros_conversion/share/ament_index/resource_index/package_run_dependencies/lesson12_ros_conversion
[29.813s] -- Installing: /home/orangepi/wheel_robot/install/lesson12_ros_conversion/share/ament_index/resource_index/parent_prefix_path/lesson12_ros_conversion
[29.814s] -- Installing: /home/orangepi/wheel_robot/install/lesson12_ros_conversion/share/lesson12_ros_conversion/environment/ament_prefix_path.sh
[29.815s] -- Installing: /home/orangepi/wheel_robot/install/lesson12_ros_conversion/share/lesson12_ros_conversion/environment/ament_prefix_path.dsv
[29.815s] -- Installing: /home/orangepi/wheel_robot/install/lesson12_ros_conversion/share/lesson12_ros_conversion/environment/path.sh
[29.816s] -- Installing: /home/orangepi/wheel_robot/install/lesson12_ros_conversion/share/lesson12_ros_conversion/environment/path.dsv
[29.817s] -- Installing: /home/orangepi/wheel_robot/install/lesson12_ros_conversion/share/lesson12_ros_conversion/local_setup.bash
[29.818s] -- Installing: /home/orangepi/wheel_robot/install/lesson12_ros_conversion/share/lesson12_ros_conversion/local_setup.sh
[29.820s] -- Installing: /home/orangepi/wheel_robot/install/lesson12_ros_conversion/share/lesson12_ros_conversion/local_setup.zsh
[29.821s] -- Installing: /home/orangepi/wheel_robot/install/lesson12_ros_conversion/share/lesson12_ros_conversion/local_setup.dsv
[29.821s] -- Installing: /home/orangepi/wheel_robot/install/lesson12_ros_conversion/share/lesson12_ros_conversion/package.dsv
[29.822s] -- Installing: /home/orangepi/wheel_robot/install/lesson12_ros_conversion/share/ament_index/resource_index/packages/lesson12_ros_conversion
[29.822s] -- Installing: /home/orangepi/wheel_robot/install/lesson12_ros_conversion/share/lesson12_ros_conversion/cmake/lesson12_ros_conversionConfig.cmake
[29.823s] -- Installing: /home/orangepi/wheel_robot/install/lesson12_ros_conversion/share/lesson12_ros_conversion/cmake/lesson12_ros_conversionConfig-version.cmake
[29.824s] -- Installing: /home/orangepi/wheel_robot/install/lesson12_ros_conversion/share/lesson12_ros_conversion/package.xml
[29.825s] Invoked command in '/home/orangepi/wheel_robot/build/lesson12_ros_conversion' returned '0': CMAKE_PREFIX_PATH=${CMAKE_PREFIX_PATH}:/home/orangepi/wheel_robot/install/simple_follower_ros2:/opt/ros/humble /usr/bin/cmake --install /home/orangepi/wheel_robot/build/lesson12_ros_conversion
