-- The C compiler identification is GNU 11.4.0
-- The CXX compiler identification is GNU 11.4.0
-- Detecting C compiler ABI info
-- Detecting C compiler ABI info - done
-- Check for working C compiler: /usr/bin/cc - skipped
-- Detecting C compile features
-- Detecting C compile features - done
-- Detecting CXX compiler ABI info
-- Detecting CXX compiler ABI info - done
-- Check for working CXX compiler: /usr/bin/c++ - skipped
-- Detecting CXX compile features
-- Detecting CXX compile features - done
-- Found ament_cmake: 1.3.14 (/opt/ros/humble/share/ament_cmake/cmake)
-- Found Python3: /usr/bin/python3 (found version "3.10.12") found components: Interpreter 
-- Found rosidl_default_generators: 1.2.1 (/opt/ros/humble/share/rosidl_default_generators/cmake)
-- Using all available rosidl_typesupport_c: rosidl_typesupport_fastrtps_c;rosidl_typesupport_introspection_c
-- Found rosidl_adapter: 3.1.9 (/opt/ros/humble/share/rosidl_adapter/cmake)
-- Using all available rosidl_typesupport_cpp: rosidl_typesupport_fastrtps_cpp;rosidl_typesupport_introspection_cpp
-- Found std_msgs: 4.9.1 (/opt/ros/humble/share/std_msgs/cmake)
-- Found ament_cmake_ros: 0.10.0 (/opt/ros/humble/share/ament_cmake_ros/cmake)
-- Using all available rosidl_typesupport_c: rosidl_typesupport_fastrtps_c;rosidl_typesupport_introspection_c
-- Using all available rosidl_typesupport_cpp: rosidl_typesupport_fastrtps_cpp;rosidl_typesupport_introspection_cpp
-- Found PythonInterp: /usr/bin/python3 (found suitable version "3.10.12", minimum required is "3.6") 
-- Found python_cmake_module: 0.10.0 (/opt/ros/humble/share/python_cmake_module/cmake)
-- Found PythonLibs: /usr/lib/aarch64-linux-gnu/libpython3.10.so (found suitable version "3.10.12", minimum required is "3.5") 
-- Using PYTHON_EXECUTABLE: /usr/bin/python3
-- Using PYTHON_INCLUDE_DIRS: /usr/include/python3.10
-- Using PYTHON_LIBRARIES: /usr/lib/aarch64-linux-gnu/libpython3.10.so
-- Found PythonExtra: .so  
-- Configuring done
-- Generating done
-- Build files have been written to: /home/orangepi/wheel_robot/build/motor_temperature_pkg
[  3%] [34m[1mGenerating C code for ROS interfaces[0m
[  9%] [34m[1mGenerating Rust code for ROS interfaces[0m
[  9%] [34m[1mGenerating C++ code for ROS interfaces[0m
[  9%] Built target ament_cmake_python_copy_motor_temperature_pkg
[ 12%] [32mBuilding C object CMakeFiles/motor_temperature_pkg__rosidl_generator_c.dir/rosidl_generator_c/motor_temperature_pkg/msg/detail/motor_temperatures__functions.c.o[0m
running egg_info
creating motor_temperature_pkg.egg-info
writing motor_temperature_pkg.egg-info/PKG-INFO
writing dependency_links to motor_temperature_pkg.egg-info/dependency_links.txt
writing top-level names to motor_temperature_pkg.egg-info/top_level.txt
writing manifest file 'motor_temperature_pkg.egg-info/SOURCES.txt'
reading manifest file 'motor_temperature_pkg.egg-info/SOURCES.txt'
writing manifest file 'motor_temperature_pkg.egg-info/SOURCES.txt'
[ 15%] [32m[1mLinking C shared library libmotor_temperature_pkg__rosidl_generator_c.so[0m
[ 15%] Built target ament_cmake_python_build_motor_temperature_pkg_egg
[ 15%] Built target motor_temperature_pkg__rosidl_generator_c
[ 21%] [34m[1mGenerating C type support dispatch for ROS interfaces[0m
[ 21%] Built target motor_temperature_pkg__cpp
[ 21%] [34m[1mGenerating C introspection for ROS interfaces[0m
[ 25%] [34m[1mGenerating C type support for eProsima Fast-RTPS[0m
[ 28%] [34m[1mGenerating C++ type support for eProsima Fast-RTPS[0m
[ 31%] [34m[1mGenerating C++ type support dispatch for ROS interfaces[0m
[ 34%] [34m[1mGenerating C++ introspection for ROS interfaces[0m
[ 34%] Built target motor_temperature_pkg__rs
[ 37%] [32mBuilding CXX object CMakeFiles/motor_temperature_pkg__rosidl_typesupport_c.dir/rosidl_typesupport_c/motor_temperature_pkg/msg/motor_temperatures__type_support.cpp.o[0m
[ 40%] [32m[1mLinking CXX shared library libmotor_temperature_pkg__rosidl_typesupport_c.so[0m
[ 40%] Built target motor_temperature_pkg__rosidl_typesupport_c
[ 43%] [32mBuilding CXX object CMakeFiles/motor_temperature_pkg__rosidl_typesupport_fastrtps_c.dir/rosidl_typesupport_fastrtps_c/motor_temperature_pkg/msg/detail/motor_temperatures__type_support_c.cpp.o[0m
[ 46%] [32mBuilding CXX object CMakeFiles/motor_temperature_pkg__rosidl_typesupport_cpp.dir/rosidl_typesupport_cpp/motor_temperature_pkg/msg/motor_temperatures__type_support.cpp.o[0m
[ 50%] [32mBuilding CXX object CMakeFiles/motor_temperature_pkg__rosidl_typesupport_introspection_cpp.dir/rosidl_typesupport_introspection_cpp/motor_temperature_pkg/msg/detail/motor_temperatures__type_support.cpp.o[0m
[ 53%] [32mBuilding CXX object CMakeFiles/motor_temperature_pkg__rosidl_typesupport_fastrtps_cpp.dir/rosidl_typesupport_fastrtps_cpp/motor_temperature_pkg/msg/detail/dds_fastrtps/motor_temperatures__type_support.cpp.o[0m
[ 56%] [32mBuilding C object CMakeFiles/motor_temperature_pkg__rosidl_typesupport_introspection_c.dir/rosidl_typesupport_introspection_c/motor_temperature_pkg/msg/detail/motor_temperatures__type_support.c.o[0m
[ 59%] [32m[1mLinking CXX shared library libmotor_temperature_pkg__rosidl_typesupport_fastrtps_c.so[0m
[ 62%] [32m[1mLinking C shared library libmotor_temperature_pkg__rosidl_typesupport_introspection_c.so[0m
[ 62%] Built target motor_temperature_pkg__rosidl_typesupport_introspection_c
[ 62%] Built target motor_temperature_pkg__rosidl_typesupport_fastrtps_c
[ 65%] [32m[1mLinking CXX shared library libmotor_temperature_pkg__rosidl_typesupport_cpp.so[0m
[ 65%] Built target motor_temperature_pkg__rosidl_typesupport_cpp
[ 68%] [32m[1mLinking CXX shared library libmotor_temperature_pkg__rosidl_typesupport_fastrtps_cpp.so[0m
[ 68%] Built target motor_temperature_pkg__rosidl_typesupport_fastrtps_cpp
[ 71%] [32m[1mLinking CXX shared library libmotor_temperature_pkg__rosidl_typesupport_introspection_cpp.so[0m
[ 71%] Built target motor_temperature_pkg__rosidl_typesupport_introspection_cpp
[ 71%] Built target motor_temperature_pkg
[ 75%] [34m[1mGenerating Python code for ROS interfaces[0m
[ 75%] Built target motor_temperature_pkg__py
[ 78%] [32mBuilding C object CMakeFiles/motor_temperature_pkg__rosidl_generator_py.dir/rosidl_generator_py/motor_temperature_pkg/msg/_motor_temperatures_s.c.o[0m
[ 81%] [32m[1mLinking C shared library rosidl_generator_py/motor_temperature_pkg/libmotor_temperature_pkg__rosidl_generator_py.so[0m
[ 81%] Built target motor_temperature_pkg__rosidl_generator_py
[ 90%] [32mBuilding C object CMakeFiles/motor_temperature_pkg__rosidl_typesupport_fastrtps_c__pyext.dir/rosidl_generator_py/motor_temperature_pkg/_motor_temperature_pkg_s.ep.rosidl_typesupport_fastrtps_c.c.o[0m
[ 90%] [32mBuilding C object CMakeFiles/motor_temperature_pkg__rosidl_typesupport_c__pyext.dir/rosidl_generator_py/motor_temperature_pkg/_motor_temperature_pkg_s.ep.rosidl_typesupport_c.c.o[0m
[ 90%] [32mBuilding C object CMakeFiles/motor_temperature_pkg__rosidl_typesupport_introspection_c__pyext.dir/rosidl_generator_py/motor_temperature_pkg/_motor_temperature_pkg_s.ep.rosidl_typesupport_introspection_c.c.o[0m
[ 93%] [32m[1mLinking C shared library rosidl_generator_py/motor_temperature_pkg/motor_temperature_pkg_s__rosidl_typesupport_introspection_c.cpython-310-aarch64-linux-gnu.so[0m
[ 96%] [32m[1mLinking C shared library rosidl_generator_py/motor_temperature_pkg/motor_temperature_pkg_s__rosidl_typesupport_fastrtps_c.cpython-310-aarch64-linux-gnu.so[0m
[100%] [32m[1mLinking C shared library rosidl_generator_py/motor_temperature_pkg/motor_temperature_pkg_s__rosidl_typesupport_c.cpython-310-aarch64-linux-gnu.so[0m
[100%] Built target motor_temperature_pkg__rosidl_typesupport_introspection_c__pyext
[100%] Built target motor_temperature_pkg__rosidl_typesupport_fastrtps_c__pyext
[100%] Built target motor_temperature_pkg__rosidl_typesupport_c__pyext
-- Install configuration: ""
-- Installing: /home/orangepi/wheel_robot/install/motor_temperature_pkg/share/ament_index/resource_index/rosidl_interfaces/motor_temperature_pkg
-- Installing: /home/orangepi/wheel_robot/install/motor_temperature_pkg/include/motor_temperature_pkg/motor_temperature_pkg
-- Installing: /home/orangepi/wheel_robot/install/motor_temperature_pkg/include/motor_temperature_pkg/motor_temperature_pkg/msg
-- Installing: /home/orangepi/wheel_robot/install/motor_temperature_pkg/include/motor_temperature_pkg/motor_temperature_pkg/msg/rosidl_generator_c__visibility_control.h
-- Installing: /home/orangepi/wheel_robot/install/motor_temperature_pkg/include/motor_temperature_pkg/motor_temperature_pkg/msg/detail
-- Installing: /home/orangepi/wheel_robot/install/motor_temperature_pkg/include/motor_temperature_pkg/motor_temperature_pkg/msg/detail/motor_temperatures__functions.h
-- Installing: /home/orangepi/wheel_robot/install/motor_temperature_pkg/include/motor_temperature_pkg/motor_temperature_pkg/msg/detail/motor_temperatures__functions.c
-- Installing: /home/orangepi/wheel_robot/install/motor_temperature_pkg/include/motor_temperature_pkg/motor_temperature_pkg/msg/detail/motor_temperatures__type_support.h
-- Installing: /home/orangepi/wheel_robot/install/motor_temperature_pkg/include/motor_temperature_pkg/motor_temperature_pkg/msg/detail/motor_temperatures__struct.h
-- Installing: /home/orangepi/wheel_robot/install/motor_temperature_pkg/include/motor_temperature_pkg/motor_temperature_pkg/msg/motor_temperatures.h
-- Installing: /home/orangepi/wheel_robot/install/motor_temperature_pkg/share/motor_temperature_pkg/environment/library_path.sh
-- Installing: /home/orangepi/wheel_robot/install/motor_temperature_pkg/share/motor_temperature_pkg/environment/library_path.dsv
-- Installing: /home/orangepi/wheel_robot/install/motor_temperature_pkg/lib/libmotor_temperature_pkg__rosidl_generator_c.so
-- Set runtime path of "/home/orangepi/wheel_robot/install/motor_temperature_pkg/lib/libmotor_temperature_pkg__rosidl_generator_c.so" to ""
-- Up-to-date: /home/orangepi/wheel_robot/install/motor_temperature_pkg/include/motor_temperature_pkg/motor_temperature_pkg
-- Up-to-date: /home/orangepi/wheel_robot/install/motor_temperature_pkg/include/motor_temperature_pkg/motor_temperature_pkg/msg
-- Installing: /home/orangepi/wheel_robot/install/motor_temperature_pkg/include/motor_temperature_pkg/motor_temperature_pkg/msg/rosidl_typesupport_fastrtps_c__visibility_control.h
-- Up-to-date: /home/orangepi/wheel_robot/install/motor_temperature_pkg/include/motor_temperature_pkg/motor_temperature_pkg/msg/detail
-- Installing: /home/orangepi/wheel_robot/install/motor_temperature_pkg/include/motor_temperature_pkg/motor_temperature_pkg/msg/detail/motor_temperatures__rosidl_typesupport_fastrtps_c.h
-- Installing: /home/orangepi/wheel_robot/install/motor_temperature_pkg/lib/libmotor_temperature_pkg__rosidl_typesupport_fastrtps_c.so
-- Set runtime path of "/home/orangepi/wheel_robot/install/motor_temperature_pkg/lib/libmotor_temperature_pkg__rosidl_typesupport_fastrtps_c.so" to ""
-- Up-to-date: /home/orangepi/wheel_robot/install/motor_temperature_pkg/include/motor_temperature_pkg/motor_temperature_pkg
-- Up-to-date: /home/orangepi/wheel_robot/install/motor_temperature_pkg/include/motor_temperature_pkg/motor_temperature_pkg/msg
-- Installing: /home/orangepi/wheel_robot/install/motor_temperature_pkg/include/motor_temperature_pkg/motor_temperature_pkg/msg/rosidl_typesupport_introspection_c__visibility_control.h
-- Up-to-date: /home/orangepi/wheel_robot/install/motor_temperature_pkg/include/motor_temperature_pkg/motor_temperature_pkg/msg/detail
-- Installing: /home/orangepi/wheel_robot/install/motor_temperature_pkg/include/motor_temperature_pkg/motor_temperature_pkg/msg/detail/motor_temperatures__type_support.c
-- Installing: /home/orangepi/wheel_robot/install/motor_temperature_pkg/include/motor_temperature_pkg/motor_temperature_pkg/msg/detail/motor_temperatures__rosidl_typesupport_introspection_c.h
-- Installing: /home/orangepi/wheel_robot/install/motor_temperature_pkg/lib/libmotor_temperature_pkg__rosidl_typesupport_introspection_c.so
-- Set runtime path of "/home/orangepi/wheel_robot/install/motor_temperature_pkg/lib/libmotor_temperature_pkg__rosidl_typesupport_introspection_c.so" to ""
-- Installing: /home/orangepi/wheel_robot/install/motor_temperature_pkg/lib/libmotor_temperature_pkg__rosidl_typesupport_c.so
-- Set runtime path of "/home/orangepi/wheel_robot/install/motor_temperature_pkg/lib/libmotor_temperature_pkg__rosidl_typesupport_c.so" to ""
-- Up-to-date: /home/orangepi/wheel_robot/install/motor_temperature_pkg/include/motor_temperature_pkg/motor_temperature_pkg
-- Up-to-date: /home/orangepi/wheel_robot/install/motor_temperature_pkg/include/motor_temperature_pkg/motor_temperature_pkg/msg
-- Installing: /home/orangepi/wheel_robot/install/motor_temperature_pkg/include/motor_temperature_pkg/motor_temperature_pkg/msg/rosidl_generator_cpp__visibility_control.hpp
-- Installing: /home/orangepi/wheel_robot/install/motor_temperature_pkg/include/motor_temperature_pkg/motor_temperature_pkg/msg/motor_temperatures.hpp
-- Up-to-date: /home/orangepi/wheel_robot/install/motor_temperature_pkg/include/motor_temperature_pkg/motor_temperature_pkg/msg/detail
-- Installing: /home/orangepi/wheel_robot/install/motor_temperature_pkg/include/motor_temperature_pkg/motor_temperature_pkg/msg/detail/motor_temperatures__struct.hpp
-- Installing: /home/orangepi/wheel_robot/install/motor_temperature_pkg/include/motor_temperature_pkg/motor_temperature_pkg/msg/detail/motor_temperatures__builder.hpp
-- Installing: /home/orangepi/wheel_robot/install/motor_temperature_pkg/include/motor_temperature_pkg/motor_temperature_pkg/msg/detail/motor_temperatures__traits.hpp
-- Installing: /home/orangepi/wheel_robot/install/motor_temperature_pkg/include/motor_temperature_pkg/motor_temperature_pkg/msg/detail/motor_temperatures__type_support.hpp
-- Up-to-date: /home/orangepi/wheel_robot/install/motor_temperature_pkg/include/motor_temperature_pkg/motor_temperature_pkg
-- Up-to-date: /home/orangepi/wheel_robot/install/motor_temperature_pkg/include/motor_temperature_pkg/motor_temperature_pkg/msg
-- Installing: /home/orangepi/wheel_robot/install/motor_temperature_pkg/include/motor_temperature_pkg/motor_temperature_pkg/msg/rosidl_typesupport_fastrtps_cpp__visibility_control.h
-- Up-to-date: /home/orangepi/wheel_robot/install/motor_temperature_pkg/include/motor_temperature_pkg/motor_temperature_pkg/msg/detail
-- Installing: /home/orangepi/wheel_robot/install/motor_temperature_pkg/include/motor_temperature_pkg/motor_temperature_pkg/msg/detail/dds_fastrtps
-- Installing: /home/orangepi/wheel_robot/install/motor_temperature_pkg/include/motor_temperature_pkg/motor_temperature_pkg/msg/detail/motor_temperatures__rosidl_typesupport_fastrtps_cpp.hpp
-- Installing: /home/orangepi/wheel_robot/install/motor_temperature_pkg/lib/libmotor_temperature_pkg__rosidl_typesupport_fastrtps_cpp.so
-- Set runtime path of "/home/orangepi/wheel_robot/install/motor_temperature_pkg/lib/libmotor_temperature_pkg__rosidl_typesupport_fastrtps_cpp.so" to ""
-- Up-to-date: /home/orangepi/wheel_robot/install/motor_temperature_pkg/include/motor_temperature_pkg/motor_temperature_pkg
-- Up-to-date: /home/orangepi/wheel_robot/install/motor_temperature_pkg/include/motor_temperature_pkg/motor_temperature_pkg/msg
-- Up-to-date: /home/orangepi/wheel_robot/install/motor_temperature_pkg/include/motor_temperature_pkg/motor_temperature_pkg/msg/detail
-- Installing: /home/orangepi/wheel_robot/install/motor_temperature_pkg/include/motor_temperature_pkg/motor_temperature_pkg/msg/detail/motor_temperatures__type_support.cpp
-- Installing: /home/orangepi/wheel_robot/install/motor_temperature_pkg/include/motor_temperature_pkg/motor_temperature_pkg/msg/detail/motor_temperatures__rosidl_typesupport_introspection_cpp.hpp
-- Installing: /home/orangepi/wheel_robot/install/motor_temperature_pkg/lib/libmotor_temperature_pkg__rosidl_typesupport_introspection_cpp.so
-- Set runtime path of "/home/orangepi/wheel_robot/install/motor_temperature_pkg/lib/libmotor_temperature_pkg__rosidl_typesupport_introspection_cpp.so" to ""
-- Installing: /home/orangepi/wheel_robot/install/motor_temperature_pkg/lib/libmotor_temperature_pkg__rosidl_typesupport_cpp.so
-- Set runtime path of "/home/orangepi/wheel_robot/install/motor_temperature_pkg/lib/libmotor_temperature_pkg__rosidl_typesupport_cpp.so" to ""
-- Installing: /home/orangepi/wheel_robot/install/motor_temperature_pkg/share/motor_temperature_pkg/environment/pythonpath.sh
-- Installing: /home/orangepi/wheel_robot/install/motor_temperature_pkg/share/motor_temperature_pkg/environment/pythonpath.dsv
-- Installing: /home/orangepi/wheel_robot/install/motor_temperature_pkg/local/lib/python3.10/dist-packages/motor_temperature_pkg-0.1.0-py3.10.egg-info
-- Installing: /home/orangepi/wheel_robot/install/motor_temperature_pkg/local/lib/python3.10/dist-packages/motor_temperature_pkg-0.1.0-py3.10.egg-info/top_level.txt
-- Installing: /home/orangepi/wheel_robot/install/motor_temperature_pkg/local/lib/python3.10/dist-packages/motor_temperature_pkg-0.1.0-py3.10.egg-info/SOURCES.txt
-- Installing: /home/orangepi/wheel_robot/install/motor_temperature_pkg/local/lib/python3.10/dist-packages/motor_temperature_pkg-0.1.0-py3.10.egg-info/dependency_links.txt
-- Installing: /home/orangepi/wheel_robot/install/motor_temperature_pkg/local/lib/python3.10/dist-packages/motor_temperature_pkg-0.1.0-py3.10.egg-info/PKG-INFO
-- Installing: /home/orangepi/wheel_robot/install/motor_temperature_pkg/local/lib/python3.10/dist-packages/motor_temperature_pkg
-- Installing: /home/orangepi/wheel_robot/install/motor_temperature_pkg/local/lib/python3.10/dist-packages/motor_temperature_pkg/libmotor_temperature_pkg__rosidl_generator_py.so
-- Installing: /home/orangepi/wheel_robot/install/motor_temperature_pkg/local/lib/python3.10/dist-packages/motor_temperature_pkg/__init__.py
-- Installing: /home/orangepi/wheel_robot/install/motor_temperature_pkg/local/lib/python3.10/dist-packages/motor_temperature_pkg/_motor_temperature_pkg_s.ep.rosidl_typesupport_c.c
-- Installing: /home/orangepi/wheel_robot/install/motor_temperature_pkg/local/lib/python3.10/dist-packages/motor_temperature_pkg/msg
-- Installing: /home/orangepi/wheel_robot/install/motor_temperature_pkg/local/lib/python3.10/dist-packages/motor_temperature_pkg/msg/_motor_temperatures_s.c
-- Installing: /home/orangepi/wheel_robot/install/motor_temperature_pkg/local/lib/python3.10/dist-packages/motor_temperature_pkg/msg/__init__.py
-- Installing: /home/orangepi/wheel_robot/install/motor_temperature_pkg/local/lib/python3.10/dist-packages/motor_temperature_pkg/msg/_motor_temperatures.py
-- Installing: /home/orangepi/wheel_robot/install/motor_temperature_pkg/local/lib/python3.10/dist-packages/motor_temperature_pkg/motor_temperature_pkg_s__rosidl_typesupport_fastrtps_c.cpython-310-aarch64-linux-gnu.so
-- Installing: /home/orangepi/wheel_robot/install/motor_temperature_pkg/local/lib/python3.10/dist-packages/motor_temperature_pkg/_motor_temperature_pkg_s.ep.rosidl_typesupport_introspection_c.c
-- Installing: /home/orangepi/wheel_robot/install/motor_temperature_pkg/local/lib/python3.10/dist-packages/motor_temperature_pkg/motor_temperature_pkg_s__rosidl_typesupport_c.cpython-310-aarch64-linux-gnu.so
-- Installing: /home/orangepi/wheel_robot/install/motor_temperature_pkg/local/lib/python3.10/dist-packages/motor_temperature_pkg/motor_temperature_pkg_s__rosidl_typesupport_introspection_c.cpython-310-aarch64-linux-gnu.so
-- Installing: /home/orangepi/wheel_robot/install/motor_temperature_pkg/local/lib/python3.10/dist-packages/motor_temperature_pkg/_motor_temperature_pkg_s.ep.rosidl_typesupport_fastrtps_c.c
Listing '/home/orangepi/wheel_robot/install/motor_temperature_pkg/local/lib/python3.10/dist-packages/motor_temperature_pkg'...
Compiling '/home/orangepi/wheel_robot/install/motor_temperature_pkg/local/lib/python3.10/dist-packages/motor_temperature_pkg/__init__.py'...
Listing '/home/orangepi/wheel_robot/install/motor_temperature_pkg/local/lib/python3.10/dist-packages/motor_temperature_pkg/msg'...
Compiling '/home/orangepi/wheel_robot/install/motor_temperature_pkg/local/lib/python3.10/dist-packages/motor_temperature_pkg/msg/__init__.py'...
Compiling '/home/orangepi/wheel_robot/install/motor_temperature_pkg/local/lib/python3.10/dist-packages/motor_temperature_pkg/msg/_motor_temperatures.py'...
-- Installing: /home/orangepi/wheel_robot/install/motor_temperature_pkg/local/lib/python3.10/dist-packages/motor_temperature_pkg/motor_temperature_pkg_s__rosidl_typesupport_fastrtps_c.cpython-310-aarch64-linux-gnu.so
-- Set runtime path of "/home/orangepi/wheel_robot/install/motor_temperature_pkg/local/lib/python3.10/dist-packages/motor_temperature_pkg/motor_temperature_pkg_s__rosidl_typesupport_fastrtps_c.cpython-310-aarch64-linux-gnu.so" to ""
-- Installing: /home/orangepi/wheel_robot/install/motor_temperature_pkg/local/lib/python3.10/dist-packages/motor_temperature_pkg/motor_temperature_pkg_s__rosidl_typesupport_introspection_c.cpython-310-aarch64-linux-gnu.so
-- Set runtime path of "/home/orangepi/wheel_robot/install/motor_temperature_pkg/local/lib/python3.10/dist-packages/motor_temperature_pkg/motor_temperature_pkg_s__rosidl_typesupport_introspection_c.cpython-310-aarch64-linux-gnu.so" to ""
-- Installing: /home/orangepi/wheel_robot/install/motor_temperature_pkg/local/lib/python3.10/dist-packages/motor_temperature_pkg/motor_temperature_pkg_s__rosidl_typesupport_c.cpython-310-aarch64-linux-gnu.so
-- Set runtime path of "/home/orangepi/wheel_robot/install/motor_temperature_pkg/local/lib/python3.10/dist-packages/motor_temperature_pkg/motor_temperature_pkg_s__rosidl_typesupport_c.cpython-310-aarch64-linux-gnu.so" to ""
-- Installing: /home/orangepi/wheel_robot/install/motor_temperature_pkg/lib/libmotor_temperature_pkg__rosidl_generator_py.so
-- Set runtime path of "/home/orangepi/wheel_robot/install/motor_temperature_pkg/lib/libmotor_temperature_pkg__rosidl_generator_py.so" to ""
-- Installing: /home/orangepi/wheel_robot/install/motor_temperature_pkg/share/ament_index/resource_index/rust_packages/motor_temperature_pkg
-- Installing: /home/orangepi/wheel_robot/install/motor_temperature_pkg/share/motor_temperature_pkg/rust
-- Installing: /home/orangepi/wheel_robot/install/motor_temperature_pkg/share/motor_temperature_pkg/rust/Cargo.toml
-- Installing: /home/orangepi/wheel_robot/install/motor_temperature_pkg/share/motor_temperature_pkg/rust/src
-- Installing: /home/orangepi/wheel_robot/install/motor_temperature_pkg/share/motor_temperature_pkg/rust/src/msg.rs
-- Installing: /home/orangepi/wheel_robot/install/motor_temperature_pkg/share/motor_temperature_pkg/rust/src/msg
-- Installing: /home/orangepi/wheel_robot/install/motor_temperature_pkg/share/motor_temperature_pkg/rust/src/msg/rmw.rs
-- Installing: /home/orangepi/wheel_robot/install/motor_temperature_pkg/share/motor_temperature_pkg/rust/src/lib.rs
-- Installing: /home/orangepi/wheel_robot/install/motor_temperature_pkg/share/motor_temperature_pkg/rust/build.rs
-- Installing: /home/orangepi/wheel_robot/install/motor_temperature_pkg/share/motor_temperature_pkg/msg/MotorTemperatures.idl
-- Installing: /home/orangepi/wheel_robot/install/motor_temperature_pkg/share/motor_temperature_pkg/msg/MotorTemperatures.msg
-- Installing: /home/orangepi/wheel_robot/install/motor_temperature_pkg/lib/motor_temperature_pkg/motor_temperature_monitor
-- Installing: /home/orangepi/wheel_robot/install/motor_temperature_pkg/share/ament_index/resource_index/package_run_dependencies/motor_temperature_pkg
-- Installing: /home/orangepi/wheel_robot/install/motor_temperature_pkg/share/ament_index/resource_index/parent_prefix_path/motor_temperature_pkg
-- Installing: /home/orangepi/wheel_robot/install/motor_temperature_pkg/share/motor_temperature_pkg/environment/ament_prefix_path.sh
-- Installing: /home/orangepi/wheel_robot/install/motor_temperature_pkg/share/motor_temperature_pkg/environment/ament_prefix_path.dsv
-- Installing: /home/orangepi/wheel_robot/install/motor_temperature_pkg/share/motor_temperature_pkg/environment/path.sh
-- Installing: /home/orangepi/wheel_robot/install/motor_temperature_pkg/share/motor_temperature_pkg/environment/path.dsv
-- Installing: /home/orangepi/wheel_robot/install/motor_temperature_pkg/share/motor_temperature_pkg/local_setup.bash
-- Installing: /home/orangepi/wheel_robot/install/motor_temperature_pkg/share/motor_temperature_pkg/local_setup.sh
-- Installing: /home/orangepi/wheel_robot/install/motor_temperature_pkg/share/motor_temperature_pkg/local_setup.zsh
-- Installing: /home/orangepi/wheel_robot/install/motor_temperature_pkg/share/motor_temperature_pkg/local_setup.dsv
-- Installing: /home/orangepi/wheel_robot/install/motor_temperature_pkg/share/motor_temperature_pkg/package.dsv
-- Installing: /home/orangepi/wheel_robot/install/motor_temperature_pkg/share/ament_index/resource_index/packages/motor_temperature_pkg
-- Installing: /home/orangepi/wheel_robot/install/motor_temperature_pkg/share/motor_temperature_pkg/cmake/export_motor_temperature_pkg__rosidl_generator_cExport.cmake
-- Installing: /home/orangepi/wheel_robot/install/motor_temperature_pkg/share/motor_temperature_pkg/cmake/export_motor_temperature_pkg__rosidl_generator_cExport-noconfig.cmake
-- Installing: /home/orangepi/wheel_robot/install/motor_temperature_pkg/share/motor_temperature_pkg/cmake/export_motor_temperature_pkg__rosidl_typesupport_fastrtps_cExport.cmake
-- Installing: /home/orangepi/wheel_robot/install/motor_temperature_pkg/share/motor_temperature_pkg/cmake/export_motor_temperature_pkg__rosidl_typesupport_fastrtps_cExport-noconfig.cmake
-- Installing: /home/orangepi/wheel_robot/install/motor_temperature_pkg/share/motor_temperature_pkg/cmake/motor_temperature_pkg__rosidl_typesupport_introspection_cExport.cmake
-- Installing: /home/orangepi/wheel_robot/install/motor_temperature_pkg/share/motor_temperature_pkg/cmake/motor_temperature_pkg__rosidl_typesupport_introspection_cExport-noconfig.cmake
-- Installing: /home/orangepi/wheel_robot/install/motor_temperature_pkg/share/motor_temperature_pkg/cmake/motor_temperature_pkg__rosidl_typesupport_cExport.cmake
-- Installing: /home/orangepi/wheel_robot/install/motor_temperature_pkg/share/motor_temperature_pkg/cmake/motor_temperature_pkg__rosidl_typesupport_cExport-noconfig.cmake
-- Installing: /home/orangepi/wheel_robot/install/motor_temperature_pkg/share/motor_temperature_pkg/cmake/export_motor_temperature_pkg__rosidl_generator_cppExport.cmake
-- Installing: /home/orangepi/wheel_robot/install/motor_temperature_pkg/share/motor_temperature_pkg/cmake/export_motor_temperature_pkg__rosidl_typesupport_fastrtps_cppExport.cmake
-- Installing: /home/orangepi/wheel_robot/install/motor_temperature_pkg/share/motor_temperature_pkg/cmake/export_motor_temperature_pkg__rosidl_typesupport_fastrtps_cppExport-noconfig.cmake
-- Installing: /home/orangepi/wheel_robot/install/motor_temperature_pkg/share/motor_temperature_pkg/cmake/motor_temperature_pkg__rosidl_typesupport_introspection_cppExport.cmake
-- Installing: /home/orangepi/wheel_robot/install/motor_temperature_pkg/share/motor_temperature_pkg/cmake/motor_temperature_pkg__rosidl_typesupport_introspection_cppExport-noconfig.cmake
-- Installing: /home/orangepi/wheel_robot/install/motor_temperature_pkg/share/motor_temperature_pkg/cmake/motor_temperature_pkg__rosidl_typesupport_cppExport.cmake
-- Installing: /home/orangepi/wheel_robot/install/motor_temperature_pkg/share/motor_temperature_pkg/cmake/motor_temperature_pkg__rosidl_typesupport_cppExport-noconfig.cmake
-- Installing: /home/orangepi/wheel_robot/install/motor_temperature_pkg/share/motor_temperature_pkg/cmake/export_motor_temperature_pkg__rosidl_generator_pyExport.cmake
-- Installing: /home/orangepi/wheel_robot/install/motor_temperature_pkg/share/motor_temperature_pkg/cmake/export_motor_temperature_pkg__rosidl_generator_pyExport-noconfig.cmake
-- Installing: /home/orangepi/wheel_robot/install/motor_temperature_pkg/share/motor_temperature_pkg/cmake/rosidl_cmake-extras.cmake
-- Installing: /home/orangepi/wheel_robot/install/motor_temperature_pkg/share/motor_temperature_pkg/cmake/ament_cmake_export_dependencies-extras.cmake
-- Installing: /home/orangepi/wheel_robot/install/motor_temperature_pkg/share/motor_temperature_pkg/cmake/ament_cmake_export_include_directories-extras.cmake
-- Installing: /home/orangepi/wheel_robot/install/motor_temperature_pkg/share/motor_temperature_pkg/cmake/ament_cmake_export_libraries-extras.cmake
-- Installing: /home/orangepi/wheel_robot/install/motor_temperature_pkg/share/motor_temperature_pkg/cmake/ament_cmake_export_targets-extras.cmake
-- Installing: /home/orangepi/wheel_robot/install/motor_temperature_pkg/share/motor_temperature_pkg/cmake/rosidl_cmake_export_typesupport_targets-extras.cmake
-- Installing: /home/orangepi/wheel_robot/install/motor_temperature_pkg/share/motor_temperature_pkg/cmake/rosidl_cmake_export_typesupport_libraries-extras.cmake
-- Installing: /home/orangepi/wheel_robot/install/motor_temperature_pkg/share/motor_temperature_pkg/cmake/rosidl_cmake_aggregate_target-extras.cmake
-- Installing: /home/orangepi/wheel_robot/install/motor_temperature_pkg/share/motor_temperature_pkg/cmake/motor_temperature_pkgConfig.cmake
-- Installing: /home/orangepi/wheel_robot/install/motor_temperature_pkg/share/motor_temperature_pkg/cmake/motor_temperature_pkgConfig-version.cmake
-- Installing: /home/orangepi/wheel_robot/install/motor_temperature_pkg/share/motor_temperature_pkg/package.xml
