-- Install configuration: ""
-- Up-to-date: /home/orangepi/wheel_robot/install/wheel_robot_demos/lib/wheel_robot_demos/dance_demo.py
-- Up-to-date: /home/orangepi/wheel_robot/install/wheel_robot_demos/share/wheel_robot_demos/config
-- Up-to-date: /home/orangepi/wheel_robot/install/wheel_robot_demos/share/wheel_robot_demos/config/dance_sequence.yaml
-- Up-to-date: /home/orangepi/wheel_robot/install/wheel_robot_demos/share/wheel_robot_demos/launch
-- Up-to-date: /home/orangepi/wheel_robot/install/wheel_robot_demos/share/wheel_robot_demos/launch/__pycache__
-- Up-to-date: /home/orangepi/wheel_robot/install/wheel_robot_demos/share/wheel_robot_demos/launch/__pycache__/dance_demo.launch.cpython-310.pyc
-- Up-to-date: /home/orangepi/wheel_robot/install/wheel_robot_demos/share/wheel_robot_demos/launch/dance_demo.launch.py
-- Up-to-date: /home/orangepi/wheel_robot/install/wheel_robot_demos/share/ament_index/resource_index/package_run_dependencies/wheel_robot_demos
-- Up-to-date: /home/orangepi/wheel_robot/install/wheel_robot_demos/share/ament_index/resource_index/parent_prefix_path/wheel_robot_demos
-- Up-to-date: /home/orangepi/wheel_robot/install/wheel_robot_demos/share/wheel_robot_demos/environment/ament_prefix_path.sh
-- Up-to-date: /home/orangepi/wheel_robot/install/wheel_robot_demos/share/wheel_robot_demos/environment/ament_prefix_path.dsv
-- Up-to-date: /home/orangepi/wheel_robot/install/wheel_robot_demos/share/wheel_robot_demos/environment/path.sh
-- Up-to-date: /home/orangepi/wheel_robot/install/wheel_robot_demos/share/wheel_robot_demos/environment/path.dsv
-- Up-to-date: /home/orangepi/wheel_robot/install/wheel_robot_demos/share/wheel_robot_demos/local_setup.bash
-- Up-to-date: /home/orangepi/wheel_robot/install/wheel_robot_demos/share/wheel_robot_demos/local_setup.sh
-- Up-to-date: /home/orangepi/wheel_robot/install/wheel_robot_demos/share/wheel_robot_demos/local_setup.zsh
-- Up-to-date: /home/orangepi/wheel_robot/install/wheel_robot_demos/share/wheel_robot_demos/local_setup.dsv
-- Up-to-date: /home/orangepi/wheel_robot/install/wheel_robot_demos/share/wheel_robot_demos/package.dsv
-- Up-to-date: /home/orangepi/wheel_robot/install/wheel_robot_demos/share/ament_index/resource_index/packages/wheel_robot_demos
-- Up-to-date: /home/orangepi/wheel_robot/install/wheel_robot_demos/share/wheel_robot_demos/cmake/wheel_robot_demosConfig.cmake
-- Up-to-date: /home/orangepi/wheel_robot/install/wheel_robot_demos/share/wheel_robot_demos/cmake/wheel_robot_demosConfig-version.cmake
-- Up-to-date: /home/orangepi/wheel_robot/install/wheel_robot_demos/share/wheel_robot_demos/package.xml
