[0.097s] Invoking command in '/home/orangepi/wheel_robot/build/wheel_robot_demos': CMAKE_PREFIX_PATH=${CMAKE_PREFIX_PATH}:/home/orangepi/wheel_robot/install/simple_follower_ros2:/opt/ros/humble /usr/bin/cmake --build /home/orangepi/wheel_robot/build/wheel_robot_demos -- -j8 -l8
[0.284s] Invoked command in '/home/orangepi/wheel_robot/build/wheel_robot_demos' returned '0': CMAKE_PREFIX_PATH=${CMAKE_PREFIX_PATH}:/home/orangepi/wheel_robot/install/simple_follower_ros2:/opt/ros/humble /usr/bin/cmake --build /home/orangepi/wheel_robot/build/wheel_robot_demos -- -j8 -l8
[0.293s] Invoking command in '/home/orangepi/wheel_robot/build/wheel_robot_demos': CMAKE_PREFIX_PATH=${CMAKE_PREFIX_PATH}:/home/orangepi/wheel_robot/install/simple_follower_ros2:/opt/ros/humble /usr/bin/cmake --install /home/orangepi/wheel_robot/build/wheel_robot_demos
[0.331s] -- Install configuration: ""
[0.331s] -- Up-to-date: /home/orangepi/wheel_robot/install/wheel_robot_demos/lib/wheel_robot_demos/dance_demo.py
[0.332s] -- Up-to-date: /home/orangepi/wheel_robot/install/wheel_robot_demos/share/wheel_robot_demos/config
[0.332s] -- Up-to-date: /home/orangepi/wheel_robot/install/wheel_robot_demos/share/wheel_robot_demos/config/dance_sequence.yaml
[0.332s] -- Up-to-date: /home/orangepi/wheel_robot/install/wheel_robot_demos/share/wheel_robot_demos/launch
[0.332s] -- Up-to-date: /home/orangepi/wheel_robot/install/wheel_robot_demos/share/wheel_robot_demos/launch/__pycache__
[0.332s] -- Up-to-date: /home/orangepi/wheel_robot/install/wheel_robot_demos/share/wheel_robot_demos/launch/__pycache__/dance_demo.launch.cpython-310.pyc
[0.332s] -- Up-to-date: /home/orangepi/wheel_robot/install/wheel_robot_demos/share/wheel_robot_demos/launch/dance_demo.launch.py
[0.332s] -- Up-to-date: /home/orangepi/wheel_robot/install/wheel_robot_demos/share/ament_index/resource_index/package_run_dependencies/wheel_robot_demos
[0.332s] -- Up-to-date: /home/orangepi/wheel_robot/install/wheel_robot_demos/share/ament_index/resource_index/parent_prefix_path/wheel_robot_demos
[0.333s] -- Up-to-date: /home/orangepi/wheel_robot/install/wheel_robot_demos/share/wheel_robot_demos/environment/ament_prefix_path.sh
[0.333s] -- Up-to-date: /home/orangepi/wheel_robot/install/wheel_robot_demos/share/wheel_robot_demos/environment/ament_prefix_path.dsv
[0.334s] -- Up-to-date: /home/orangepi/wheel_robot/install/wheel_robot_demos/share/wheel_robot_demos/environment/path.sh
[0.336s] -- Up-to-date: /home/orangepi/wheel_robot/install/wheel_robot_demos/share/wheel_robot_demos/environment/path.dsv
[0.337s] -- Up-to-date: /home/orangepi/wheel_robot/install/wheel_robot_demos/share/wheel_robot_demos/local_setup.bash
[0.337s] -- Up-to-date: /home/orangepi/wheel_robot/install/wheel_robot_demos/share/wheel_robot_demos/local_setup.sh
[0.342s] -- Up-to-date: /home/orangepi/wheel_robot/install/wheel_robot_demos/share/wheel_robot_demos/local_setup.zsh
[0.342s] -- Up-to-date: /home/orangepi/wheel_robot/install/wheel_robot_demos/share/wheel_robot_demos/local_setup.dsv
[0.343s] -- Up-to-date: /home/orangepi/wheel_robot/install/wheel_robot_demos/share/wheel_robot_demos/package.dsv
[0.343s] -- Up-to-date: /home/orangepi/wheel_robot/install/wheel_robot_demos/share/ament_index/resource_index/packages/wheel_robot_demos
[0.343s] -- Up-to-date: /home/orangepi/wheel_robot/install/wheel_robot_demos/share/wheel_robot_demos/cmake/wheel_robot_demosConfig.cmake
[0.343s] -- Up-to-date: /home/orangepi/wheel_robot/install/wheel_robot_demos/share/wheel_robot_demos/cmake/wheel_robot_demosConfig-version.cmake
[0.343s] -- Up-to-date: /home/orangepi/wheel_robot/install/wheel_robot_demos/share/wheel_robot_demos/package.xml
[0.408s] Invoked command in '/home/orangepi/wheel_robot/build/wheel_robot_demos' returned '0': CMAKE_PREFIX_PATH=${CMAKE_PREFIX_PATH}:/home/orangepi/wheel_robot/install/simple_follower_ros2:/opt/ros/humble /usr/bin/cmake --install /home/orangepi/wheel_robot/build/wheel_robot_demos
