-- The C compiler identification is GNU 11.4.0
-- The CXX compiler identification is GNU 11.4.0
-- Detecting C compiler ABI info
-- Detecting C compiler ABI info - done
-- Check for working C compiler: /usr/bin/cc - skipped
-- Detecting C compile features
-- Detecting C compile features - done
-- Detecting CXX compiler ABI info
-- Detecting CXX compiler ABI info - done
-- Check for working CXX compiler: /usr/bin/c++ - skipped
-- Detecting CXX compile features
-- Detecting CXX compile features - done
-- Found ament_cmake: 1.3.14 (/opt/ros/humble/share/ament_cmake/cmake)
-- Found Python3: /usr/bin/python3 (found version "3.10.12") found components: Interpreter 
-- Configuring done
-- Generating done
-- Build files have been written to: /home/orangepi/wheel_robot/build/wheel_robot_demos
-- Install configuration: ""
-- Installing: /home/orangepi/wheel_robot/install/wheel_robot_demos/lib/wheel_robot_demos/dance_demo.py
-- Installing: /home/orangepi/wheel_robot/install/wheel_robot_demos/share/wheel_robot_demos/config
-- Installing: /home/orangepi/wheel_robot/install/wheel_robot_demos/share/wheel_robot_demos/config/dance_sequence.yaml
-- Installing: /home/orangepi/wheel_robot/install/wheel_robot_demos/share/wheel_robot_demos/launch
-- Installing: /home/orangepi/wheel_robot/install/wheel_robot_demos/share/wheel_robot_demos/launch/__pycache__
-- Installing: /home/orangepi/wheel_robot/install/wheel_robot_demos/share/wheel_robot_demos/launch/__pycache__/dance_demo.launch.cpython-310.pyc
-- Installing: /home/orangepi/wheel_robot/install/wheel_robot_demos/share/wheel_robot_demos/launch/dance_demo.launch.py
-- Installing: /home/orangepi/wheel_robot/install/wheel_robot_demos/share/ament_index/resource_index/package_run_dependencies/wheel_robot_demos
-- Installing: /home/orangepi/wheel_robot/install/wheel_robot_demos/share/ament_index/resource_index/parent_prefix_path/wheel_robot_demos
-- Installing: /home/orangepi/wheel_robot/install/wheel_robot_demos/share/wheel_robot_demos/environment/ament_prefix_path.sh
-- Installing: /home/orangepi/wheel_robot/install/wheel_robot_demos/share/wheel_robot_demos/environment/ament_prefix_path.dsv
-- Installing: /home/orangepi/wheel_robot/install/wheel_robot_demos/share/wheel_robot_demos/environment/path.sh
-- Installing: /home/orangepi/wheel_robot/install/wheel_robot_demos/share/wheel_robot_demos/environment/path.dsv
-- Installing: /home/orangepi/wheel_robot/install/wheel_robot_demos/share/wheel_robot_demos/local_setup.bash
-- Installing: /home/orangepi/wheel_robot/install/wheel_robot_demos/share/wheel_robot_demos/local_setup.sh
-- Installing: /home/orangepi/wheel_robot/install/wheel_robot_demos/share/wheel_robot_demos/local_setup.zsh
-- Installing: /home/orangepi/wheel_robot/install/wheel_robot_demos/share/wheel_robot_demos/local_setup.dsv
-- Installing: /home/orangepi/wheel_robot/install/wheel_robot_demos/share/wheel_robot_demos/package.dsv
-- Installing: /home/orangepi/wheel_robot/install/wheel_robot_demos/share/ament_index/resource_index/packages/wheel_robot_demos
-- Installing: /home/orangepi/wheel_robot/install/wheel_robot_demos/share/wheel_robot_demos/cmake/wheel_robot_demosConfig.cmake
-- Installing: /home/orangepi/wheel_robot/install/wheel_robot_demos/share/wheel_robot_demos/cmake/wheel_robot_demosConfig-version.cmake
-- Installing: /home/orangepi/wheel_robot/install/wheel_robot_demos/share/wheel_robot_demos/package.xml
