[35m[1mConsolidate compiler generated dependencies of target cpp_doubler[0m
[100%] Built target cpp_doubler
-- Install configuration: ""
-- Up-to-date: /home/orangepi/wheel_robot/install/lesson12_ros_conversion/lib/lesson12_ros_conversion/python_number_publisher.py
-- Up-to-date: /home/orangepi/wheel_robot/install/lesson12_ros_conversion/lib/lesson12_ros_conversion/cpp_doubler
-- Up-to-date: /home/orangepi/wheel_robot/install/lesson12_ros_conversion/share/ament_index/resource_index/package_run_dependencies/lesson12_ros_conversion
-- Up-to-date: /home/orangepi/wheel_robot/install/lesson12_ros_conversion/share/ament_index/resource_index/parent_prefix_path/lesson12_ros_conversion
-- Up-to-date: /home/orangepi/wheel_robot/install/lesson12_ros_conversion/share/lesson12_ros_conversion/environment/ament_prefix_path.sh
-- Up-to-date: /home/orangepi/wheel_robot/install/lesson12_ros_conversion/share/lesson12_ros_conversion/environment/ament_prefix_path.dsv
-- Up-to-date: /home/orangepi/wheel_robot/install/lesson12_ros_conversion/share/lesson12_ros_conversion/environment/path.sh
-- Up-to-date: /home/orangepi/wheel_robot/install/lesson12_ros_conversion/share/lesson12_ros_conversion/environment/path.dsv
-- Up-to-date: /home/orangepi/wheel_robot/install/lesson12_ros_conversion/share/lesson12_ros_conversion/local_setup.bash
-- Up-to-date: /home/orangepi/wheel_robot/install/lesson12_ros_conversion/share/lesson12_ros_conversion/local_setup.sh
-- Up-to-date: /home/orangepi/wheel_robot/install/lesson12_ros_conversion/share/lesson12_ros_conversion/local_setup.zsh
-- Up-to-date: /home/orangepi/wheel_robot/install/lesson12_ros_conversion/share/lesson12_ros_conversion/local_setup.dsv
-- Installing: /home/orangepi/wheel_robot/install/lesson12_ros_conversion/share/lesson12_ros_conversion/package.dsv
-- Up-to-date: /home/orangepi/wheel_robot/install/lesson12_ros_conversion/share/ament_index/resource_index/packages/lesson12_ros_conversion
-- Up-to-date: /home/orangepi/wheel_robot/install/lesson12_ros_conversion/share/lesson12_ros_conversion/cmake/lesson12_ros_conversionConfig.cmake
-- Up-to-date: /home/orangepi/wheel_robot/install/lesson12_ros_conversion/share/lesson12_ros_conversion/cmake/lesson12_ros_conversionConfig-version.cmake
-- Up-to-date: /home/orangepi/wheel_robot/install/lesson12_ros_conversion/share/lesson12_ros_conversion/package.xml
