[0.085s] Invoking command in '/home/orangepi/wheel_robot/build/lesson12_ros_conversion': CMAKE_PREFIX_PATH=${CMAKE_PREFIX_PATH}:/home/orangepi/wheel_robot/install/simple_follower_ros2:/opt/ros/humble /usr/bin/cmake --build /home/orangepi/wheel_robot/build/lesson12_ros_conversion -- -j8 -l8
[0.256s] [35m[1mConsolidate compiler generated dependencies of target cpp_doubler[0m
[0.358s] [100%] Built target cpp_doubler
[0.473s] Invoked command in '/home/orangepi/wheel_robot/build/lesson12_ros_conversion' returned '0': CMAKE_PREFIX_PATH=${CMAKE_PREFIX_PATH}:/home/orangepi/wheel_robot/install/simple_follower_ros2:/opt/ros/humble /usr/bin/cmake --build /home/orangepi/wheel_robot/build/lesson12_ros_conversion -- -j8 -l8
[0.481s] Invoking command in '/home/orangepi/wheel_robot/build/lesson12_ros_conversion': CMAKE_PREFIX_PATH=${CMAKE_PREFIX_PATH}:/home/orangepi/wheel_robot/install/simple_follower_ros2:/opt/ros/humble /usr/bin/cmake --install /home/orangepi/wheel_robot/build/lesson12_ros_conversion
[0.506s] -- Install configuration: ""
[0.507s] -- Up-to-date: /home/orangepi/wheel_robot/install/lesson12_ros_conversion/lib/lesson12_ros_conversion/python_number_publisher.py
[0.508s] -- Up-to-date: /home/orangepi/wheel_robot/install/lesson12_ros_conversion/lib/lesson12_ros_conversion/cpp_doubler
[0.509s] -- Up-to-date: /home/orangepi/wheel_robot/install/lesson12_ros_conversion/share/ament_index/resource_index/package_run_dependencies/lesson12_ros_conversion
[0.510s] -- Up-to-date: /home/orangepi/wheel_robot/install/lesson12_ros_conversion/share/ament_index/resource_index/parent_prefix_path/lesson12_ros_conversion
[0.511s] -- Up-to-date: /home/orangepi/wheel_robot/install/lesson12_ros_conversion/share/lesson12_ros_conversion/environment/ament_prefix_path.sh
[0.513s] -- Up-to-date: /home/orangepi/wheel_robot/install/lesson12_ros_conversion/share/lesson12_ros_conversion/environment/ament_prefix_path.dsv
[0.516s] -- Up-to-date: /home/orangepi/wheel_robot/install/lesson12_ros_conversion/share/lesson12_ros_conversion/environment/path.sh
[0.516s] -- Up-to-date: /home/orangepi/wheel_robot/install/lesson12_ros_conversion/share/lesson12_ros_conversion/environment/path.dsv
[0.517s] -- Up-to-date: /home/orangepi/wheel_robot/install/lesson12_ros_conversion/share/lesson12_ros_conversion/local_setup.bash
[0.518s] -- Up-to-date: /home/orangepi/wheel_robot/install/lesson12_ros_conversion/share/lesson12_ros_conversion/local_setup.sh
[0.519s] -- Up-to-date: /home/orangepi/wheel_robot/install/lesson12_ros_conversion/share/lesson12_ros_conversion/local_setup.zsh
[0.520s] -- Up-to-date: /home/orangepi/wheel_robot/install/lesson12_ros_conversion/share/lesson12_ros_conversion/local_setup.dsv
[0.521s] -- Installing: /home/orangepi/wheel_robot/install/lesson12_ros_conversion/share/lesson12_ros_conversion/package.dsv
[0.521s] -- Up-to-date: /home/orangepi/wheel_robot/install/lesson12_ros_conversion/share/ament_index/resource_index/packages/lesson12_ros_conversion
[0.522s] -- Up-to-date: /home/orangepi/wheel_robot/install/lesson12_ros_conversion/share/lesson12_ros_conversion/cmake/lesson12_ros_conversionConfig.cmake
[0.522s] -- Up-to-date: /home/orangepi/wheel_robot/install/lesson12_ros_conversion/share/lesson12_ros_conversion/cmake/lesson12_ros_conversionConfig-version.cmake
[0.523s] -- Up-to-date: /home/orangepi/wheel_robot/install/lesson12_ros_conversion/share/lesson12_ros_conversion/package.xml
[0.525s] Invoked command in '/home/orangepi/wheel_robot/build/lesson12_ros_conversion' returned '0': CMAKE_PREFIX_PATH=${CMAKE_PREFIX_PATH}:/home/orangepi/wheel_robot/install/simple_follower_ros2:/opt/ros/humble /usr/bin/cmake --install /home/orangepi/wheel_robot/build/lesson12_ros_conversion
