[ 33%] Building CXX object CMakeFiles/wl_base_node.dir/src/wl_base_node.cpp.o
[ 66%] Linking CXX executable wl_base_node
[100%] Built target wl_base_node
-- Install configuration: ""
-- Installing: /home/orangepi/wheel_robot/install/wheeled_legged_pkg/lib/wheeled_legged_pkg/wl_base_node
-- Set runtime path of "/home/orangepi/wheel_robot/install/wheeled_legged_pkg/lib/wheeled_legged_pkg/wl_base_node" to ""
-- Up-to-date: /home/orangepi/wheel_robot/install/wheeled_legged_pkg/share/ament_index/resource_index/package_run_dependencies/wheeled_legged_pkg
-- Up-to-date: /home/orangepi/wheel_robot/install/wheeled_legged_pkg/share/ament_index/resource_index/parent_prefix_path/wheeled_legged_pkg
-- Up-to-date: /home/orangepi/wheel_robot/install/wheeled_legged_pkg/share/wheeled_legged_pkg/environment/ament_prefix_path.sh
-- Up-to-date: /home/orangepi/wheel_robot/install/wheeled_legged_pkg/share/wheeled_legged_pkg/environment/ament_prefix_path.dsv
-- Up-to-date: /home/orangepi/wheel_robot/install/wheeled_legged_pkg/share/wheeled_legged_pkg/environment/path.sh
-- Up-to-date: /home/orangepi/wheel_robot/install/wheeled_legged_pkg/share/wheeled_legged_pkg/environment/path.dsv
-- Up-to-date: /home/orangepi/wheel_robot/install/wheeled_legged_pkg/share/wheeled_legged_pkg/local_setup.bash
-- Up-to-date: /home/orangepi/wheel_robot/install/wheeled_legged_pkg/share/wheeled_legged_pkg/local_setup.sh
-- Up-to-date: /home/orangepi/wheel_robot/install/wheeled_legged_pkg/share/wheeled_legged_pkg/local_setup.zsh
-- Up-to-date: /home/orangepi/wheel_robot/install/wheeled_legged_pkg/share/wheeled_legged_pkg/local_setup.dsv
-- Installing: /home/orangepi/wheel_robot/install/wheeled_legged_pkg/share/wheeled_legged_pkg/package.dsv
-- Up-to-date: /home/orangepi/wheel_robot/install/wheeled_legged_pkg/share/ament_index/resource_index/packages/wheeled_legged_pkg
-- Up-to-date: /home/orangepi/wheel_robot/install/wheeled_legged_pkg/share/wheeled_legged_pkg/cmake/wheeled_legged_pkgConfig.cmake
-- Up-to-date: /home/orangepi/wheel_robot/install/wheeled_legged_pkg/share/wheeled_legged_pkg/cmake/wheeled_legged_pkgConfig-version.cmake
-- Up-to-date: /home/orangepi/wheel_robot/install/wheeled_legged_pkg/share/wheeled_legged_pkg/package.xml
