[0.066s] Invoking command in '/home/orangepi/wheel_robot/build/wheeled_legged_pkg': CMAKE_PREFIX_PATH=/home/orangepi/wheel_robot/install/motor_temperature_pkg:/home/orangepi/wheel_robot/install/wheel_robot:/home/orangepi/wheel_robot/install/wheeled_legged_pkg:/home/orangepi/wheel_robot/install/wheel_robot_demos:/home/orangepi/wheel_robot/install/wheel_legged_urdf_pkg:/home/orangepi/wheel_robot/install/lesson12_ros_conversion:/home/orangepi/wheel_robot/install/simple_follower_ros2:/opt/ros/humble LD_LIBRARY_PATH=/home/orangepi/wheel_robot/install/motor_temperature_pkg/lib:/home/orangepi/wheel_robot/install/wheel_robot/lib:/opt/ros/humble/opt/rviz_ogre_vendor/lib:/opt/ros/humble/lib/aarch64-linux-gnu:/opt/ros/humble/lib NODE_OPTIONS=--no-node-snapshot /usr/bin/cmake --build /home/orangepi/wheel_robot/build/wheeled_legged_pkg -- -j8 -l8
[0.324s] [ 33%] Building CXX object CMakeFiles/wl_base_node.dir/src/wl_base_node.cpp.o
[44.682s] [ 66%] Linking CXX executable wl_base_node
[48.740s] [100%] Built target wl_base_node
[48.825s] Invoked command in '/home/orangepi/wheel_robot/build/wheeled_legged_pkg' returned '0': CMAKE_PREFIX_PATH=/home/orangepi/wheel_robot/install/motor_temperature_pkg:/home/orangepi/wheel_robot/install/wheel_robot:/home/orangepi/wheel_robot/install/wheeled_legged_pkg:/home/orangepi/wheel_robot/install/wheel_robot_demos:/home/orangepi/wheel_robot/install/wheel_legged_urdf_pkg:/home/orangepi/wheel_robot/install/lesson12_ros_conversion:/home/orangepi/wheel_robot/install/simple_follower_ros2:/opt/ros/humble LD_LIBRARY_PATH=/home/orangepi/wheel_robot/install/motor_temperature_pkg/lib:/home/orangepi/wheel_robot/install/wheel_robot/lib:/opt/ros/humble/opt/rviz_ogre_vendor/lib:/opt/ros/humble/lib/aarch64-linux-gnu:/opt/ros/humble/lib NODE_OPTIONS=--no-node-snapshot /usr/bin/cmake --build /home/orangepi/wheel_robot/build/wheeled_legged_pkg -- -j8 -l8
[48.859s] Invoking command in '/home/orangepi/wheel_robot/build/wheeled_legged_pkg': CMAKE_PREFIX_PATH=/home/orangepi/wheel_robot/install/motor_temperature_pkg:/home/orangepi/wheel_robot/install/wheel_robot:/home/orangepi/wheel_robot/install/wheeled_legged_pkg:/home/orangepi/wheel_robot/install/wheel_robot_demos:/home/orangepi/wheel_robot/install/wheel_legged_urdf_pkg:/home/orangepi/wheel_robot/install/lesson12_ros_conversion:/home/orangepi/wheel_robot/install/simple_follower_ros2:/opt/ros/humble LD_LIBRARY_PATH=/home/orangepi/wheel_robot/install/motor_temperature_pkg/lib:/home/orangepi/wheel_robot/install/wheel_robot/lib:/opt/ros/humble/opt/rviz_ogre_vendor/lib:/opt/ros/humble/lib/aarch64-linux-gnu:/opt/ros/humble/lib NODE_OPTIONS=--no-node-snapshot /usr/bin/cmake --install /home/orangepi/wheel_robot/build/wheeled_legged_pkg
[48.885s] -- Install configuration: ""
[48.885s] -- Installing: /home/orangepi/wheel_robot/install/wheeled_legged_pkg/lib/wheeled_legged_pkg/wl_base_node
[48.904s] -- Set runtime path of "/home/orangepi/wheel_robot/install/wheeled_legged_pkg/lib/wheeled_legged_pkg/wl_base_node" to ""
[48.905s] -- Up-to-date: /home/orangepi/wheel_robot/install/wheeled_legged_pkg/share/ament_index/resource_index/package_run_dependencies/wheeled_legged_pkg
[48.905s] -- Up-to-date: /home/orangepi/wheel_robot/install/wheeled_legged_pkg/share/ament_index/resource_index/parent_prefix_path/wheeled_legged_pkg
[48.905s] -- Up-to-date: /home/orangepi/wheel_robot/install/wheeled_legged_pkg/share/wheeled_legged_pkg/environment/ament_prefix_path.sh
[48.906s] -- Up-to-date: /home/orangepi/wheel_robot/install/wheeled_legged_pkg/share/wheeled_legged_pkg/environment/ament_prefix_path.dsv
[48.907s] -- Up-to-date: /home/orangepi/wheel_robot/install/wheeled_legged_pkg/share/wheeled_legged_pkg/environment/path.sh
[48.908s] -- Up-to-date: /home/orangepi/wheel_robot/install/wheeled_legged_pkg/share/wheeled_legged_pkg/environment/path.dsv
[48.909s] -- Up-to-date: /home/orangepi/wheel_robot/install/wheeled_legged_pkg/share/wheeled_legged_pkg/local_setup.bash
[48.910s] -- Up-to-date: /home/orangepi/wheel_robot/install/wheeled_legged_pkg/share/wheeled_legged_pkg/local_setup.sh
[48.910s] -- Up-to-date: /home/orangepi/wheel_robot/install/wheeled_legged_pkg/share/wheeled_legged_pkg/local_setup.zsh
[48.911s] -- Up-to-date: /home/orangepi/wheel_robot/install/wheeled_legged_pkg/share/wheeled_legged_pkg/local_setup.dsv
[48.912s] -- Installing: /home/orangepi/wheel_robot/install/wheeled_legged_pkg/share/wheeled_legged_pkg/package.dsv
[48.912s] -- Up-to-date: /home/orangepi/wheel_robot/install/wheeled_legged_pkg/share/ament_index/resource_index/packages/wheeled_legged_pkg
[48.913s] -- Up-to-date: /home/orangepi/wheel_robot/install/wheeled_legged_pkg/share/wheeled_legged_pkg/cmake/wheeled_legged_pkgConfig.cmake
[48.914s] -- Up-to-date: /home/orangepi/wheel_robot/install/wheeled_legged_pkg/share/wheeled_legged_pkg/cmake/wheeled_legged_pkgConfig-version.cmake
[48.915s] -- Up-to-date: /home/orangepi/wheel_robot/install/wheeled_legged_pkg/share/wheeled_legged_pkg/package.xml
[48.916s] Invoked command in '/home/orangepi/wheel_robot/build/wheeled_legged_pkg' returned '0': CMAKE_PREFIX_PATH=/home/orangepi/wheel_robot/install/motor_temperature_pkg:/home/orangepi/wheel_robot/install/wheel_robot:/home/orangepi/wheel_robot/install/wheeled_legged_pkg:/home/orangepi/wheel_robot/install/wheel_robot_demos:/home/orangepi/wheel_robot/install/wheel_legged_urdf_pkg:/home/orangepi/wheel_robot/install/lesson12_ros_conversion:/home/orangepi/wheel_robot/install/simple_follower_ros2:/opt/ros/humble LD_LIBRARY_PATH=/home/orangepi/wheel_robot/install/motor_temperature_pkg/lib:/home/orangepi/wheel_robot/install/wheel_robot/lib:/opt/ros/humble/opt/rviz_ogre_vendor/lib:/opt/ros/humble/lib/aarch64-linux-gnu:/opt/ros/humble/lib NODE_OPTIONS=--no-node-snapshot /usr/bin/cmake --install /home/orangepi/wheel_robot/build/wheeled_legged_pkg
