[35m[1mConsolidate compiler generated dependencies of target wheel_robot__rosidl_generator_c[0m
[35m[1mConsolidate compiler generated dependencies of target astra_camera_node[0m
[  1%] Built target wheel_robot__rs
[  3%] Built target wheel_robot__cpp
[35m[1mConsolidate compiler generated dependencies of target wheel_robot__rosidl_typesupport_fastrtps_cpp[0m
[ 13%] Built target wheel_robot__rosidl_generator_c
[35m[1mConsolidate compiler generated dependencies of target wheel_robot__rosidl_typesupport_cpp[0m
[35m[1mConsolidate compiler generated dependencies of target wheel_robot__rosidl_typesupport_introspection_cpp[0m
[35m[1mConsolidate compiler generated dependencies of target wheel_robot__rosidl_typesupport_introspection_c[0m
[ 23%] Built target wheel_robot__rosidl_typesupport_fastrtps_cpp
[ 26%] Built target astra_camera_node
[ 26%] Built target ament_cmake_python_copy_wheel_robot
[35m[1mConsolidate compiler generated dependencies of target wheel_robot__rosidl_typesupport_c[0m
[35m[1mConsolidate compiler generated dependencies of target wheel_robot__rosidl_typesupport_fastrtps_c[0m
[ 36%] Built target wheel_robot__rosidl_typesupport_cpp
[ 46%] Built target wheel_robot__rosidl_typesupport_introspection_c
[ 55%] Built target wheel_robot__rosidl_typesupport_introspection_cpp
[ 65%] Built target wheel_robot__rosidl_typesupport_c
[35m[1mConsolidate compiler generated dependencies of target depth_distance_node[0m
[ 75%] Built target wheel_robot__rosidl_typesupport_fastrtps_c
[ 78%] Built target depth_distance_node
[ 78%] Built target wheel_robot
[ 80%] Built target wheel_robot__py
[35m[1mConsolidate compiler generated dependencies of target wheel_robot__rosidl_generator_py[0m
[ 88%] Built target wheel_robot__rosidl_generator_py
[35m[1mConsolidate compiler generated dependencies of target wheel_robot__rosidl_typesupport_fastrtps_c__pyext[0m
[35m[1mConsolidate compiler generated dependencies of target wheel_robot__rosidl_typesupport_c__pyext[0m
[35m[1mConsolidate compiler generated dependencies of target wheel_robot__rosidl_typesupport_introspection_c__pyext[0m
[100%] Built target wheel_robot__rosidl_typesupport_fastrtps_c__pyext
[100%] Built target wheel_robot__rosidl_typesupport_introspection_c__pyext
[100%] Built target wheel_robot__rosidl_typesupport_c__pyext
running egg_info
writing wheel_robot.egg-info/PKG-INFO
writing dependency_links to wheel_robot.egg-info/dependency_links.txt
writing top-level names to wheel_robot.egg-info/top_level.txt
reading manifest file 'wheel_robot.egg-info/SOURCES.txt'
writing manifest file 'wheel_robot.egg-info/SOURCES.txt'
[100%] Built target ament_cmake_python_build_wheel_robot_egg
-- Install configuration: ""
-- Up-to-date: /home/orangepi/wheel_robot/install/wheel_robot/share/ament_index/resource_index/rosidl_interfaces/wheel_robot
-- Up-to-date: /home/orangepi/wheel_robot/install/wheel_robot/include/wheel_robot/wheel_robot
-- Up-to-date: /home/orangepi/wheel_robot/install/wheel_robot/include/wheel_robot/wheel_robot/msg
-- Up-to-date: /home/orangepi/wheel_robot/install/wheel_robot/include/wheel_robot/wheel_robot/msg/rosidl_generator_c__visibility_control.h
-- Up-to-date: /home/orangepi/wheel_robot/install/wheel_robot/include/wheel_robot/wheel_robot/msg/obstacle_status.h
-- Up-to-date: /home/orangepi/wheel_robot/install/wheel_robot/include/wheel_robot/wheel_robot/msg/step_detection.h
-- Up-to-date: /home/orangepi/wheel_robot/install/wheel_robot/include/wheel_robot/wheel_robot/msg/step_approach_status.h
-- Up-to-date: /home/orangepi/wheel_robot/install/wheel_robot/include/wheel_robot/wheel_robot/msg/detail
-- Up-to-date: /home/orangepi/wheel_robot/install/wheel_robot/include/wheel_robot/wheel_robot/msg/detail/step_approach_status__struct.h
-- Up-to-date: /home/orangepi/wheel_robot/install/wheel_robot/include/wheel_robot/wheel_robot/msg/detail/step_detection__functions.c
-- Up-to-date: /home/orangepi/wheel_robot/install/wheel_robot/include/wheel_robot/wheel_robot/msg/detail/step_approach_status__type_support.h
-- Up-to-date: /home/orangepi/wheel_robot/install/wheel_robot/include/wheel_robot/wheel_robot/msg/detail/obstacle_status__type_support.h
-- Up-to-date: /home/orangepi/wheel_robot/install/wheel_robot/include/wheel_robot/wheel_robot/msg/detail/obstacle_status__functions.c
-- Up-to-date: /home/orangepi/wheel_robot/install/wheel_robot/include/wheel_robot/wheel_robot/msg/detail/step_approach_status__functions.h
-- Up-to-date: /home/orangepi/wheel_robot/install/wheel_robot/include/wheel_robot/wheel_robot/msg/detail/step_detection__type_support.h
-- Up-to-date: /home/orangepi/wheel_robot/install/wheel_robot/include/wheel_robot/wheel_robot/msg/detail/step_approach_status__functions.c
-- Up-to-date: /home/orangepi/wheel_robot/install/wheel_robot/include/wheel_robot/wheel_robot/msg/detail/obstacle_status__struct.h
-- Up-to-date: /home/orangepi/wheel_robot/install/wheel_robot/include/wheel_robot/wheel_robot/msg/detail/obstacle_status__functions.h
-- Up-to-date: /home/orangepi/wheel_robot/install/wheel_robot/include/wheel_robot/wheel_robot/msg/detail/step_detection__struct.h
-- Up-to-date: /home/orangepi/wheel_robot/install/wheel_robot/include/wheel_robot/wheel_robot/msg/detail/step_detection__functions.h
-- Up-to-date: /home/orangepi/wheel_robot/install/wheel_robot/share/wheel_robot/environment/library_path.sh
-- Up-to-date: /home/orangepi/wheel_robot/install/wheel_robot/share/wheel_robot/environment/library_path.dsv
-- Up-to-date: /home/orangepi/wheel_robot/install/wheel_robot/lib/libwheel_robot__rosidl_generator_c.so
-- Up-to-date: /home/orangepi/wheel_robot/install/wheel_robot/include/wheel_robot/wheel_robot
-- Up-to-date: /home/orangepi/wheel_robot/install/wheel_robot/include/wheel_robot/wheel_robot/msg
-- Up-to-date: /home/orangepi/wheel_robot/install/wheel_robot/include/wheel_robot/wheel_robot/msg/rosidl_typesupport_fastrtps_c__visibility_control.h
-- Up-to-date: /home/orangepi/wheel_robot/install/wheel_robot/include/wheel_robot/wheel_robot/msg/detail
-- Up-to-date: /home/orangepi/wheel_robot/install/wheel_robot/include/wheel_robot/wheel_robot/msg/detail/step_approach_status__rosidl_typesupport_fastrtps_c.h
-- Up-to-date: /home/orangepi/wheel_robot/install/wheel_robot/include/wheel_robot/wheel_robot/msg/detail/obstacle_status__rosidl_typesupport_fastrtps_c.h
-- Up-to-date: /home/orangepi/wheel_robot/install/wheel_robot/include/wheel_robot/wheel_robot/msg/detail/step_detection__rosidl_typesupport_fastrtps_c.h
-- Up-to-date: /home/orangepi/wheel_robot/install/wheel_robot/lib/libwheel_robot__rosidl_typesupport_fastrtps_c.so
-- Up-to-date: /home/orangepi/wheel_robot/install/wheel_robot/include/wheel_robot/wheel_robot
-- Up-to-date: /home/orangepi/wheel_robot/install/wheel_robot/include/wheel_robot/wheel_robot/msg
-- Up-to-date: /home/orangepi/wheel_robot/install/wheel_robot/include/wheel_robot/wheel_robot/msg/rosidl_generator_cpp__visibility_control.hpp
-- Up-to-date: /home/orangepi/wheel_robot/install/wheel_robot/include/wheel_robot/wheel_robot/msg/obstacle_status.hpp
-- Up-to-date: /home/orangepi/wheel_robot/install/wheel_robot/include/wheel_robot/wheel_robot/msg/step_approach_status.hpp
-- Up-to-date: /home/orangepi/wheel_robot/install/wheel_robot/include/wheel_robot/wheel_robot/msg/detail
-- Up-to-date: /home/orangepi/wheel_robot/install/wheel_robot/include/wheel_robot/wheel_robot/msg/detail/step_detection__traits.hpp
-- Up-to-date: /home/orangepi/wheel_robot/install/wheel_robot/include/wheel_robot/wheel_robot/msg/detail/obstacle_status__builder.hpp
-- Up-to-date: /home/orangepi/wheel_robot/install/wheel_robot/include/wheel_robot/wheel_robot/msg/detail/obstacle_status__traits.hpp
-- Up-to-date: /home/orangepi/wheel_robot/install/wheel_robot/include/wheel_robot/wheel_robot/msg/detail/step_approach_status__builder.hpp
-- Up-to-date: /home/orangepi/wheel_robot/install/wheel_robot/include/wheel_robot/wheel_robot/msg/detail/step_approach_status__traits.hpp
-- Up-to-date: /home/orangepi/wheel_robot/install/wheel_robot/include/wheel_robot/wheel_robot/msg/detail/step_detection__builder.hpp
-- Up-to-date: /home/orangepi/wheel_robot/install/wheel_robot/include/wheel_robot/wheel_robot/msg/detail/step_approach_status__struct.hpp
-- Up-to-date: /home/orangepi/wheel_robot/install/wheel_robot/include/wheel_robot/wheel_robot/msg/detail/step_detection__struct.hpp
-- Up-to-date: /home/orangepi/wheel_robot/install/wheel_robot/include/wheel_robot/wheel_robot/msg/detail/obstacle_status__type_support.hpp
-- Up-to-date: /home/orangepi/wheel_robot/install/wheel_robot/include/wheel_robot/wheel_robot/msg/detail/step_approach_status__type_support.hpp
-- Up-to-date: /home/orangepi/wheel_robot/install/wheel_robot/include/wheel_robot/wheel_robot/msg/detail/step_detection__type_support.hpp
-- Up-to-date: /home/orangepi/wheel_robot/install/wheel_robot/include/wheel_robot/wheel_robot/msg/detail/obstacle_status__struct.hpp
-- Up-to-date: /home/orangepi/wheel_robot/install/wheel_robot/include/wheel_robot/wheel_robot/msg/step_detection.hpp
-- Up-to-date: /home/orangepi/wheel_robot/install/wheel_robot/include/wheel_robot/wheel_robot
-- Up-to-date: /home/orangepi/wheel_robot/install/wheel_robot/include/wheel_robot/wheel_robot/msg
-- Up-to-date: /home/orangepi/wheel_robot/install/wheel_robot/include/wheel_robot/wheel_robot/msg/rosidl_typesupport_fastrtps_cpp__visibility_control.h
-- Up-to-date: /home/orangepi/wheel_robot/install/wheel_robot/include/wheel_robot/wheel_robot/msg/detail
-- Up-to-date: /home/orangepi/wheel_robot/install/wheel_robot/include/wheel_robot/wheel_robot/msg/detail/step_detection__rosidl_typesupport_fastrtps_cpp.hpp
-- Up-to-date: /home/orangepi/wheel_robot/install/wheel_robot/include/wheel_robot/wheel_robot/msg/detail/step_approach_status__rosidl_typesupport_fastrtps_cpp.hpp
-- Up-to-date: /home/orangepi/wheel_robot/install/wheel_robot/include/wheel_robot/wheel_robot/msg/detail/dds_fastrtps
-- Up-to-date: /home/orangepi/wheel_robot/install/wheel_robot/include/wheel_robot/wheel_robot/msg/detail/obstacle_status__rosidl_typesupport_fastrtps_cpp.hpp
-- Up-to-date: /home/orangepi/wheel_robot/install/wheel_robot/lib/libwheel_robot__rosidl_typesupport_fastrtps_cpp.so
-- Up-to-date: /home/orangepi/wheel_robot/install/wheel_robot/include/wheel_robot/wheel_robot
-- Up-to-date: /home/orangepi/wheel_robot/install/wheel_robot/include/wheel_robot/wheel_robot/msg
-- Up-to-date: /home/orangepi/wheel_robot/install/wheel_robot/include/wheel_robot/wheel_robot/msg/rosidl_typesupport_introspection_c__visibility_control.h
-- Up-to-date: /home/orangepi/wheel_robot/install/wheel_robot/include/wheel_robot/wheel_robot/msg/detail
-- Up-to-date: /home/orangepi/wheel_robot/install/wheel_robot/include/wheel_robot/wheel_robot/msg/detail/step_approach_status__type_support.c
-- Up-to-date: /home/orangepi/wheel_robot/install/wheel_robot/include/wheel_robot/wheel_robot/msg/detail/obstacle_status__rosidl_typesupport_introspection_c.h
-- Up-to-date: /home/orangepi/wheel_robot/install/wheel_robot/include/wheel_robot/wheel_robot/msg/detail/obstacle_status__type_support.c
-- Up-to-date: /home/orangepi/wheel_robot/install/wheel_robot/include/wheel_robot/wheel_robot/msg/detail/step_detection__type_support.c
-- Up-to-date: /home/orangepi/wheel_robot/install/wheel_robot/include/wheel_robot/wheel_robot/msg/detail/step_detection__rosidl_typesupport_introspection_c.h
-- Up-to-date: /home/orangepi/wheel_robot/install/wheel_robot/include/wheel_robot/wheel_robot/msg/detail/step_approach_status__rosidl_typesupport_introspection_c.h
-- Up-to-date: /home/orangepi/wheel_robot/install/wheel_robot/lib/libwheel_robot__rosidl_typesupport_introspection_c.so
-- Up-to-date: /home/orangepi/wheel_robot/install/wheel_robot/lib/libwheel_robot__rosidl_typesupport_c.so
-- Up-to-date: /home/orangepi/wheel_robot/install/wheel_robot/include/wheel_robot/wheel_robot
-- Up-to-date: /home/orangepi/wheel_robot/install/wheel_robot/include/wheel_robot/wheel_robot/msg
-- Up-to-date: /home/orangepi/wheel_robot/install/wheel_robot/include/wheel_robot/wheel_robot/msg/detail
-- Up-to-date: /home/orangepi/wheel_robot/install/wheel_robot/include/wheel_robot/wheel_robot/msg/detail/obstacle_status__type_support.cpp
-- Up-to-date: /home/orangepi/wheel_robot/install/wheel_robot/include/wheel_robot/wheel_robot/msg/detail/obstacle_status__rosidl_typesupport_introspection_cpp.hpp
-- Up-to-date: /home/orangepi/wheel_robot/install/wheel_robot/include/wheel_robot/wheel_robot/msg/detail/step_detection__type_support.cpp
-- Up-to-date: /home/orangepi/wheel_robot/install/wheel_robot/include/wheel_robot/wheel_robot/msg/detail/step_approach_status__rosidl_typesupport_introspection_cpp.hpp
-- Up-to-date: /home/orangepi/wheel_robot/install/wheel_robot/include/wheel_robot/wheel_robot/msg/detail/step_approach_status__type_support.cpp
-- Up-to-date: /home/orangepi/wheel_robot/install/wheel_robot/include/wheel_robot/wheel_robot/msg/detail/step_detection__rosidl_typesupport_introspection_cpp.hpp
-- Up-to-date: /home/orangepi/wheel_robot/install/wheel_robot/lib/libwheel_robot__rosidl_typesupport_introspection_cpp.so
-- Up-to-date: /home/orangepi/wheel_robot/install/wheel_robot/lib/libwheel_robot__rosidl_typesupport_cpp.so
-- Up-to-date: /home/orangepi/wheel_robot/install/wheel_robot/share/wheel_robot/environment/pythonpath.sh
-- Up-to-date: /home/orangepi/wheel_robot/install/wheel_robot/share/wheel_robot/environment/pythonpath.dsv
-- Up-to-date: /home/orangepi/wheel_robot/install/wheel_robot/local/lib/python3.10/dist-packages/wheel_robot-0.1.0-py3.10.egg-info
-- Installing: /home/orangepi/wheel_robot/install/wheel_robot/local/lib/python3.10/dist-packages/wheel_robot-0.1.0-py3.10.egg-info/top_level.txt
-- Installing: /home/orangepi/wheel_robot/install/wheel_robot/local/lib/python3.10/dist-packages/wheel_robot-0.1.0-py3.10.egg-info/SOURCES.txt
-- Installing: /home/orangepi/wheel_robot/install/wheel_robot/local/lib/python3.10/dist-packages/wheel_robot-0.1.0-py3.10.egg-info/dependency_links.txt
-- Installing: /home/orangepi/wheel_robot/install/wheel_robot/local/lib/python3.10/dist-packages/wheel_robot-0.1.0-py3.10.egg-info/PKG-INFO
-- Up-to-date: /home/orangepi/wheel_robot/install/wheel_robot/local/lib/python3.10/dist-packages/wheel_robot
-- Up-to-date: /home/orangepi/wheel_robot/install/wheel_robot/local/lib/python3.10/dist-packages/wheel_robot/_wheel_robot_s.ep.rosidl_typesupport_introspection_c.c
-- Up-to-date: /home/orangepi/wheel_robot/install/wheel_robot/local/lib/python3.10/dist-packages/wheel_robot/_wheel_robot_s.ep.rosidl_typesupport_fastrtps_c.c
-- Up-to-date: /home/orangepi/wheel_robot/install/wheel_robot/local/lib/python3.10/dist-packages/wheel_robot/__init__.py
-- Up-to-date: /home/orangepi/wheel_robot/install/wheel_robot/local/lib/python3.10/dist-packages/wheel_robot/wheel_robot_s__rosidl_typesupport_c.cpython-310-aarch64-linux-gnu.so
-- Up-to-date: /home/orangepi/wheel_robot/install/wheel_robot/local/lib/python3.10/dist-packages/wheel_robot/libwheel_robot__rosidl_generator_py.so
-- Up-to-date: /home/orangepi/wheel_robot/install/wheel_robot/local/lib/python3.10/dist-packages/wheel_robot/msg
-- Up-to-date: /home/orangepi/wheel_robot/install/wheel_robot/local/lib/python3.10/dist-packages/wheel_robot/msg/_obstacle_status_s.c
-- Up-to-date: /home/orangepi/wheel_robot/install/wheel_robot/local/lib/python3.10/dist-packages/wheel_robot/msg/__init__.py
-- Up-to-date: /home/orangepi/wheel_robot/install/wheel_robot/local/lib/python3.10/dist-packages/wheel_robot/msg/_step_approach_status_s.c
-- Up-to-date: /home/orangepi/wheel_robot/install/wheel_robot/local/lib/python3.10/dist-packages/wheel_robot/msg/_obstacle_status.py
-- Up-to-date: /home/orangepi/wheel_robot/install/wheel_robot/local/lib/python3.10/dist-packages/wheel_robot/msg/_step_detection_s.c
-- Up-to-date: /home/orangepi/wheel_robot/install/wheel_robot/local/lib/python3.10/dist-packages/wheel_robot/msg/_step_approach_status.py
-- Up-to-date: /home/orangepi/wheel_robot/install/wheel_robot/local/lib/python3.10/dist-packages/wheel_robot/msg/_step_detection.py
-- Up-to-date: /home/orangepi/wheel_robot/install/wheel_robot/local/lib/python3.10/dist-packages/wheel_robot/wheel_robot_s__rosidl_typesupport_introspection_c.cpython-310-aarch64-linux-gnu.so
-- Up-to-date: /home/orangepi/wheel_robot/install/wheel_robot/local/lib/python3.10/dist-packages/wheel_robot/_wheel_robot_s.ep.rosidl_typesupport_c.c
-- Up-to-date: /home/orangepi/wheel_robot/install/wheel_robot/local/lib/python3.10/dist-packages/wheel_robot/wheel_robot_s__rosidl_typesupport_fastrtps_c.cpython-310-aarch64-linux-gnu.so
Listing '/home/orangepi/wheel_robot/install/wheel_robot/local/lib/python3.10/dist-packages/wheel_robot'...
Listing '/home/orangepi/wheel_robot/install/wheel_robot/local/lib/python3.10/dist-packages/wheel_robot/msg'...
-- Up-to-date: /home/orangepi/wheel_robot/install/wheel_robot/local/lib/python3.10/dist-packages/wheel_robot/wheel_robot_s__rosidl_typesupport_fastrtps_c.cpython-310-aarch64-linux-gnu.so
-- Up-to-date: /home/orangepi/wheel_robot/install/wheel_robot/local/lib/python3.10/dist-packages/wheel_robot/wheel_robot_s__rosidl_typesupport_introspection_c.cpython-310-aarch64-linux-gnu.so
-- Up-to-date: /home/orangepi/wheel_robot/install/wheel_robot/local/lib/python3.10/dist-packages/wheel_robot/wheel_robot_s__rosidl_typesupport_c.cpython-310-aarch64-linux-gnu.so
-- Up-to-date: /home/orangepi/wheel_robot/install/wheel_robot/lib/libwheel_robot__rosidl_generator_py.so
-- Up-to-date: /home/orangepi/wheel_robot/install/wheel_robot/share/ament_index/resource_index/rust_packages/wheel_robot
-- Up-to-date: /home/orangepi/wheel_robot/install/wheel_robot/share/wheel_robot/rust
-- Up-to-date: /home/orangepi/wheel_robot/install/wheel_robot/share/wheel_robot/rust/Cargo.toml
-- Up-to-date: /home/orangepi/wheel_robot/install/wheel_robot/share/wheel_robot/rust/src
-- Up-to-date: /home/orangepi/wheel_robot/install/wheel_robot/share/wheel_robot/rust/src/msg.rs
-- Up-to-date: /home/orangepi/wheel_robot/install/wheel_robot/share/wheel_robot/rust/src/msg
-- Up-to-date: /home/orangepi/wheel_robot/install/wheel_robot/share/wheel_robot/rust/src/msg/rmw.rs
-- Up-to-date: /home/orangepi/wheel_robot/install/wheel_robot/share/wheel_robot/rust/src/lib.rs
-- Up-to-date: /home/orangepi/wheel_robot/install/wheel_robot/share/wheel_robot/rust/build.rs
-- Up-to-date: /home/orangepi/wheel_robot/install/wheel_robot/share/wheel_robot/msg/ObstacleStatus.idl
-- Up-to-date: /home/orangepi/wheel_robot/install/wheel_robot/share/wheel_robot/msg/StepApproachStatus.idl
-- Up-to-date: /home/orangepi/wheel_robot/install/wheel_robot/share/wheel_robot/msg/StepDetection.idl
-- Up-to-date: /home/orangepi/wheel_robot/install/wheel_robot/share/wheel_robot/msg/ObstacleStatus.msg
-- Up-to-date: /home/orangepi/wheel_robot/install/wheel_robot/share/wheel_robot/msg/StepApproachStatus.msg
-- Up-to-date: /home/orangepi/wheel_robot/install/wheel_robot/share/wheel_robot/msg/StepDetection.msg
-- Up-to-date: /home/orangepi/wheel_robot/install/wheel_robot/lib/wheel_robot/keyboard_teleop.py
-- Up-to-date: /home/orangepi/wheel_robot/install/wheel_robot/lib/wheel_robot/lessop16_opencv.py
-- Up-to-date: /home/orangepi/wheel_robot/install/wheel_robot/lib/wheel_robot/diagnostics_monitor.py
-- Up-to-date: /home/orangepi/wheel_robot/install/wheel_robot/lib/wheel_robot/leg_height_feedback.py
-- Up-to-date: /home/orangepi/wheel_robot/install/wheel_robot/lib/wheel_robot/step_detector_node.py
-- Up-to-date: /home/orangepi/wheel_robot/install/wheel_robot/lib/wheel_robot/step_preview.py
-- Up-to-date: /home/orangepi/wheel_robot/install/wheel_robot/lib/wheel_robot/step_approach_test.py
-- Up-to-date: /home/orangepi/wheel_robot/install/wheel_robot/lib/wheel_robot/camera_viewer.py
-- Up-to-date: /home/orangepi/wheel_robot/install/wheel_robot/lib/wheel_robot/camera_recorder.py
-- Up-to-date: /home/orangepi/wheel_robot/install/wheel_robot/lib/wheel_robot/depth_preview.py
-- Up-to-date: /home/orangepi/wheel_robot/install/wheel_robot/lib/wheel_robot/line_follower.py
-- Up-to-date: /home/orangepi/wheel_robot/install/wheel_robot/lib/wheel_robot/dual_line_follower.py
-- Up-to-date: /home/orangepi/wheel_robot/install/wheel_robot/lib/wheel_robot/icn.py
-- Up-to-date: /home/orangepi/wheel_robot/install/wheel_robot/lib/wheel_robot/shiwai.py
-- Up-to-date: /home/orangepi/wheel_robot/install/wheel_robot/lib/wheel_robot/lesson17_vision_follower.py
-- Up-to-date: /home/orangepi/wheel_robot/install/wheel_robot/lib/wheel_robot/lesson18_person_patrol.py
-- Up-to-date: /home/orangepi/wheel_robot/install/wheel_robot/lib/wheel_robot/models
-- Up-to-date: /home/orangepi/wheel_robot/install/wheel_robot/lib/wheel_robot/models/mobilenet_iter_73000.caffemodel
-- Up-to-date: /home/orangepi/wheel_robot/install/wheel_robot/lib/wheel_robot/models/deploy.prototxt
-- Up-to-date: /home/orangepi/wheel_robot/install/wheel_robot/lib/wheel_robot/astra_camera_node
-- Up-to-date: /home/orangepi/wheel_robot/install/wheel_robot/lib/wheel_robot/depth_distance_node
-- Up-to-date: /home/orangepi/wheel_robot/install/wheel_robot/lib/wheel_robot/libOrbbecSDK.so
-- Up-to-date: /home/orangepi/wheel_robot/install/wheel_robot/lib/wheel_robot/libOrbbecSDK.so.1.10
-- Up-to-date: /home/orangepi/wheel_robot/install/wheel_robot/lib/wheel_robot/libOrbbecSDK.so.1.10.37
-- Up-to-date: /home/orangepi/wheel_robot/install/wheel_robot/lib/wheel_robot/libdepthengine.so
-- Up-to-date: /home/orangepi/wheel_robot/install/wheel_robot/lib/wheel_robot/libdepthengine.so.2.0
-- Up-to-date: /home/orangepi/wheel_robot/install/wheel_robot/lib/wheel_robot/liblive555.so
-- Up-to-date: /home/orangepi/wheel_robot/install/wheel_robot/lib/wheel_robot/libob_usb.so
-- Up-to-date: /home/orangepi/wheel_robot/install/wheel_robot/share/wheel_robot/launch
-- Up-to-date: /home/orangepi/wheel_robot/install/wheel_robot/share/wheel_robot/launch/camera_view.launch.py
-- Up-to-date: /home/orangepi/wheel_robot/install/wheel_robot/share/wheel_robot/launch/shiwai.launch.py
-- Up-to-date: /home/orangepi/wheel_robot/install/wheel_robot/share/wheel_robot/launch/step_approach_test.launch.py
-- Up-to-date: /home/orangepi/wheel_robot/install/wheel_robot/share/wheel_robot/launch/__pycache__
-- Up-to-date: /home/orangepi/wheel_robot/install/wheel_robot/share/wheel_robot/launch/__pycache__/icn.launch.cpython-310.pyc
-- Up-to-date: /home/orangepi/wheel_robot/install/wheel_robot/share/wheel_robot/launch/__pycache__/calibrate_color.launch.cpython-310.pyc
-- Up-to-date: /home/orangepi/wheel_robot/install/wheel_robot/share/wheel_robot/launch/__pycache__/step_jump.launch.cpython-310.pyc
-- Up-to-date: /home/orangepi/wheel_robot/install/wheel_robot/share/wheel_robot/launch/__pycache__/dual_line_follow.launch.cpython-310.pyc
-- Up-to-date: /home/orangepi/wheel_robot/install/wheel_robot/share/wheel_robot/launch/__pycache__/lesson18_person_patrol.launch.cpython-310.pyc
-- Up-to-date: /home/orangepi/wheel_robot/install/wheel_robot/share/wheel_robot/launch/__pycache__/lesson17_vision_follower.launch.cpython-310.pyc
-- Up-to-date: /home/orangepi/wheel_robot/install/wheel_robot/share/wheel_robot/launch/__pycache__/step_approach_test.launch.cpython-310.pyc
-- Up-to-date: /home/orangepi/wheel_robot/install/wheel_robot/share/wheel_robot/launch/__pycache__/astra_camera.launch.cpython-310.pyc
-- Up-to-date: /home/orangepi/wheel_robot/install/wheel_robot/share/wheel_robot/launch/__pycache__/base.launch.cpython-310.pyc
-- Up-to-date: /home/orangepi/wheel_robot/install/wheel_robot/share/wheel_robot/launch/__pycache__/small_jump_test.launch.cpython-310.pyc
-- Up-to-date: /home/orangepi/wheel_robot/install/wheel_robot/share/wheel_robot/launch/__pycache__/pid_tuning.launch.cpython-310.pyc
-- Up-to-date: /home/orangepi/wheel_robot/install/wheel_robot/share/wheel_robot/launch/__pycache__/jump_height_test.launch.cpython-310.pyc
-- Up-to-date: /home/orangepi/wheel_robot/install/wheel_robot/share/wheel_robot/launch/__pycache__/camera_view.launch.cpython-310.pyc
-- Up-to-date: /home/orangepi/wheel_robot/install/wheel_robot/share/wheel_robot/launch/icn.launch.py
-- Up-to-date: /home/orangepi/wheel_robot/install/wheel_robot/share/wheel_robot/launch/base.launch.py
-- Up-to-date: /home/orangepi/wheel_robot/install/wheel_robot/share/wheel_robot/launch/lesson17_vision_follower.launch.py
-- Up-to-date: /home/orangepi/wheel_robot/install/wheel_robot/share/wheel_robot/launch/race_step_support.launch.py
-- Up-to-date: /home/orangepi/wheel_robot/install/wheel_robot/share/wheel_robot/launch/calibrate_color.launch.py
-- Up-to-date: /home/orangepi/wheel_robot/install/wheel_robot/share/wheel_robot/launch/.gitkeep
-- Up-to-date: /home/orangepi/wheel_robot/install/wheel_robot/share/wheel_robot/launch/astra_camera.launch.py
-- Up-to-date: /home/orangepi/wheel_robot/install/wheel_robot/share/wheel_robot/launch/line_follow.launch.py
-- Up-to-date: /home/orangepi/wheel_robot/install/wheel_robot/share/wheel_robot/launch/lesson18_person_patrol.launch.py
-- Up-to-date: /home/orangepi/wheel_robot/install/wheel_robot/share/wheel_robot/launch/dual_line_follow.launch.py
-- Up-to-date: /home/orangepi/wheel_robot/install/wheel_robot/share/wheel_robot/config
-- Up-to-date: /home/orangepi/wheel_robot/install/wheel_robot/share/wheel_robot/config/99-astra-pro.rules
-- Up-to-date: /home/orangepi/wheel_robot/install/wheel_robot/share/wheel_robot/config/step_approach_test.yaml
-- Up-to-date: /home/orangepi/wheel_robot/install/wheel_robot/share/wheel_robot/config/dual_line_follower.yaml
-- Up-to-date: /home/orangepi/wheel_robot/install/wheel_robot/share/wheel_robot/config/calibration
-- Up-to-date: /home/orangepi/wheel_robot/install/wheel_robot/share/wheel_robot/config/calibration/astra_pro_color.yaml
-- Up-to-date: /home/orangepi/wheel_robot/install/wheel_robot/share/wheel_robot/config/calibration/backup
-- Up-to-date: /home/orangepi/wheel_robot/install/wheel_robot/share/wheel_robot/config/calibration/backup/astra_pro_color_2026-08-17.tar.gz
-- Up-to-date: /home/orangepi/wheel_robot/install/wheel_robot/share/wheel_robot/config/camera_viewer.yaml
-- Up-to-date: /home/orangepi/wheel_robot/install/wheel_robot/share/wheel_robot/config/shiwai.yaml
-- Up-to-date: /home/orangepi/wheel_robot/install/wheel_robot/share/wheel_robot/config/astra_camera.yaml
-- Up-to-date: /home/orangepi/wheel_robot/install/wheel_robot/share/wheel_robot/config/line_follower.yaml
-- Up-to-date: /home/orangepi/wheel_robot/install/wheel_robot/share/wheel_robot/config/step_jump.yaml
-- Up-to-date: /home/orangepi/wheel_robot/install/wheel_robot/share/wheel_robot/config/.gitkeep
-- Up-to-date: /home/orangepi/wheel_robot/install/wheel_robot/share/wheel_robot/config/icn.yaml
-- Up-to-date: /home/orangepi/wheel_robot/install/wheel_robot/share/wheel_robot/config/lesson17_vision_follower.yaml
-- Up-to-date: /home/orangepi/wheel_robot/install/wheel_robot/share/wheel_robot/config/lesson18_person_patrol.yaml
-- Up-to-date: /home/orangepi/wheel_robot/install/wheel_robot/share/ament_index/resource_index/package_run_dependencies/wheel_robot
-- Up-to-date: /home/orangepi/wheel_robot/install/wheel_robot/share/ament_index/resource_index/parent_prefix_path/wheel_robot
-- Up-to-date: /home/orangepi/wheel_robot/install/wheel_robot/share/wheel_robot/environment/ament_prefix_path.sh
-- Up-to-date: /home/orangepi/wheel_robot/install/wheel_robot/share/wheel_robot/environment/ament_prefix_path.dsv
-- Up-to-date: /home/orangepi/wheel_robot/install/wheel_robot/share/wheel_robot/environment/path.sh
-- Up-to-date: /home/orangepi/wheel_robot/install/wheel_robot/share/wheel_robot/environment/path.dsv
-- Up-to-date: /home/orangepi/wheel_robot/install/wheel_robot/share/wheel_robot/local_setup.bash
-- Up-to-date: /home/orangepi/wheel_robot/install/wheel_robot/share/wheel_robot/local_setup.sh
-- Up-to-date: /home/orangepi/wheel_robot/install/wheel_robot/share/wheel_robot/local_setup.zsh
-- Up-to-date: /home/orangepi/wheel_robot/install/wheel_robot/share/wheel_robot/local_setup.dsv
-- Installing: /home/orangepi/wheel_robot/install/wheel_robot/share/wheel_robot/package.dsv
-- Up-to-date: /home/orangepi/wheel_robot/install/wheel_robot/share/ament_index/resource_index/packages/wheel_robot
-- Up-to-date: /home/orangepi/wheel_robot/install/wheel_robot/share/wheel_robot/cmake/export_wheel_robot__rosidl_generator_cExport.cmake
-- Up-to-date: /home/orangepi/wheel_robot/install/wheel_robot/share/wheel_robot/cmake/export_wheel_robot__rosidl_generator_cExport-noconfig.cmake
-- Up-to-date: /home/orangepi/wheel_robot/install/wheel_robot/share/wheel_robot/cmake/export_wheel_robot__rosidl_typesupport_fastrtps_cExport.cmake
-- Up-to-date: /home/orangepi/wheel_robot/install/wheel_robot/share/wheel_robot/cmake/export_wheel_robot__rosidl_typesupport_fastrtps_cExport-noconfig.cmake
-- Up-to-date: /home/orangepi/wheel_robot/install/wheel_robot/share/wheel_robot/cmake/export_wheel_robot__rosidl_generator_cppExport.cmake
-- Up-to-date: /home/orangepi/wheel_robot/install/wheel_robot/share/wheel_robot/cmake/export_wheel_robot__rosidl_typesupport_fastrtps_cppExport.cmake
-- Up-to-date: /home/orangepi/wheel_robot/install/wheel_robot/share/wheel_robot/cmake/export_wheel_robot__rosidl_typesupport_fastrtps_cppExport-noconfig.cmake
-- Up-to-date: /home/orangepi/wheel_robot/install/wheel_robot/share/wheel_robot/cmake/wheel_robot__rosidl_typesupport_introspection_cExport.cmake
-- Up-to-date: /home/orangepi/wheel_robot/install/wheel_robot/share/wheel_robot/cmake/wheel_robot__rosidl_typesupport_introspection_cExport-noconfig.cmake
-- Up-to-date: /home/orangepi/wheel_robot/install/wheel_robot/share/wheel_robot/cmake/wheel_robot__rosidl_typesupport_cExport.cmake
-- Up-to-date: /home/orangepi/wheel_robot/install/wheel_robot/share/wheel_robot/cmake/wheel_robot__rosidl_typesupport_cExport-noconfig.cmake
-- Up-to-date: /home/orangepi/wheel_robot/install/wheel_robot/share/wheel_robot/cmake/wheel_robot__rosidl_typesupport_introspection_cppExport.cmake
-- Up-to-date: /home/orangepi/wheel_robot/install/wheel_robot/share/wheel_robot/cmake/wheel_robot__rosidl_typesupport_introspection_cppExport-noconfig.cmake
-- Up-to-date: /home/orangepi/wheel_robot/install/wheel_robot/share/wheel_robot/cmake/wheel_robot__rosidl_typesupport_cppExport.cmake
-- Up-to-date: /home/orangepi/wheel_robot/install/wheel_robot/share/wheel_robot/cmake/wheel_robot__rosidl_typesupport_cppExport-noconfig.cmake
-- Up-to-date: /home/orangepi/wheel_robot/install/wheel_robot/share/wheel_robot/cmake/export_wheel_robot__rosidl_generator_pyExport.cmake
-- Up-to-date: /home/orangepi/wheel_robot/install/wheel_robot/share/wheel_robot/cmake/export_wheel_robot__rosidl_generator_pyExport-noconfig.cmake
-- Up-to-date: /home/orangepi/wheel_robot/install/wheel_robot/share/wheel_robot/cmake/rosidl_cmake-extras.cmake
-- Up-to-date: /home/orangepi/wheel_robot/install/wheel_robot/share/wheel_robot/cmake/ament_cmake_export_dependencies-extras.cmake
-- Up-to-date: /home/orangepi/wheel_robot/install/wheel_robot/share/wheel_robot/cmake/ament_cmake_export_include_directories-extras.cmake
-- Up-to-date: /home/orangepi/wheel_robot/install/wheel_robot/share/wheel_robot/cmake/ament_cmake_export_libraries-extras.cmake
-- Up-to-date: /home/orangepi/wheel_robot/install/wheel_robot/share/wheel_robot/cmake/ament_cmake_export_targets-extras.cmake
-- Up-to-date: /home/orangepi/wheel_robot/install/wheel_robot/share/wheel_robot/cmake/rosidl_cmake_export_typesupport_targets-extras.cmake
-- Up-to-date: /home/orangepi/wheel_robot/install/wheel_robot/share/wheel_robot/cmake/rosidl_cmake_export_typesupport_libraries-extras.cmake
-- Up-to-date: /home/orangepi/wheel_robot/install/wheel_robot/share/wheel_robot/cmake/rosidl_cmake_aggregate_target-extras.cmake
-- Up-to-date: /home/orangepi/wheel_robot/install/wheel_robot/share/wheel_robot/cmake/wheel_robotConfig.cmake
-- Up-to-date: /home/orangepi/wheel_robot/install/wheel_robot/share/wheel_robot/cmake/wheel_robotConfig-version.cmake
-- Up-to-date: /home/orangepi/wheel_robot/install/wheel_robot/share/wheel_robot/package.xml
